
[1m[46m RUN [49m[22m [36mv4.1.2 [39m[90mC:/Users/lastm/No Fate Platform/AXIS Toolbox[39m

{"timestamp":"2026-04-09T16:04:41.391Z","level":"info","msg":"server_start","port":44485,"service":"axis-api"}
{"timestamp":"2026-04-09T16:04:41.492Z","level":"info","msg":"server_start","port":44475,"service":"axis-api"}
 [32mΓ£ô[39m packages/generator-core/src/generate-validation.test.ts [2m([22m[2m12 tests[22m[2m)[22m[33m 2104[2mms[22m[39m
     [33m[2mΓ£ô[22m[39m skips generator that returns non-object (null) [33m 1838[2mms[22m[39m
{"timestamp":"2026-04-09T16:04:41.842Z","level":"warn","msg":"request","request_id":"50486a9b-6716-4001-8fb4-bb0ec577ca51","method":"GET","path":"/slow","status":408,"duration_ms":215}
node.exe : {"timestamp":"2026-04-09T16:04:41.850Z","level":"erro
r","msg":"route_handler_error","request_id":"bc1f97a9-ee33-4aa5-
909f-24cf32b088fe","path":"/throw-string","error":"string 
error"}
At line:1 char:1
+ & "C:\Program Files\nodejs/node.exe" 
"C:\Users\lastm\AppData\Roaming\ ...
+ ~~~~~~~~~~~~~~~~~~~~~~~~~~~~~~~~~~~~~~~~~~~~~~~~~~~~~~~~~~~~~~
~~~~~~~
    + CategoryInfo          : NotSpecified: ({"timestamp":"2... 
   "string error"}:String) [], RemoteException
    + FullyQualifiedErrorId : NativeCommandError
 
{"timestamp":"2026-04-09T16:04:41.851Z","level":"error","msg":"r
equest","request_id":"bc1f97a9-ee33-4aa5-909f-24cf32b088fe","met
hod":"GET","path":"/throw-string","status":500,"duration_ms":1}
{"timestamp":"2026-04-09T16:04:41.855Z","level":"info","msg":"request","request_id":"53459922-f571-471d-b155-02cd2bc94695","method":"GET","path":"/throw-after-end","status":200,"duration_ms":1}
{"timestamp":"2026-04-09T16:04:41.855Z","level":"error","msg":"r
oute_handler_error","request_id":"53459922-f571-471d-b155-02cd2b
c94695","path":"/throw-after-end","error":"After response sent"}
{"timestamp":"2026-04-09T16:04:41.859Z","level":"warn","msg":"request","request_id":"8f746e50-3c66-4125-a177-2125998986ff","method":"GET","path":"/null-error","status":400,"duration_ms":0}
{"timestamp":"2026-04-09T16:04:41.862Z","level":"warn","msg":"request","request_id":"5e1326a4-fcb9-4113-872b-0a7536d1752b","method":"GET","path":"/array-error","status":400,"duration_ms":1}
{"timestamp":"2026-04-09T16:04:41.866Z","level":"info","msg":"request","request_id":"e7413310-212c-4187-a5bf-26fe5748b13d","method":"GET","path":"/ok","status":200,"duration_ms":0}
{"timestamp":"2026-04-09T16:04:41.870Z","level":"warn","msg":"request","request_id":"d728b72d-6697-4174-860b-dd6878f4187f","method":"GET","path":"/nonexistent","status":404,"duration_ms":1}
{"timestamp":"2026-04-09T16:04:41.873Z","level":"error","msg":"r
oute_handler_error","request_id":"034f70db-7c60-4781-a5d2-521358
93eb79","path":"/throw-string","error":"string error"}
{"timestamp":"2026-04-09T16:04:41.874Z","level":"error","msg":"r
equest","request_id":"034f70db-7c60-4781-a5d2-52135893eb79","met
hod":"GET","path":"/throw-string","status":500,"duration_ms":1}
{"timestamp":"2026-04-09T16:04:41.896Z","level":"info","msg":"server_start","port":44505,"service":"axis-api"}
{"timestamp":"2026-04-09T16:04:42.077Z","level":"warn","msg":"request","request_id":"f9743d6a-2b7e-40e5-a738-30fb3e570144","method":"GET","path":"/slow","status":408,"duration_ms":200}
{"timestamp":"2026-04-09T16:04:42.084Z","level":"error","msg":"r
equest","request_id":"8fd1231e-26c5-492f-b467-bee5c2ee7aa5","met
hod":"GET","path":"/manual-500","status":500,"duration_ms":1}
{"timestamp":"2026-04-09T16:04:42.086Z","level":"warn","msg":"request","request_id":"f4d59903-8e45-4005-9b06-d06043cfcf39","method":"GET","path":"/manual-422","status":422,"duration_ms":0}
{"timestamp":"2026-04-09T16:04:42.089Z","level":"info","msg":"request","request_id":"49ab83c9-3fbd-48dc-9214-0af93ad9c9f5","method":"GET","path":"/ok","status":200,"duration_ms":1}
{"timestamp":"2026-04-09T16:04:42.092Z","level":"info","msg":"server_start","port":44486,"service":"axis-api"}
{"timestamp":"2026-04-09T16:04:42.216Z","level":"info","msg":"request","request_id":"50190463-c58c-44d7-89c5-0dad8ee61a19","method":"GET","path":"/v1/health","status":200,"duration_ms":5}
{"timestamp":"2026-04-09T16:04:42.252Z","level":"info","msg":"shutdown_start","active_connections":0}
{"timestamp":"2026-04-09T16:04:42.254Z","level":"info","msg":"shutdown_wal_checkpoint","success":true,"busy":0,"wal_pages":-1,"checkpointed":-1}
{"timestamp":"2026-04-09T16:04:42.254Z","level":"info","msg":"shutdown_complete"}
{"timestamp":"2026-04-09T16:04:42.257Z","level":"info","msg":"server_start","port":44487,"service":"axis-api"}
{"timestamp":"2026-04-09T16:04:42.257Z","level":"error","msg":"r
oute_handler_error","request_id":"50486a9b-6716-4001-8fb4-bb0ec5
77ca51","path":"/slow","error":"Cannot write headers after they 
are sent to the client"}
{"timestamp":"2026-04-09T16:04:42.382Z","level":"info","msg":"request","request_id":"fbe6481c-195e-4f15-a45d-b5de3fbfd56c","method":"GET","path":"/up","status":200,"duration_ms":1}
{"timestamp":"2026-04-09T16:04:42.383Z","level":"info","msg":"shutdown_start","active_connections":1}
{"timestamp":"2026-04-09T16:04:42.390Z","level":"info","msg":"server_start","port":44505,"service":"axis-api"}
{"timestamp":"2026-04-09T16:04:42.518Z","level":"error","msg":"r
oute_handler_error","request_id":"f9743d6a-2b7e-40e5-a738-30fb3e
570144","path":"/slow","error":"Cannot write headers after they 
are sent to the client"}
{"timestamp":"2026-04-09T16:04:42.518Z","level":"info","msg":"shutdown_wal_checkpoint","success":false,"error":"no_database"}
{"timestamp":"2026-04-09T16:04:42.518Z","level":"info","msg":"shutdown_complete"}
 [32mΓ£ô[39m apps/api/src/router-branches.test.ts [2m([22m[2m19 tests[22m[2m)[22m[33m 1170[2mms[22m[39m
 [32mΓ£ô[39m packages/generator-core/src/generator-branches.test.ts [2m([22m[2m351 tests[22m[2m)[22m[33m 843[2mms[22m[39m
       [33m[2mΓ£ô[22m[39m optimization-rules warns for large projects (>50K LOC) [33m 340[2mms[22m[39m
{"timestamp":"2026-04-09T16:04:42.606Z","level":"info","msg":"request","request_id":"5a27de2e-0876-4010-bc54-a9409e0627ba","method":"GET","path":"/v1/health","status":200,"duration_ms":1}
{"timestamp":"2026-04-09T16:04:42.748Z","level":"info","msg":"server_start","port":44505,"service":"axis-api"}
{"timestamp":"2026-04-09T16:04:42.804Z","level":"info","msg":"server_start","port":44401,"service":"axis-api"}
{"timestamp":"2026-04-09T16:04:42.942Z","level":"info","msg":"request","request_id":"ac7a4214-ef9d-4451-8a47-d4b6a78f63a6","method":"GET","path":"/v1/health","status":200,"duration_ms":5}
{"timestamp":"2026-04-09T16:04:42.954Z","level":"info","msg":"request","request_id":"438c0fd6-8200-4154-ba9f-a71971ff032f","method":"GET","path":"/v1/health","status":200,"duration_ms":0}
{"timestamp":"2026-04-09T16:04:42.958Z","level":"info","msg":"request","request_id":"294abf3a-87c9-4c27-b4a1-bc841c5ff16d","method":"GET","path":"/v1/health","status":200,"duration_ms":1}
{"timestamp":"2026-04-09T16:04:42.963Z","level":"info","msg":"request","request_id":"17e073ee-fdbe-473f-acb5-a07bc359064d","method":"GET","path":"/v1/health","status":200,"duration_ms":1}
{"timestamp":"2026-04-09T16:04:42.964Z","level":"info","msg":"request","request_id":"ac8d00a2-79ae-4055-9609-5b96f380ba59","method":"GET","path":"/v1/health","status":200,"duration_ms":1}
{"timestamp":"2026-04-09T16:04:42.969Z","level":"info","msg":"request","request_id":"81260499-cdf7-4ddd-8845-bcac15c6c445","method":"GET","path":"/v1/health","status":200,"duration_ms":1}
{"timestamp":"2026-04-09T16:04:42.973Z","level":"info","msg":"request","request_id":"90880c10-2496-49be-a380-8a853325b65a","method":"GET","path":"/v1/health","status":200,"duration_ms":0}
{"timestamp":"2026-04-09T16:04:42.976Z","level":"info","msg":"request","request_id":"9c2012d5-7ea6-4e59-9d70-d2a6ef4591a8","method":"GET","path":"/v1/health","status":200,"duration_ms":1}
{"timestamp":"2026-04-09T16:04:42.980Z","level":"warn","msg":"request","request_id":"6c87bf5c-41f3-4ece-893a-165609105f5f","method":"GET","path":"/v1/nonexistent","status":404,"duration_ms":1}
{"timestamp":"2026-04-09T16:04:42.989Z","level":"info","msg":"request","request_id":"80e73c12-1eb2-4279-8394-61ff17602dd3","method":"GET","path":"/v1/health","status":200,"duration_ms":1}
{"timestamp":"2026-04-09T16:04:42.996Z","level":"info","msg":"request","request_id":"69b2d585-e657-41bb-ad2c-68c9a2611fbc","method":"GET","path":"/v1/health","status":200,"duration_ms":0}
{"timestamp":"2026-04-09T16:04:42.998Z","level":"info","msg":"request","request_id":"e4cf64c3-a938-498e-b0d0-a8d0d9e6d751","method":"GET","path":"/v1/health","status":200,"duration_ms":0}
{"timestamp":"2026-04-09T16:04:43.000Z","level":"info","msg":"request","request_id":"2fe236c3-7dff-4302-978a-e5b59703df15","method":"GET","path":"/v1/health","status":200,"duration_ms":0}
{"timestamp":"2026-04-09T16:04:43.003Z","level":"info","msg":"request","request_id":"154b004f-79e0-4dc1-a80a-c68c13137646","method":"GET","path":"/v1/health","status":200,"duration_ms":0}
{"timestamp":"2026-04-09T16:04:43.004Z","level":"info","msg":"request","request_id":"a2b08773-4c3c-4c21-8d06-2a6f09cecc27","method":"GET","path":"/v1/health","status":200,"duration_ms":1}
{"timestamp":"2026-04-09T16:04:43.005Z","level":"info","msg":"request","request_id":"8ddc007d-366a-4063-9a08-3fd5780e52a6","method":"GET","path":"/v1/health","status":200,"duration_ms":0}
{"timestamp":"2026-04-09T16:04:43.006Z","level":"info","msg":"request","request_id":"2f4feafe-5fa5-4158-b4a9-0bae47b75751","method":"GET","path":"/v1/health","status":200,"duration_ms":0}
{"timestamp":"2026-04-09T16:04:43.008Z","level":"info","msg":"request","request_id":"f51dbd50-60c4-487d-affc-68c9cbc11065","method":"GET","path":"/v1/health","status":200,"duration_ms":1}
{"timestamp":"2026-04-09T16:04:43.010Z","level":"info","msg":"request","request_id":"58c2f956-9536-4065-803e-09f963b5b83e","method":"GET","path":"/v1/health","status":200,"duration_ms":0}
{"timestamp":"2026-04-09T16:04:43.011Z","level":"info","msg":"request","request_id":"cbba3427-8242-4ba6-8c57-5ce61ad0c591","method":"GET","path":"/v1/health","status":200,"duration_ms":0}
{"timestamp":"2026-04-09T16:04:43.013Z","level":"info","msg":"request","request_id":"aae38c4c-3280-462c-9854-f53d6e20abc0","method":"GET","path":"/v1/health","status":200,"duration_ms":1}
{"timestamp":"2026-04-09T16:04:43.014Z","level":"info","msg":"request","request_id":"ca4dc5a5-044c-4514-b181-cc78ac9300ea","method":"GET","path":"/v1/health","status":200,"duration_ms":0}
{"timestamp":"2026-04-09T16:04:43.015Z","level":"info","msg":"request","request_id":"96200a2b-96af-43ea-883e-23ef287c2a2a","method":"GET","path":"/v1/health","status":200,"duration_ms":0}
{"timestamp":"2026-04-09T16:04:43.017Z","level":"info","msg":"request","request_id":"8715c01c-4ebb-4f97-a64e-5792c169dcce","method":"GET","path":"/v1/health","status":200,"duration_ms":1}
{"timestamp":"2026-04-09T16:04:43.018Z","level":"info","msg":"request","request_id":"eb8aba6b-94f0-4f65-ab91-6651778c46a9","method":"GET","path":"/v1/health","status":200,"duration_ms":0}
{"timestamp":"2026-04-09T16:04:43.020Z","level":"info","msg":"request","request_id":"9bd1a686-4c83-47cc-9655-8b38f5762e5b","method":"GET","path":"/v1/health","status":200,"duration_ms":0}
{"timestamp":"2026-04-09T16:04:43.021Z","level":"info","msg":"request","request_id":"5c8949b7-eb21-4da1-ac85-e8f54ec68ea7","method":"GET","path":"/v1/health","status":200,"duration_ms":0}
{"timestamp":"2026-04-09T16:04:43.023Z","level":"info","msg":"request","request_id":"1b7072fa-1632-4aed-8624-a831a0d212f9","method":"GET","path":"/v1/health","status":200,"duration_ms":1}
{"timestamp":"2026-04-09T16:04:43.024Z","level":"info","msg":"request","request_id":"a0edd503-37ef-4270-ad22-c82391edf154","method":"GET","path":"/v1/health","status":200,"duration_ms":0}
{"timestamp":"2026-04-09T16:04:43.026Z","level":"info","msg":"request","request_id":"ffca0002-909e-4e26-b031-eff3e3b7cbbf","method":"GET","path":"/v1/health","status":200,"duration_ms":0}
{"timestamp":"2026-04-09T16:04:43.028Z","level":"info","msg":"request","request_id":"346d0d73-3139-40d6-b34a-2ac00b2c336e","method":"GET","path":"/v1/health","status":200,"duration_ms":1}
{"timestamp":"2026-04-09T16:04:43.029Z","level":"info","msg":"request","request_id":"62323aea-9e26-461d-b13b-26486d0d8813","method":"GET","path":"/v1/health","status":200,"duration_ms":0}
{"timestamp":"2026-04-09T16:04:43.031Z","level":"info","msg":"request","request_id":"232a9941-c459-4d51-bad7-0b286046bd18","method":"GET","path":"/v1/health","status":200,"duration_ms":0}
{"timestamp":"2026-04-09T16:04:43.033Z","level":"info","msg":"request","request_id":"71561cce-6f09-4ba5-9438-dbdb17ef9472","method":"GET","path":"/v1/health","status":200,"duration_ms":1}
{"timestamp":"2026-04-09T16:04:43.034Z","level":"info","msg":"request","request_id":"95463c43-4daf-4231-b253-73d486ac1a46","method":"GET","path":"/v1/health","status":200,"duration_ms":0}
{"timestamp":"2026-04-09T16:04:43.036Z","level":"info","msg":"request","request_id":"663acb0f-24fe-44f3-8b0c-43ed287ed464","method":"GET","path":"/v1/health","status":200,"duration_ms":1}
{"timestamp":"2026-04-09T16:04:43.037Z","level":"info","msg":"request","request_id":"9eda3848-e0bc-491b-aed0-840799b35999","method":"GET","path":"/v1/health","status":200,"duration_ms":0}
{"timestamp":"2026-04-09T16:04:43.039Z","level":"info","msg":"request","request_id":"e5852178-c24e-46e3-967e-b97600a71256","method":"GET","path":"/v1/health","status":200,"duration_ms":1}
{"timestamp":"2026-04-09T16:04:43.041Z","level":"info","msg":"request","request_id":"7d32893c-c6c0-4914-99ea-40ee10def431","method":"GET","path":"/v1/health","status":200,"duration_ms":1}
{"timestamp":"2026-04-09T16:04:43.043Z","level":"info","msg":"request","request_id":"a86bd06e-f783-41b5-8ad2-b56df177bbe2","method":"GET","path":"/v1/health","status":200,"duration_ms":1}
{"timestamp":"2026-04-09T16:04:43.045Z","level":"info","msg":"request","request_id":"6dd6805c-1c3b-4c96-b8d7-fa8a5851ac6c","method":"GET","path":"/v1/health","status":200,"duration_ms":1}
{"timestamp":"2026-04-09T16:04:43.047Z","level":"info","msg":"request","request_id":"f46c73d9-a884-45dd-b307-bb2a24bf9779","method":"GET","path":"/v1/health","status":200,"duration_ms":1}
{"timestamp":"2026-04-09T16:04:43.049Z","level":"info","msg":"request","request_id":"b583b844-4539-49e5-ad99-c15d0c10f8ad","method":"GET","path":"/v1/health","status":200,"duration_ms":1}
{"timestamp":"2026-04-09T16:04:43.051Z","level":"info","msg":"request","request_id":"fb64dff8-4adc-482a-9527-458c70f6f26a","method":"GET","path":"/v1/health","status":200,"duration_ms":1}
{"timestamp":"2026-04-09T16:04:43.052Z","level":"info","msg":"request","request_id":"6530817c-3399-47ca-98c0-83526f0d421a","method":"GET","path":"/v1/health","status":200,"duration_ms":0}
{"timestamp":"2026-04-09T16:04:43.054Z","level":"info","msg":"request","request_id":"6462e9ad-3635-4993-b1f1-d904758419c0","method":"GET","path":"/v1/health","status":200,"duration_ms":0}
{"timestamp":"2026-04-09T16:04:43.057Z","level":"info","msg":"request","request_id":"24ff7311-6eb4-4a99-ad63-9b7a3ca0157c","method":"GET","path":"/v1/health","status":200,"duration_ms":1}
{"timestamp":"2026-04-09T16:04:43.064Z","level":"info","msg":"request","request_id":"a606026b-0fd3-4e65-8a63-a42bdbd34862","method":"GET","path":"/v1/health","status":200,"duration_ms":6}
{"timestamp":"2026-04-09T16:04:43.066Z","level":"info","msg":"request","request_id":"16454ddf-b305-44fe-808f-c1796e54ba7c","method":"GET","path":"/v1/health","status":200,"duration_ms":0}
{"timestamp":"2026-04-09T16:04:43.094Z","level":"info","msg":"request","request_id":"7b1079a4-8468-4925-b1a7-cc1a97929775","method":"GET","path":"/v1/health","status":200,"duration_ms":1}
{"timestamp":"2026-04-09T16:04:43.097Z","level":"info","msg":"request","request_id":"070724a4-a0b5-4aa5-8881-2b8b4386ee69","method":"GET","path":"/v1/health","status":200,"duration_ms":1}
{"timestamp":"2026-04-09T16:04:43.099Z","level":"info","msg":"request","request_id":"fb6d08ce-a7df-403e-9c4b-f7b41d48ebb2","method":"GET","path":"/v1/health","status":200,"duration_ms":0}
{"timestamp":"2026-04-09T16:04:43.102Z","level":"info","msg":"request","request_id":"d51400aa-40a8-44a7-88e5-bc41db3e3c5c","method":"GET","path":"/v1/health","status":200,"duration_ms":1}
{"timestamp":"2026-04-09T16:04:43.105Z","level":"info","msg":"request","request_id":"cc936e41-b14f-4c30-8dd9-7bd99552dfdf","method":"GET","path":"/v1/health","status":200,"duration_ms":1}
{"timestamp":"2026-04-09T16:04:43.110Z","level":"info","msg":"request","request_id":"2017e720-a99b-40e6-88a3-30013d0a3f18","method":"GET","path":"/v1/health","status":200,"duration_ms":1}
{"timestamp":"2026-04-09T16:04:43.112Z","level":"info","msg":"request","request_id":"e06731d2-3467-4935-abb0-f26da5213e94","method":"GET","path":"/v1/health","status":200,"duration_ms":0}
{"timestamp":"2026-04-09T16:04:43.130Z","level":"info","msg":"request","request_id":"a65d7f95-d4e1-44a4-9578-14ebaf2b8262","method":"GET","path":"/v1/health","status":200,"duration_ms":1}
{"timestamp":"2026-04-09T16:04:43.133Z","level":"info","msg":"request","request_id":"584d0b46-5c70-4992-a187-5a061795ef88","method":"GET","path":"/v1/health","status":200,"duration_ms":1}
{"timestamp":"2026-04-09T16:04:43.135Z","level":"info","msg":"request","request_id":"8fb878d4-9875-4669-858a-d5b30de61076","method":"GET","path":"/v1/health","status":200,"duration_ms":0}
{"timestamp":"2026-04-09T16:04:43.138Z","level":"info","msg":"request","request_id":"75394d79-4af7-4b79-a02d-1895e25ca4b9","method":"GET","path":"/v1/health","status":200,"duration_ms":1}
{"timestamp":"2026-04-09T16:04:43.140Z","level":"info","msg":"request","request_id":"58391c79-a0ca-4863-9107-aa7f954a9661","method":"GET","path":"/v1/health","status":200,"duration_ms":0}
{"timestamp":"2026-04-09T16:04:43.143Z","level":"info","msg":"request","request_id":"96510ece-d025-446f-b77b-a86a2b138260","method":"GET","path":"/v1/health","status":200,"duration_ms":0}
{"timestamp":"2026-04-09T16:04:43.146Z","level":"info","msg":"request","request_id":"72324448-c889-410c-b360-a6efd2c6b4b7","method":"GET","path":"/v1/health","status":200,"duration_ms":0}
{"timestamp":"2026-04-09T16:04:43.148Z","level":"info","msg":"request","request_id":"c051e050-790a-4b6c-9a7c-b9eb7cb8894e","method":"GET","path":"/v1/health","status":200,"duration_ms":0}
{"timestamp":"2026-04-09T16:04:43.149Z","level":"info","msg":"request","request_id":"00cd048e-1064-4ffb-9731-6a62512d0381","method":"GET","path":"/v1/health","status":200,"duration_ms":0}
{"timestamp":"2026-04-09T16:04:43.151Z","level":"info","msg":"request","request_id":"b783e3a7-c03f-47ba-b2fa-32557f62c512","method":"GET","path":"/v1/health","status":200,"duration_ms":0}
{"timestamp":"2026-04-09T16:04:43.152Z","level":"info","msg":"request","request_id":"791abfbd-14ef-4461-87ee-0b7ff8d291ee","method":"GET","path":"/v1/health","status":200,"duration_ms":0}
{"timestamp":"2026-04-09T16:04:43.154Z","level":"info","msg":"request","request_id":"ecbc423c-5c6e-47f5-903a-77cfc7045f86","method":"GET","path":"/v1/health","status":200,"duration_ms":1}
{"timestamp":"2026-04-09T16:04:43.155Z","level":"info","msg":"request","request_id":"399d74e7-b529-4c1c-a8b1-b5bb1a47097f","method":"GET","path":"/v1/health","status":200,"duration_ms":0}
{"timestamp":"2026-04-09T16:04:43.156Z","level":"info","msg":"request","request_id":"769b02cc-7ab3-447f-92a6-11d31110c851","method":"GET","path":"/v1/health","status":200,"duration_ms":0}
{"timestamp":"2026-04-09T16:04:43.158Z","level":"info","msg":"request","request_id":"228d200e-bee9-48fb-9120-d003c7685f50","method":"GET","path":"/v1/health","status":200,"duration_ms":1}
{"timestamp":"2026-04-09T16:04:43.159Z","level":"info","msg":"request","request_id":"6960053a-bd39-452d-b35b-74d3e3d47abf","method":"GET","path":"/v1/health","status":200,"duration_ms":0}
{"timestamp":"2026-04-09T16:04:43.161Z","level":"info","msg":"request","request_id":"81d0a66e-a7b5-45e9-9843-a98fbc11a072","method":"GET","path":"/v1/health","status":200,"duration_ms":1}
{"timestamp":"2026-04-09T16:04:43.162Z","level":"warn","msg":"rate_limited","request_id":"a8357f3e-ef5c-4bba-aff2-dc4cb1d88073","ip":"::ffff:127.0.0.1","count":61,"limit":60}
{"timestamp":"2026-04-09T16:04:43.166Z","level":"info","msg":"request","request_id":"89c1afff-4458-4d2a-bd87-f1b6d84e24b7","method":"GET","path":"/v1/health","status":200,"duration_ms":0}
{"timestamp":"2026-04-09T16:04:43.168Z","level":"info","msg":"request","request_id":"6e2c41e8-d498-4a1b-adda-0eb15351c844","method":"GET","path":"/v1/health","status":200,"duration_ms":1}
{"timestamp":"2026-04-09T16:04:43.169Z","level":"info","msg":"request","request_id":"b575654e-1fc8-4756-b256-f83418950251","method":"GET","path":"/v1/health","status":200,"duration_ms":0}
{"timestamp":"2026-04-09T16:04:43.170Z","level":"info","msg":"request","request_id":"ef4c094d-5a60-4799-89ab-c52f7ccbc74f","method":"GET","path":"/v1/health","status":200,"duration_ms":0}
{"timestamp":"2026-04-09T16:04:43.172Z","level":"info","msg":"request","request_id":"f6f1e6c9-07b4-47ba-a481-a1b7cc230227","method":"GET","path":"/v1/health","status":200,"duration_ms":1}
{"timestamp":"2026-04-09T16:04:43.173Z","level":"info","msg":"request","request_id":"45053330-3dd5-4c68-96ba-b9d80dde278c","method":"GET","path":"/v1/health","status":200,"duration_ms":0}
{"timestamp":"2026-04-09T16:04:43.175Z","level":"info","msg":"request","request_id":"22fd5397-5660-419d-b324-bbfc1337c863","method":"GET","path":"/v1/health","status":200,"duration_ms":0}
{"timestamp":"2026-04-09T16:04:43.176Z","level":"info","msg":"request","request_id":"b4d51a94-9b4f-4cb1-bdd0-5ed6ffcc25a8","method":"GET","path":"/v1/health","status":200,"duration_ms":1}
{"timestamp":"2026-04-09T16:04:43.177Z","level":"info","msg":"request","request_id":"21067d9a-9db7-474e-9db3-b39850f197f4","method":"GET","path":"/v1/health","status":200,"duration_ms":0}
{"timestamp":"2026-04-09T16:04:43.179Z","level":"info","msg":"request","request_id":"edec6a12-e3fb-421c-a582-0887729620b9","method":"GET","path":"/v1/health","status":200,"duration_ms":0}
{"timestamp":"2026-04-09T16:04:43.181Z","level":"info","msg":"request","request_id":"b1867bce-f48d-4544-ab95-6059fc4bc95d","method":"GET","path":"/v1/health","status":200,"duration_ms":1}
{"timestamp":"2026-04-09T16:04:43.182Z","level":"info","msg":"request","request_id":"9da64892-b9ae-4f42-82fe-251a95b85861","method":"GET","path":"/v1/health","status":200,"duration_ms":0}
{"timestamp":"2026-04-09T16:04:43.183Z","level":"info","msg":"request","request_id":"4f54f45b-6b93-4818-988c-5db462a4e611","method":"GET","path":"/v1/health","status":200,"duration_ms":0}
{"timestamp":"2026-04-09T16:04:43.185Z","level":"info","msg":"request","request_id":"45bc4a0c-d298-464c-a648-7bf5c0145be2","method":"GET","path":"/v1/health","status":200,"duration_ms":0}
{"timestamp":"2026-04-09T16:04:43.187Z","level":"info","msg":"request","request_id":"6ebebf19-ad31-4236-9c31-504e0d99266f","method":"GET","path":"/v1/health","status":200,"duration_ms":1}
{"timestamp":"2026-04-09T16:04:43.188Z","level":"info","msg":"request","request_id":"ae9b918a-54e2-4061-a7bc-390dd9387226","method":"GET","path":"/v1/health","status":200,"duration_ms":0}
{"timestamp":"2026-04-09T16:04:43.195Z","level":"info","msg":"request","request_id":"937c5afc-ff3b-41e3-b52a-d4a796444b5b","method":"GET","path":"/v1/health","status":200,"duration_ms":0}
{"timestamp":"2026-04-09T16:04:43.197Z","level":"info","msg":"request","request_id":"57d37800-9c91-4190-bbd4-c0750a1205a0","method":"GET","path":"/v1/health","status":200,"duration_ms":1}
{"timestamp":"2026-04-09T16:04:43.199Z","level":"info","msg":"request","request_id":"034f8dfc-230a-42aa-9ccd-f9eb230a14bf","method":"GET","path":"/v1/health","status":200,"duration_ms":0}
{"timestamp":"2026-04-09T16:04:43.201Z","level":"info","msg":"request","request_id":"38bc603e-da1f-42f5-a0ae-192255c4367d","method":"GET","path":"/v1/health","status":200,"duration_ms":0}
{"timestamp":"2026-04-09T16:04:43.202Z","level":"info","msg":"request","request_id":"2d849835-8d8d-4a15-8250-05452c0a758d","method":"GET","path":"/v1/health","status":200,"duration_ms":0}
{"timestamp":"2026-04-09T16:04:43.209Z","level":"info","msg":"request","request_id":"17ffe717-15da-43ce-9fa0-ca9bdf33b9ad","method":"GET","path":"/v1/health","status":200,"duration_ms":5}
{"timestamp":"2026-04-09T16:04:43.213Z","level":"info","msg":"request","request_id":"5a36df8a-1d07-47f8-8c03-d4c6b1d1a5c2","method":"GET","path":"/v1/health","status":200,"duration_ms":1}
{"timestamp":"2026-04-09T16:04:43.215Z","level":"info","msg":"request","request_id":"379395dc-00ea-40eb-af51-da29ca51d4cd","method":"GET","path":"/v1/health","status":200,"duration_ms":1}
{"timestamp":"2026-04-09T16:04:43.216Z","level":"info","msg":"request","request_id":"4663376b-2b29-462a-b4c0-0ff9b9d387d3","method":"GET","path":"/v1/health","status":200,"duration_ms":0}
{"timestamp":"2026-04-09T16:04:43.218Z","level":"info","msg":"request","request_id":"0797dc6a-face-4931-9f5c-ce9838a14391","method":"GET","path":"/v1/health","status":200,"duration_ms":0}
{"timestamp":"2026-04-09T16:04:43.220Z","level":"info","msg":"request","request_id":"6bfde32c-091d-476c-9e4f-0537948d444c","method":"GET","path":"/v1/health","status":200,"duration_ms":1}
{"timestamp":"2026-04-09T16:04:43.223Z","level":"info","msg":"request","request_id":"50f0bc2c-91a9-4ae5-aee4-193712075b10","method":"GET","path":"/v1/health","status":200,"duration_ms":0}
{"timestamp":"2026-04-09T16:04:43.226Z","level":"info","msg":"request","request_id":"c327ff54-69a5-4e35-8ef4-a0150a122562","method":"GET","path":"/v1/health","status":200,"duration_ms":1}
{"timestamp":"2026-04-09T16:04:43.228Z","level":"info","msg":"request","request_id":"b76f349e-6b9d-4070-b631-9b5cc36c30d2","method":"GET","path":"/v1/health","status":200,"duration_ms":1}
{"timestamp":"2026-04-09T16:04:43.231Z","level":"info","msg":"request","request_id":"57fcf4bb-8f4d-45a0-b756-47b176f1cd6b","method":"GET","path":"/v1/health","status":200,"duration_ms":1}
{"timestamp":"2026-04-09T16:04:43.234Z","level":"info","msg":"request","request_id":"9aae376d-c93f-4668-830f-f21bc0128489","method":"GET","path":"/v1/health","status":200,"duration_ms":1}
{"timestamp":"2026-04-09T16:04:43.235Z","level":"info","msg":"request","request_id":"e1cfdef7-7524-46e3-b828-54bb1c99efc5","method":"GET","path":"/v1/health","status":200,"duration_ms":0}
{"timestamp":"2026-04-09T16:04:43.237Z","level":"info","msg":"request","request_id":"75155442-46ca-41b6-98e3-db2dc42b7c54","method":"GET","path":"/v1/health","status":200,"duration_ms":0}
{"timestamp":"2026-04-09T16:04:43.239Z","level":"info","msg":"request","request_id":"01f8ed38-9870-403a-b5ac-c3048c408fbd","method":"GET","path":"/v1/health","status":200,"duration_ms":0}
{"timestamp":"2026-04-09T16:04:43.241Z","level":"info","msg":"request","request_id":"a5c2aaa7-06fe-4e3b-b1a0-b30868095290","method":"GET","path":"/v1/health","status":200,"duration_ms":1}
{"timestamp":"2026-04-09T16:04:43.242Z","level":"info","msg":"request","request_id":"c28b268d-e003-4744-aa09-46f8d470b1af","method":"GET","path":"/v1/health","status":200,"duration_ms":0}
{"timestamp":"2026-04-09T16:04:43.244Z","level":"info","msg":"request","request_id":"5e47c9e8-936a-416a-8353-2a77896abb88","method":"GET","path":"/v1/health","status":200,"duration_ms":0}
{"timestamp":"2026-04-09T16:04:43.246Z","level":"info","msg":"request","request_id":"14ad9a62-5645-4082-906f-27aeac4cfea5","method":"GET","path":"/v1/health","status":200,"duration_ms":1}
{"timestamp":"2026-04-09T16:04:43.248Z","level":"info","msg":"request","request_id":"d9fa48f4-90f0-40e6-ac28-cb62d313014a","method":"GET","path":"/v1/health","status":200,"duration_ms":0}
{"timestamp":"2026-04-09T16:04:43.255Z","level":"info","msg":"server_start","port":44505,"service":"axis-api"}
{"timestamp":"2026-04-09T16:04:43.331Z","level":"info","msg":"request","request_id":"f04e55a9-f4a7-4f53-a083-cfe2a8b0d483","method":"GET","path":"/v1/health","status":200,"duration_ms":1}
{"timestamp":"2026-04-09T16:04:43.332Z","level":"info","msg":"request","request_id":"e85c59b1-b309-4355-838e-e0ac792a55d5","method":"GET","path":"/v1/health","status":200,"duration_ms":0}
{"timestamp":"2026-04-09T16:04:43.334Z","level":"info","msg":"request","request_id":"6330f3b0-7164-4a18-98c3-d3863901155d","method":"GET","path":"/v1/health","status":200,"duration_ms":1}
{"timestamp":"2026-04-09T16:04:43.335Z","level":"info","msg":"request","request_id":"81c5466f-9c10-4b10-9044-18ce3da33660","method":"GET","path":"/v1/health","status":200,"duration_ms":0}
{"timestamp":"2026-04-09T16:04:43.337Z","level":"info","msg":"request","request_id":"ceb735c0-50a7-4bdd-b616-0433a3887de4","method":"GET","path":"/v1/health","status":200,"duration_ms":1}
{"timestamp":"2026-04-09T16:04:43.338Z","level":"info","msg":"request","request_id":"bfc99db7-81d1-4949-8ee0-0ee2219da436","method":"GET","path":"/v1/health","status":200,"duration_ms":0}
{"timestamp":"2026-04-09T16:04:43.340Z","level":"info","msg":"request","request_id":"5920bb5d-c4ae-4bc3-b5ca-ca4d1994bf73","method":"GET","path":"/v1/health","status":200,"duration_ms":0}
{"timestamp":"2026-04-09T16:04:43.342Z","level":"info","msg":"request","request_id":"6015333e-3093-45d6-9ebe-394c284014d4","method":"GET","path":"/v1/health","status":200,"duration_ms":0}
{"timestamp":"2026-04-09T16:04:43.343Z","level":"info","msg":"request","request_id":"4e1c8221-5dff-4eb2-ac06-b7ac591472cc","method":"GET","path":"/v1/health","status":200,"duration_ms":0}
{"timestamp":"2026-04-09T16:04:43.345Z","level":"info","msg":"request","request_id":"ce969546-2ec2-4cb2-8641-f4668ce44361","method":"GET","path":"/v1/health","status":200,"duration_ms":0}
{"timestamp":"2026-04-09T16:04:43.354Z","level":"info","msg":"request","request_id":"b07bb9f5-13e9-4712-9e72-69d1f6a67092","method":"GET","path":"/v1/health","status":200,"duration_ms":1}
{"timestamp":"2026-04-09T16:04:43.356Z","level":"info","msg":"request","request_id":"63c80c50-da22-4765-911e-bdfa36840f31","method":"GET","path":"/v1/health","status":200,"duration_ms":1}
{"timestamp":"2026-04-09T16:04:43.360Z","level":"info","msg":"request","request_id":"e1347cae-9710-4873-8fb3-b7c4ff23e0bd","method":"GET","path":"/v1/health","status":200,"duration_ms":0}
{"timestamp":"2026-04-09T16:04:43.362Z","level":"info","msg":"request","request_id":"755c8ecf-b2cd-4bb8-823e-e64c52c1d24c","method":"GET","path":"/v1/health","status":200,"duration_ms":1}
{"timestamp":"2026-04-09T16:04:43.363Z","level":"info","msg":"request","request_id":"31df2e30-16bb-4bd5-80a5-7c858c974e85","method":"GET","path":"/v1/health","status":200,"duration_ms":0}
{"timestamp":"2026-04-09T16:04:43.365Z","level":"info","msg":"request","request_id":"91615839-9690-4f2d-a9c7-a9cc833c08b7","method":"GET","path":"/v1/health","status":200,"duration_ms":1}
{"timestamp":"2026-04-09T16:04:43.367Z","level":"info","msg":"request","request_id":"865233b9-83fe-4730-9ab4-84ac414db850","method":"GET","path":"/v1/health","status":200,"duration_ms":1}
{"timestamp":"2026-04-09T16:04:43.369Z","level":"info","msg":"request","request_id":"b21d64a6-bc37-4c94-8fd9-635e76b3dcaf","method":"GET","path":"/v1/health","status":200,"duration_ms":1}
{"timestamp":"2026-04-09T16:04:43.376Z","level":"info","msg":"request","request_id":"5c43df36-3ff4-4186-91e0-a26087b8bb41","method":"GET","path":"/v1/health","status":200,"duration_ms":0}
{"timestamp":"2026-04-09T16:04:43.384Z","level":"info","msg":"request","request_id":"ddea610c-3699-483d-ad39-a145b755d86b","method":"GET","path":"/v1/health","status":200,"duration_ms":7}
{"timestamp":"2026-04-09T16:04:43.386Z","level":"warn","msg":"rate_limited","request_id":"88513060-efb0-4791-96d5-7f2ecbb02415","ip":"::ffff:127.0.0.1","count":61,"limit":60}
{"timestamp":"2026-04-09T16:04:43.389Z","level":"info","msg":"request","request_id":"b49e047a-80ea-49a6-8679-4e68681c1d82","method":"GET","path":"/v1/health","status":200,"duration_ms":0}
{"timestamp":"2026-04-09T16:04:43.390Z","level":"info","msg":"request","request_id":"e53fbd59-592b-4105-bcf4-fd5213d57700","method":"GET","path":"/v1/health","status":200,"duration_ms":0}
{"timestamp":"2026-04-09T16:04:43.392Z","level":"info","msg":"request","request_id":"b4c7800a-5970-448a-b9bd-dd22d82f0e9d","method":"GET","path":"/v1/health","status":200,"duration_ms":1}
{"timestamp":"2026-04-09T16:04:43.393Z","level":"info","msg":"request","request_id":"f5244019-38a9-45fa-b7f8-d8e9a2f52bc4","method":"GET","path":"/v1/health","status":200,"duration_ms":0}
{"timestamp":"2026-04-09T16:04:43.395Z","level":"info","msg":"request","request_id":"eb03f1ca-c40e-4df3-85df-15bd0d397208","method":"GET","path":"/v1/health","status":200,"duration_ms":1}
{"timestamp":"2026-04-09T16:04:43.396Z","level":"info","msg":"request","request_id":"63161e1a-f78a-42e7-872f-a5160f3a6525","method":"GET","path":"/v1/health","status":200,"duration_ms":1}
{"timestamp":"2026-04-09T16:04:43.435Z","level":"info","msg":"request","request_id":"331dfe56-74a5-4790-9092-fa47e9b3d372","method":"GET","path":"/v1/health","status":200,"duration_ms":0}
{"timestamp":"2026-04-09T16:04:43.437Z","level":"info","msg":"request","request_id":"5f69659c-c081-41ae-bc97-fd2191229245","method":"GET","path":"/v1/health","status":200,"duration_ms":1}
{"timestamp":"2026-04-09T16:04:43.438Z","level":"info","msg":"request","request_id":"2cb2fb14-218a-470c-9aad-e3050309b61a","method":"GET","path":"/v1/health","status":200,"duration_ms":1}
{"timestamp":"2026-04-09T16:04:43.439Z","level":"info","msg":"request","request_id":"f7f48302-6706-4e9c-8453-aa4c64cd79b1","method":"GET","path":"/v1/health","status":200,"duration_ms":1}
{"timestamp":"2026-04-09T16:04:43.440Z","level":"info","msg":"request","request_id":"503d4d8f-cbd1-4d61-a099-e7209fe9a663","method":"GET","path":"/v1/health","status":200,"duration_ms":0}
{"timestamp":"2026-04-09T16:04:43.441Z","level":"info","msg":"request","request_id":"dcfee776-357e-4bf0-ac59-9b3899219850","method":"GET","path":"/v1/health","status":200,"duration_ms":0}
{"timestamp":"2026-04-09T16:04:43.442Z","level":"info","msg":"request","request_id":"a2515109-96b8-4a31-8943-0b5e99f13e0b","method":"GET","path":"/v1/health","status":200,"duration_ms":0}
{"timestamp":"2026-04-09T16:04:43.483Z","level":"info","msg":"request","request_id":"73f5fc10-53f4-4a4c-89f8-50bde5891de4","method":"GET","path":"/v1/health","status":200,"duration_ms":9}
{"timestamp":"2026-04-09T16:04:43.486Z","level":"info","msg":"request","request_id":"daef1144-cec5-4f4f-ab2a-ff02eea23fb3","method":"GET","path":"/v1/health","status":200,"duration_ms":0}
{"timestamp":"2026-04-09T16:04:43.489Z","level":"info","msg":"request","request_id":"9b22ed6c-d703-48a2-a4b2-3301d8e730fb","method":"GET","path":"/v1/health","status":200,"duration_ms":1}
{"timestamp":"2026-04-09T16:04:43.491Z","level":"info","msg":"request","request_id":"3f3247bc-bc5c-471a-a7df-ec1359558f0d","method":"GET","path":"/v1/health","status":200,"duration_ms":1}
{"timestamp":"2026-04-09T16:04:43.492Z","level":"info","msg":"request","request_id":"e4805753-b96e-4132-8932-2409bdfb0f42","method":"GET","path":"/v1/health","status":200,"duration_ms":1}
{"timestamp":"2026-04-09T16:04:43.493Z","level":"info","msg":"request","request_id":"f5a1e36e-515f-4cc6-8890-51e9a40b9861","method":"GET","path":"/v1/health","status":200,"duration_ms":0}
{"timestamp":"2026-04-09T16:04:43.494Z","level":"info","msg":"request","request_id":"88221b0a-9497-4194-ad68-d7c614af361c","method":"GET","path":"/v1/health","status":200,"duration_ms":0}
{"timestamp":"2026-04-09T16:04:43.496Z","level":"info","msg":"request","request_id":"ce415f9a-7a1f-4c56-84d7-cabe06b936a7","method":"GET","path":"/v1/health","status":200,"duration_ms":1}
{"timestamp":"2026-04-09T16:04:43.497Z","level":"info","msg":"request","request_id":"8364b4a9-5fba-444a-a16a-53262b6c8280","method":"GET","path":"/v1/health","status":200,"duration_ms":0}
{"timestamp":"2026-04-09T16:04:43.498Z","level":"info","msg":"request","request_id":"ed7f4489-f97d-41eb-a421-a6b181b61ad3","method":"GET","path":"/v1/health","status":200,"duration_ms":0}
{"timestamp":"2026-04-09T16:04:43.500Z","level":"info","msg":"request","request_id":"526be97f-c872-4f6b-bc45-85f27c54a996","method":"GET","path":"/v1/health","status":200,"duration_ms":1}
{"timestamp":"2026-04-09T16:04:43.502Z","level":"info","msg":"request","request_id":"c8b3949a-c6e9-4265-8a31-9ce8d41f7bbf","method":"GET","path":"/v1/health","status":200,"duration_ms":1}
{"timestamp":"2026-04-09T16:04:43.503Z","level":"info","msg":"request","request_id":"d0f9d7bc-a9d9-48d6-b93c-04a94989ee95","method":"GET","path":"/v1/health","status":200,"duration_ms":1}
{"timestamp":"2026-04-09T16:04:43.506Z","level":"info","msg":"request","request_id":"87d2c5a3-3cbc-4a36-aa3b-d1088c4ec119","method":"GET","path":"/v1/health","status":200,"duration_ms":1}
{"timestamp":"2026-04-09T16:04:43.507Z","level":"info","msg":"request","request_id":"93f40da4-db04-429b-8c54-3af77673a700","method":"GET","path":"/v1/health","status":200,"duration_ms":1}
{"timestamp":"2026-04-09T16:04:43.508Z","level":"info","msg":"request","request_id":"3eae54e0-3935-43d0-8229-365bce39bbe1","method":"GET","path":"/v1/health","status":200,"duration_ms":0}
{"timestamp":"2026-04-09T16:04:43.509Z","level":"info","msg":"request","request_id":"3edf0d38-7693-4147-a963-8c92681cb741","method":"GET","path":"/v1/health","status":200,"duration_ms":0}
{"timestamp":"2026-04-09T16:04:43.511Z","level":"info","msg":"request","request_id":"2cc9b260-1221-40f3-aea1-bbf0149aa3f3","method":"GET","path":"/v1/health","status":200,"duration_ms":1}
{"timestamp":"2026-04-09T16:04:43.512Z","level":"info","msg":"request","request_id":"b464e6dd-21b6-4470-87b6-be73b3c91806","method":"GET","path":"/v1/health","status":200,"duration_ms":1}
{"timestamp":"2026-04-09T16:04:43.520Z","level":"info","msg":"request","request_id":"b22724f4-f468-4c59-851f-481fe7e497e4","method":"GET","path":"/v1/health","status":200,"duration_ms":7}
{"timestamp":"2026-04-09T16:04:43.522Z","level":"info","msg":"request","request_id":"0206fc13-8453-49a0-a11d-c9b053cac9e8","method":"GET","path":"/v1/health","status":200,"duration_ms":1}
{"timestamp":"2026-04-09T16:04:43.523Z","level":"info","msg":"request","request_id":"139cd82b-d236-4ec0-a128-a62e2c2e147a","method":"GET","path":"/v1/health","status":200,"duration_ms":0}
{"timestamp":"2026-04-09T16:04:43.526Z","level":"info","msg":"request","request_id":"2f37fdac-f82e-48e5-b50b-3a73ddda0b86","method":"GET","path":"/v1/health","status":200,"duration_ms":0}
{"timestamp":"2026-04-09T16:04:43.527Z","level":"info","msg":"request","request_id":"5c590991-9ec2-4601-9631-2e560e175ae8","method":"GET","path":"/v1/health","status":200,"duration_ms":0}
{"timestamp":"2026-04-09T16:04:43.529Z","level":"info","msg":"request","request_id":"b795e0af-917a-4ce3-a800-4873cc27f9e6","method":"GET","path":"/v1/health","status":200,"duration_ms":1}
{"timestamp":"2026-04-09T16:04:43.531Z","level":"info","msg":"request","request_id":"4f93c842-84f4-4b83-8eaa-c60c7b36a17b","method":"GET","path":"/v1/health","status":200,"duration_ms":1}
{"timestamp":"2026-04-09T16:04:43.532Z","level":"info","msg":"request","request_id":"9eefa365-62c0-494c-b54b-95b36c6386df","method":"GET","path":"/v1/health","status":200,"duration_ms":0}
{"timestamp":"2026-04-09T16:04:43.534Z","level":"info","msg":"request","request_id":"e3c64291-5e64-4394-a0c3-4b808fb016fc","method":"GET","path":"/v1/health","status":200,"duration_ms":0}
{"timestamp":"2026-04-09T16:04:43.536Z","level":"info","msg":"request","request_id":"5ce01752-c4b8-40fa-b3cf-39e4b0201810","method":"GET","path":"/v1/health","status":200,"duration_ms":1}
{"timestamp":"2026-04-09T16:04:43.540Z","level":"info","msg":"request","request_id":"84693026-0440-42df-a57c-cc7aa1493c65","method":"GET","path":"/v1/health","status":200,"duration_ms":0}
{"timestamp":"2026-04-09T16:04:43.544Z","level":"info","msg":"request","request_id":"8e33921b-ceef-47b1-b2c1-b63452b05bc0","method":"GET","path":"/v1/health","status":200,"duration_ms":1}
{"timestamp":"2026-04-09T16:04:43.545Z","level":"info","msg":"request","request_id":"240457e7-f7d5-414a-ae2f-6fe43061d493","method":"GET","path":"/v1/health","status":200,"duration_ms":0}
{"timestamp":"2026-04-09T16:04:43.547Z","level":"info","msg":"request","request_id":"d875016e-4015-42e4-a284-1526dc9b71a7","method":"GET","path":"/v1/health","status":200,"duration_ms":0}
{"timestamp":"2026-04-09T16:04:43.548Z","level":"info","msg":"request","request_id":"59e733b7-36cc-4b47-b90a-a4fab6579ee7","method":"GET","path":"/v1/health","status":200,"duration_ms":0}
{"timestamp":"2026-04-09T16:04:43.549Z","level":"info","msg":"request","request_id":"1d808ca0-943b-4904-891f-6456b99186b1","method":"GET","path":"/v1/health","status":200,"duration_ms":0}
{"timestamp":"2026-04-09T16:04:43.550Z","level":"info","msg":"request","request_id":"c69d52dc-2d66-44b3-8771-8820def8bd2e","method":"GET","path":"/v1/health","status":200,"duration_ms":0}
{"timestamp":"2026-04-09T16:04:43.552Z","level":"info","msg":"request","request_id":"e5bb50da-2c12-48b7-9628-fc9e88271c0b","method":"GET","path":"/v1/health","status":200,"duration_ms":1}
{"timestamp":"2026-04-09T16:04:43.554Z","level":"info","msg":"request","request_id":"dae37d52-522f-426e-9f36-3b8bc92eed42","method":"GET","path":"/v1/health","status":200,"duration_ms":1}
{"timestamp":"2026-04-09T16:04:43.555Z","level":"info","msg":"request","request_id":"cd7ab50a-d780-43c7-8089-b7648bc84c5f","method":"GET","path":"/v1/health","status":200,"duration_ms":0}
{"timestamp":"2026-04-09T16:04:43.556Z","level":"info","msg":"request","request_id":"79d1f539-50ea-4d80-97e2-dc00c4390390","method":"GET","path":"/v1/health","status":200,"duration_ms":0}
{"timestamp":"2026-04-09T16:04:43.557Z","level":"info","msg":"request","request_id":"c6548bf3-cf9e-43f7-bff8-b3f1fac2028c","method":"GET","path":"/v1/health","status":200,"duration_ms":0}
{"timestamp":"2026-04-09T16:04:43.559Z","level":"info","msg":"request","request_id":"88ba3afe-2596-4ff2-9117-3396ac46f4a5","method":"GET","path":"/v1/health","status":200,"duration_ms":1}
{"timestamp":"2026-04-09T16:04:43.560Z","level":"info","msg":"request","request_id":"5e6e30cd-8f8c-4647-a4a1-19270a4dcba1","method":"GET","path":"/v1/health","status":200,"duration_ms":1}
{"timestamp":"2026-04-09T16:04:43.561Z","level":"info","msg":"request","request_id":"b40000ff-7a97-40c0-8e9e-50ac19bfc235","method":"GET","path":"/v1/health","status":200,"duration_ms":0}
{"timestamp":"2026-04-09T16:04:43.563Z","level":"info","msg":"request","request_id":"e4d1ed10-687b-4d36-ba5c-936529d81018","method":"GET","path":"/v1/health","status":200,"duration_ms":0}
{"timestamp":"2026-04-09T16:04:43.565Z","level":"info","msg":"request","request_id":"da9ba6cb-fa60-4629-9b83-32704241fb63","method":"GET","path":"/v1/health","status":200,"duration_ms":1}
{"timestamp":"2026-04-09T16:04:43.566Z","level":"info","msg":"request","request_id":"c8926b7e-4b63-4979-b1cf-e3f597440527","method":"GET","path":"/v1/health","status":200,"duration_ms":1}
{"timestamp":"2026-04-09T16:04:43.567Z","level":"warn","msg":"rate_limited","request_id":"ff3c363d-781e-4a1f-a960-e56484073eb8","ip":"::ffff:127.0.0.1","count":61,"limit":60}
{"timestamp":"2026-04-09T16:04:43.569Z","level":"info","msg":"request","request_id":"2daf6b31-c8fe-4bc3-be6e-aa68a787b318","method":"GET","path":"/v1/health","status":200,"duration_ms":1}
{"timestamp":"2026-04-09T16:04:43.571Z","level":"info","msg":"request","request_id":"2d581b67-0363-4ae1-8263-b3f73478596c","method":"GET","path":"/v1/health","status":200,"duration_ms":0}
{"timestamp":"2026-04-09T16:04:43.572Z","level":"info","msg":"request","request_id":"ecd9052b-9929-4e6d-bad7-bebe1a4269f8","method":"GET","path":"/v1/health","status":200,"duration_ms":0}
{"timestamp":"2026-04-09T16:04:43.574Z","level":"info","msg":"request","request_id":"cd563382-f3b6-4259-a788-274c44036715","method":"GET","path":"/v1/health","status":200,"duration_ms":0}
{"timestamp":"2026-04-09T16:04:43.575Z","level":"info","msg":"request","request_id":"eccebe27-f767-4560-80a1-320f79a7e5d9","method":"GET","path":"/v1/health","status":200,"duration_ms":0}
{"timestamp":"2026-04-09T16:04:43.577Z","level":"info","msg":"request","request_id":"b6f16f0d-d2ed-4924-9d22-49a09beb203e","method":"GET","path":"/v1/health","status":200,"duration_ms":1}
{"timestamp":"2026-04-09T16:04:43.578Z","level":"info","msg":"request","request_id":"fcbd3942-2799-42c6-b9b3-0bd291c0fff3","method":"GET","path":"/v1/health","status":200,"duration_ms":0}
{"timestamp":"2026-04-09T16:04:43.579Z","level":"info","msg":"request","request_id":"7cf1cd0e-a6d1-464f-b282-71e595310103","method":"GET","path":"/v1/health","status":200,"duration_ms":0}
{"timestamp":"2026-04-09T16:04:43.581Z","level":"info","msg":"request","request_id":"d3593994-80c9-4f7d-9529-1d5a2e6b5620","method":"GET","path":"/v1/health","status":200,"duration_ms":1}
{"timestamp":"2026-04-09T16:04:43.582Z","level":"info","msg":"request","request_id":"ae616fb8-a489-410b-ba5b-0f680aecf3de","method":"GET","path":"/v1/health","status":200,"duration_ms":1}
{"timestamp":"2026-04-09T16:04:43.583Z","level":"info","msg":"request","request_id":"1896e461-9371-4e18-8513-78455fb2b0b3","method":"GET","path":"/v1/health","status":200,"duration_ms":0}
{"timestamp":"2026-04-09T16:04:43.584Z","level":"info","msg":"request","request_id":"b3c22729-5b20-4ec6-a9dd-a13dbff7ed58","method":"GET","path":"/v1/health","status":200,"duration_ms":0}
{"timestamp":"2026-04-09T16:04:43.587Z","level":"info","msg":"request","request_id":"d28a0e6f-0f92-4528-96bc-3153b34c2cf5","method":"GET","path":"/v1/health","status":200,"duration_ms":1}
{"timestamp":"2026-04-09T16:04:43.588Z","level":"info","msg":"request","request_id":"d06dc695-32c8-446d-9343-dfad5878db9d","method":"GET","path":"/v1/health","status":200,"duration_ms":0}
{"timestamp":"2026-04-09T16:04:43.590Z","level":"info","msg":"request","request_id":"b008112b-13c1-4a59-98eb-597725a08f59","method":"GET","path":"/v1/health","status":200,"duration_ms":0}
{"timestamp":"2026-04-09T16:04:43.591Z","level":"info","msg":"request","request_id":"72e3c902-7a2b-4518-b12a-7f5b1a8d522d","method":"GET","path":"/v1/health","status":200,"duration_ms":1}
{"timestamp":"2026-04-09T16:04:43.592Z","level":"info","msg":"request","request_id":"17f5b15f-d63f-43a6-b05d-24829685f480","method":"GET","path":"/v1/health","status":200,"duration_ms":0}
{"timestamp":"2026-04-09T16:04:43.594Z","level":"info","msg":"request","request_id":"4c5ae476-f230-4202-a03b-c5019c58322e","method":"GET","path":"/v1/health","status":200,"duration_ms":1}
{"timestamp":"2026-04-09T16:04:43.596Z","level":"info","msg":"request","request_id":"04facebd-d0a0-4f46-a3eb-83eab4030ca8","method":"GET","path":"/v1/health","status":200,"duration_ms":1}
{"timestamp":"2026-04-09T16:04:43.598Z","level":"info","msg":"request","request_id":"70add449-8b79-46a0-95ce-5b7b7bf7e1ba","method":"GET","path":"/v1/health","status":200,"duration_ms":1}
{"timestamp":"2026-04-09T16:04:43.599Z","level":"info","msg":"request","request_id":"10133d80-f0d9-4c42-8474-70ab440f36f3","method":"GET","path":"/v1/health","status":200,"duration_ms":0}
{"timestamp":"2026-04-09T16:04:43.600Z","level":"info","msg":"request","request_id":"6aa081d8-a5eb-41f1-b6f3-49a0bb6cc349","method":"GET","path":"/v1/health","status":200,"duration_ms":0}
{"timestamp":"2026-04-09T16:04:43.601Z","level":"info","msg":"request","request_id":"73bbe728-238f-4fdf-b609-3bf63792296c","method":"GET","path":"/v1/health","status":200,"duration_ms":0}
{"timestamp":"2026-04-09T16:04:43.602Z","level":"info","msg":"request","request_id":"47f824c6-6b7f-4c0d-9c3e-742641818cc0","method":"GET","path":"/v1/health","status":200,"duration_ms":0}
{"timestamp":"2026-04-09T16:04:43.604Z","level":"info","msg":"request","request_id":"eb5acfdd-e2be-4c75-b3c7-02a7ed9a0f5c","method":"GET","path":"/v1/health","status":200,"duration_ms":1}
{"timestamp":"2026-04-09T16:04:43.605Z","level":"info","msg":"request","request_id":"006eab74-9945-4108-bcb8-1cc118f7be74","method":"GET","path":"/v1/health","status":200,"duration_ms":0}
{"timestamp":"2026-04-09T16:04:43.606Z","level":"info","msg":"request","request_id":"17b05f7d-f16a-4738-a3b0-0ca08f5e51ab","method":"GET","path":"/v1/health","status":200,"duration_ms":0}
{"timestamp":"2026-04-09T16:04:43.608Z","level":"info","msg":"request","request_id":"f26aa99a-f98f-4714-83be-08798a8453cb","method":"GET","path":"/v1/health","status":200,"duration_ms":1}
{"timestamp":"2026-04-09T16:04:43.610Z","level":"info","msg":"request","request_id":"f865376d-9929-4680-8ffb-b3689e7def72","method":"GET","path":"/v1/health","status":200,"duration_ms":0}
{"timestamp":"2026-04-09T16:04:43.611Z","level":"info","msg":"request","request_id":"e1dde65b-23bb-4b59-a2a4-69e0456c6c38","method":"GET","path":"/v1/health","status":200,"duration_ms":0}
{"timestamp":"2026-04-09T16:04:43.622Z","level":"info","msg":"request","request_id":"9d412b19-a44f-4525-9cdd-5b797580a2d0","method":"GET","path":"/v1/health","status":200,"duration_ms":5}
{"timestamp":"2026-04-09T16:04:43.623Z","level":"info","msg":"request","request_id":"b880f816-37a4-476e-bbdb-b7525348aeb2","method":"GET","path":"/v1/health","status":200,"duration_ms":0}
{"timestamp":"2026-04-09T16:04:43.624Z","level":"info","msg":"request","request_id":"b64ec0aa-c404-413c-b528-6657f0b1b3b1","method":"GET","path":"/v1/health","status":200,"duration_ms":0}
{"timestamp":"2026-04-09T16:04:43.626Z","level":"info","msg":"request","request_id":"eed8d436-32e5-499e-be07-38f05311676f","method":"GET","path":"/v1/health","status":200,"duration_ms":0}
{"timestamp":"2026-04-09T16:04:43.627Z","level":"info","msg":"server_start","port":44506,"service":"axis-api"}
{"timestamp":"2026-04-09T16:04:43.627Z","level":"info","msg":"request","request_id":"7215753b-0575-4259-bc33-d9f1ca3c75e8","method":"GET","path":"/v1/health","status":200,"duration_ms":0}
{"timestamp":"2026-04-09T16:04:43.628Z","level":"info","msg":"request","request_id":"584c6ba8-afc9-4506-9d5f-af59d2a55d2d","method":"GET","path":"/v1/health","status":200,"duration_ms":0}
{"timestamp":"2026-04-09T16:04:43.630Z","level":"info","msg":"request","request_id":"6adfbad4-24c0-4cf5-b2a9-a060a5abff36","method":"GET","path":"/v1/health","status":200,"duration_ms":1}
{"timestamp":"2026-04-09T16:04:43.632Z","level":"info","msg":"request","request_id":"bf399100-0a8a-4be3-a446-5eeda79832f0","method":"GET","path":"/v1/health","status":200,"duration_ms":1}
{"timestamp":"2026-04-09T16:04:43.633Z","level":"info","msg":"request","request_id":"515d3f06-e073-44dc-a89e-5acb0b82cd9a","method":"GET","path":"/v1/health","status":200,"duration_ms":0}
{"timestamp":"2026-04-09T16:04:43.635Z","level":"info","msg":"request","request_id":"bf2a9220-7851-4943-a46e-07d835ca2304","method":"GET","path":"/v1/health","status":200,"duration_ms":1}
{"timestamp":"2026-04-09T16:04:43.636Z","level":"info","msg":"request","request_id":"05b3a0ef-803b-48f8-88b0-e816d9f1f26a","method":"GET","path":"/v1/health","status":200,"duration_ms":0}
{"timestamp":"2026-04-09T16:04:43.638Z","level":"info","msg":"request","request_id":"ba785774-cb22-4366-bf13-cb1a709f6477","method":"GET","path":"/v1/health","status":200,"duration_ms":0}
{"timestamp":"2026-04-09T16:04:43.640Z","level":"info","msg":"request","request_id":"b3f4e0e1-ecd0-4a3b-83cd-51fb48205b5e","method":"GET","path":"/v1/health","status":200,"duration_ms":1}
{"timestamp":"2026-04-09T16:04:43.641Z","level":"info","msg":"request","request_id":"76fe309c-9bfc-4754-81f9-474ca46f41ac","method":"GET","path":"/v1/health","status":200,"duration_ms":0}
{"timestamp":"2026-04-09T16:04:43.643Z","level":"info","msg":"request","request_id":"c1afb7e0-c655-4ad4-939d-6e938f079224","method":"GET","path":"/v1/health","status":200,"duration_ms":0}
{"timestamp":"2026-04-09T16:04:43.644Z","level":"info","msg":"request","request_id":"13fc7abf-832b-4969-8408-f471e48ae53e","method":"GET","path":"/v1/health","status":200,"duration_ms":0}
{"timestamp":"2026-04-09T16:04:43.647Z","level":"info","msg":"request","request_id":"8b2c8074-cf5d-4ecf-9aab-838007499d21","method":"GET","path":"/v1/health","status":200,"duration_ms":1}
{"timestamp":"2026-04-09T16:04:43.648Z","level":"info","msg":"request","request_id":"8abfa5fd-9ded-422b-a202-0d6ff9a49cd2","method":"GET","path":"/v1/health","status":200,"duration_ms":0}
{"timestamp":"2026-04-09T16:04:43.649Z","level":"info","msg":"request","request_id":"612597dc-3bb2-4e59-b3d9-740b6addf7e3","method":"GET","path":"/v1/health","status":200,"duration_ms":0}
{"timestamp":"2026-04-09T16:04:43.651Z","level":"info","msg":"request","request_id":"06c2dfa5-929a-410f-9970-31f78bb57896","method":"GET","path":"/v1/health","status":200,"duration_ms":1}
{"timestamp":"2026-04-09T16:04:43.652Z","level":"info","msg":"request","request_id":"b5608783-3f35-460f-8160-90375156e11f","method":"GET","path":"/v1/health","status":200,"duration_ms":0}
{"timestamp":"2026-04-09T16:04:43.654Z","level":"info","msg":"request","request_id":"216d2ffa-8f0c-47cc-bfcb-4b3c4a8b638b","method":"GET","path":"/v1/health","status":200,"duration_ms":1}
{"timestamp":"2026-04-09T16:04:43.655Z","level":"info","msg":"request","request_id":"4d8ee8a5-8a76-4787-8c7a-90b1b5e5a228","method":"GET","path":"/v1/health","status":200,"duration_ms":0}
{"timestamp":"2026-04-09T16:04:43.671Z","level":"info","msg":"request","request_id":"163ea0c1-d01a-45a6-9bbf-a00137bd825a","method":"GET","path":"/v1/health","status":200,"duration_ms":14}
{"timestamp":"2026-04-09T16:04:43.674Z","level":"info","msg":"request","request_id":"55950797-64e0-4aeb-bb70-12ba7cc8ea0b","method":"GET","path":"/v1/health","status":200,"duration_ms":1}
{"timestamp":"2026-04-09T16:04:43.676Z","level":"info","msg":"request","request_id":"9e6f0380-2dbd-4ee9-8185-8a3d27b49737","method":"GET","path":"/v1/health","status":200,"duration_ms":1}
{"timestamp":"2026-04-09T16:04:43.678Z","level":"info","msg":"request","request_id":"3efda2c4-402a-4a62-a03f-2755f223c6e9","method":"GET","path":"/v1/health","status":200,"duration_ms":1}
{"timestamp":"2026-04-09T16:04:43.679Z","level":"info","msg":"request","request_id":"a7334a36-9bee-4498-920d-5c968d94d552","method":"GET","path":"/v1/health","status":200,"duration_ms":0}
{"timestamp":"2026-04-09T16:04:43.684Z","level":"info","msg":"request","request_id":"f0b312e1-ec04-41ba-bcb0-9afcbe7ebcf3","method":"GET","path":"/v1/health","status":200,"duration_ms":0}
{"timestamp":"2026-04-09T16:04:43.686Z","level":"info","msg":"request","request_id":"5994a398-1002-443f-9284-6887adec126f","method":"GET","path":"/v1/health","status":200,"duration_ms":0}
{"timestamp":"2026-04-09T16:04:43.688Z","level":"info","msg":"request","request_id":"e15ca0f2-c0d4-4ec6-8dba-7846cffe3533","method":"GET","path":"/v1/health","status":200,"duration_ms":0}
{"timestamp":"2026-04-09T16:04:43.689Z","level":"warn","msg":"rate_limited","request_id":"600400f8-09c5-4cba-97cc-43718f7262d8","ip":"::ffff:127.0.0.1","count":61,"limit":60}
 [32mΓ£ô[39m apps/api/src/security.test.ts [2m([22m[2m16 tests[22m[2m)[22m[33m 934[2mms[22m[39m
{"timestamp":"2026-04-09T16:04:43.830Z","level":"info","msg":"request","request_id":"712fce0d-94b7-4f61-ac44-a9222f16e4f6","method":"GET","path":"/v1/health","status":200,"duration_ms":1}
{"timestamp":"2026-04-09T16:04:43.833Z","level":"error","msg":"s
erver_start_failed","port":44506,"error":"Port 44506 is already 
in use"}
 [32mΓ£ô[39m apps/cli/src/cli-edge-cases.test.ts [2m([22m[2m23 tests[22m[2m)[22m[33m 2048[2mms[22m[39m
     [33m[2mΓ£ô[22m[39m caps scanned files at MAX_FILES (500) [33m 1589[2mms[22m[39m
{"timestamp":"2026-04-09T16:04:44.208Z","level":"info","msg":"request","request_id":"431d8ab5-2143-4247-8916-dabcf3ff637e","method":"GET","path":"/v1/health","status":200,"duration_ms":1}
{"timestamp":"2026-04-09T16:04:44.334Z","level":"info","msg":"request","request_id":"a92bc17e-db49-4c1e-865c-da514856db06","method":"POST","path":"/v1/account/webhooks","status":201,"duration_ms":5}
{"timestamp":"2026-04-09T16:04:44.341Z","level":"warn","msg":"request","request_id":"59e18dea-e758-45f4-bf2d-0f49c93e1b9b","method":"DELETE","path":"/v1/account/webhooks/c468f27d-7c8f-4aab-81c8-639c00ef420b","status":404,"duration_ms":2}
{"timestamp":"2026-04-09T16:04:44.347Z","level":"warn","msg":"request","request_id":"c476c69e-6255-48c5-88a1-1f51da843d8c","method":"POST","path":"/v1/account/webhooks/c468f27d-7c8f-4aab-81c8-639c00ef420b/toggle","status":404,"duration_ms":1}
{"timestamp":"2026-04-09T16:04:44.351Z","level":"warn","msg":"request","request_id":"47a59c04-4142-475a-8212-c5cea45e04c1","method":"GET","path":"/v1/account/webhooks/c468f27d-7c8f-4aab-81c8-639c00ef420b/deliveries","status":404,"duration_ms":1}
{"timestamp":"2026-04-09T16:04:44.355Z","level":"warn","msg":"request","request_id":"54aa170a-7410-4e99-a7d0-ce67eabc642b","method":"POST","path":"/v1/account/webhooks","status":400,"duration_ms":1}
{"timestamp":"2026-04-09T16:04:44.424Z","level":"info","msg":"request","request_id":"06976eca-c666-4bbc-b477-d5f7bfac91d8","method":"POST","path":"/v1/account/webhooks","status":201,"duration_ms":3}
{"timestamp":"2026-04-09T16:04:44.428Z","level":"info","msg":"request","request_id":"923a88a3-95bd-4106-af26-04aad3d8a16b","method":"GET","path":"/v1/account/webhooks/018769ec-f2c4-4ecb-8db8-ca9755b0389f/deliveries?limit=abc","status":200,"duration_ms":2}
{"timestamp":"2026-04-09T16:04:44.435Z","level":"info","msg":"request","request_id":"649d38f1-f11c-4acb-9240-069eac20c6e5","method":"POST","path":"/v1/account/webhooks","status":201,"duration_ms":1}
{"timestamp":"2026-04-09T16:04:44.438Z","level":"info","msg":"request","request_id":"84aa1f51-350c-45c1-b008-bc915c4b7431","method":"GET","path":"/v1/account/webhooks/e9365526-9f12-4f33-a49c-5123b6ea93a7/deliveries?limit=0","status":200,"duration_ms":2}
{"timestamp":"2026-04-09T16:04:44.439Z","level":"info","msg":"server_start","port":44508,"service":"axis-api"}
{"timestamp":"2026-04-09T16:04:44.441Z","level":"info","msg":"request","request_id":"50c16382-ce06-4eaf-8ea3-b4e190c2d001","method":"POST","path":"/v1/account/webhooks","status":201,"duration_ms":1}
{"timestamp":"2026-04-09T16:04:44.444Z","level":"info","msg":"request","request_id":"4b213a9d-85c7-44f2-982b-d2e6ea53e6e9","method":"GET","path":"/v1/account/webhooks/662c216d-c460-4416-ae4e-3edc9faa7f4e/deliveries?limit=999","status":200,"duration_ms":1}
{"timestamp":"2026-04-09T16:04:44.447Z","level":"warn","msg":"request","request_id":"4cd74b11-58a5-43af-a26a-265a1fcac8d7","method":"POST","path":"/v1/account/webhooks","status":400,"duration_ms":1}
{"timestamp":"2026-04-09T16:04:44.450Z","level":"warn","msg":"request","request_id":"2d810659-8394-4185-9fde-f390092177b9","method":"POST","path":"/v1/account/webhooks","status":400,"duration_ms":1}
{"timestamp":"2026-04-09T16:04:44.453Z","level":"warn","msg":"request","request_id":"852c1e4f-4050-4156-ad01-4db2aea113b3","method":"POST","path":"/v1/account/webhooks","status":400,"duration_ms":1}
{"timestamp":"2026-04-09T16:04:44.459Z","level":"warn","msg":"request","request_id":"8de68466-b290-41e6-871b-c97b06e11a2f","method":"POST","path":"/v1/account/webhooks","status":400,"duration_ms":1}
{"timestamp":"2026-04-09T16:04:44.463Z","level":"info","msg":"request","request_id":"c4ecabe1-868e-454d-a82c-5775ffe9c87e","method":"POST","path":"/v1/account/webhooks","status":201,"duration_ms":1}
{"timestamp":"2026-04-09T16:04:44.503Z","level":"warn","msg":"request","request_id":"1b2cf19a-f5e0-44a8-a4e9-9f4872a95734","method":"POST","path":"/v1/account/webhooks/2b7e28de-e69d-4793-8a86-ab0cd4447ee4/toggle","status":400,"duration_ms":1}
{"timestamp":"2026-04-09T16:04:44.506Z","level":"info","msg":"request","request_id":"0fea90c7-4ae2-4b7e-84f3-53a4dbf36f95","method":"POST","path":"/v1/account/webhooks","status":201,"duration_ms":1}
{"timestamp":"2026-04-09T16:04:44.510Z","level":"warn","msg":"request","request_id":"905465e2-df39-4be4-9f86-51357b1681b7","method":"POST","path":"/v1/account/webhooks/bf60f30f-5bf1-4790-8dd3-f83a96ce410f/toggle","status":400,"duration_ms":2}
 [32mΓ£ô[39m apps/api/src/webhook-branches.test.ts [2m([22m[2m22 tests[22m[2m)[22m[33m 3087[2mms[22m[39m
     [33m[2mΓ£ô[22m[39m records failed delivery on connection refused [33m 521[2mms[22m[39m
     [33m[2mΓ£ô[22m[39m retries via real HTTP and records success [33m 313[2mms[22m[39m
     [33m[2mΓ£ô[22m[39m retries and records failure on 500 response [33m 319[2mms[22m[39m
     [33m[2mΓ£ô[22m[39m retries and handles connection error [33m 649[2mms[22m[39m
{"timestamp":"2026-04-09T16:04:44.641Z","level":"error","msg":"s
erver_start_failed","port":44508,"error":"permission denied"}
{"timestamp":"2026-04-09T16:04:44.644Z","level":"info","msg":"request","request_id":"4ace03c6-ca72-463f-8a49-d3f934b2daaf","method":"GET","path":"/v1/health","status":200,"duration_ms":1}
 [32mΓ£ô[39m packages/snapshots/src/funnel.test.ts [2m([22m[2m43 tests[22m[2m)[22m[33m 1058[2mms[22m[39m
{"timestamp":"2026-04-09T16:04:44.819Z","level":"info","msg":"server_start","port":44509,"service":"axis-api"}
 [32mΓ£ô[39m packages/snapshots/src/coverage-gaps.test.ts [2m([22m[2m46 tests[22m[2m)[22m[33m 1244[2mms[22m[39m
{"timestamp":"2026-04-09T16:04:45.024Z","level":"info","msg":"request","request_id":"fde769fa-b862-4c1d-9e93-d09b3e6821bd","method":"GET","path":"/v1/health","status":200,"duration_ms":1}
{"timestamp":"2026-04-09T16:04:45.026Z","level":"info","msg":"shutdown_start","active_connections":1}
{"timestamp":"2026-04-09T16:04:45.176Z","level":"info","msg":"shutdown_wal_checkpoint","success":true,"busy":0,"wal_pages":-1,"checkpointed":-1}
{"timestamp":"2026-04-09T16:04:45.177Z","level":"info","msg":"shutdown_complete"}
 [32mΓ£ô[39m packages/snapshots/src/webhook-http.test.ts [2m([22m[2m20 tests[22m[2m)[22m[33m 4162[2mms[22m[39m
     [33m[2mΓ£ô[22m[39m sends HTTP POST to receiver and records successful delivery [33m 338[2mms[22m[39m
     [33m[2mΓ£ô[22m[39m includes HMAC signature when secret is set [33m 331[2mms[22m[39m
     [33m[2mΓ£ô[22m[39m records failed delivery when receiver returns 500 [33m 371[2mms[22m[39m
     [33m[2mΓ£ô[22m[39m records error on connection refused [33m 532[2mms[22m[39m
     [33m[2mΓ£ô[22m[39m catches URL parse error and records delivery [33m 476[2mms[22m[39m
     [33m[2mΓ£ô[22m[39m retries via real HTTP and records successful delivery [33m 344[2mms[22m[39m
     [33m[2mΓ£ô[22m[39m retries with HMAC signature when webhook has secret [33m 327[2mms[22m[39m
     [33m[2mΓ£ô[22m[39m records failure when retry receiver returns 503 [33m 330[2mms[22m[39m
     [33m[2mΓ£ô[22m[39m records error on connection refused during retry [33m 518[2mms[22m[39m
     [33m[2mΓ£ô[22m[39m catches URL parse failure during retry [33m 342[2mms[22m[39m
 [32mΓ£ô[39m apps/api/src/production-startup.test.ts [2m([22m[2m13 tests[22m[2m)[22m[33m 3334[2mms[22m[39m
     [33m[2mΓ£ô[22m[39m defaults to * when CORS_ORIGIN not set [33m 514[2mms[22m[39m
     [33m[2mΓ£ô[22m[39m uses CORS_ORIGIN env var when set [33m 349[2mms[22m[39m
     [33m[2mΓ£ô[22m[39m sets Vary: Origin header when CORS origin is not wildcard [33m 390[2mms[22m[39m
     [33m[2mΓ£ô[22m[39m includes DELETE in CORS allowed methods [33m 498[2mms[22m[39m
     [33m[2mΓ£ô[22m[39m logs error when port is already in use [33m 745[2mms[22m[39m
     [33m[2mΓ£ô[22m[39m logs generic server error for non-EADDRINUSE codes [33m 413[2mms[22m[39m
     [33m[2mΓ£ô[22m[39m performs WAL checkpoint and closes DB on shutdown [33m 385[2mms[22m[39m
{"timestamp":"2026-04-09T16:04:45.374Z","level":"warn","msg":"rate_limited","ip":"10.10.10.10","count":61,"limit":60}
{"timestamp":"2026-04-09T16:04:45.418Z","level":"warn","msg":"rate_limited","ip":"11.11.11.11","count":121,"limit":120}
{"timestamp":"2026-04-09T16:04:45.440Z","level":"warn","msg":"rate_limited","ip":"12.12.12.12","count":61,"limit":60}
{"timestamp":"2026-04-09T16:04:45.441Z","level":"warn","msg":"rate_limited","ip":"12.12.12.12","count":62,"limit":60}
{"timestamp":"2026-04-09T16:04:45.466Z","level":"warn","msg":"rate_limited","ip":"13.13.13.13","count":61,"limit":60}
{"timestamp":"2026-04-09T16:04:45.491Z","level":"warn","msg":"rate_limited","ip":"20.20.20.20","count":61,"limit":60}
{"timestamp":"2026-04-09T16:04:45.512Z","level":"warn","msg":"rate_limited","ip":"30.30.30.30","count":61,"limit":60}
{"timestamp":"2026-04-09T16:04:45.513Z","level":"warn","msg":"rate_limited","ip":"30.30.30.30","count":62,"limit":60}
 [32mΓ£ô[39m apps/api/src/rate-limiter.test.ts [2m([22m[2m29 tests[22m[2m)[22m[33m 760[2mms[22m[39m
{"timestamp":"2026-04-09T16:04:45.993Z","level":"info","msg":"server_start","port":44426,"service":"axis-api"}
{"timestamp":"2026-04-09T16:04:45.996Z","level":"info","msg":"server_start","port":44490,"service":"axis-api"}
{"timestamp":"2026-04-09T16:04:46.235Z","level":"info","msg":"request","request_id":"18fcbf61-0152-4c0f-9755-5ed8c9b6f2ec","method":"GET","path":"/v1/test/fast","status":200,"duration_ms":8}
{"timestamp":"2026-04-09T16:04:46.255Z","level":"info","msg":"request","request_id":"cb3cbff2-c4ad-42b0-a816-4a99f7ccb694","method":"GET","path":"/v1/docs","status":200,"duration_ms":21}
{"timestamp":"2026-04-09T16:04:46.287Z","level":"info","msg":"request","request_id":"9844b73f-0ea1-4e70-b2c4-5aa09b9b8cbe","method":"GET","path":"/v1/docs","status":200,"duration_ms":4}
{"timestamp":"2026-04-09T16:04:46.297Z","level":"info","msg":"request","request_id":"f9cf466a-ad94-4d62-87d3-8e339b32bbce","method":"GET","path":"/v1/programs","status":200,"duration_ms":4}
{"timestamp":"2026-04-09T16:04:46.305Z","level":"info","msg":"request","request_id":"8789de56-71fa-476d-bb33-27006ba6a049","method":"GET","path":"/v1/programs","status":200,"duration_ms":2}
{"timestamp":"2026-04-09T16:04:46.325Z","level":"info","msg":"request","request_id":"e59db32d-bae0-4c61-ae08-298e8a585e5b","method":"GET","path":"/v1/programs","status":200,"duration_ms":6}
{"timestamp":"2026-04-09T16:04:46.330Z","level":"info","msg":"request","request_id":"4ae32856-fb90-4361-b96a-309f2e7ac6d3","method":"GET","path":"/v1/health","status":200,"duration_ms":1}
{"timestamp":"2026-04-09T16:04:46.335Z","level":"info","msg":"request","request_id":"dcb6f8f7-2442-4517-84ab-da4346dc068c","method":"GET","path":"/v1/health/live","status":200,"duration_ms":1}
{"timestamp":"2026-04-09T16:04:46.340Z","level":"info","msg":"request","request_id":"aed58463-771a-4705-bbec-62dfce8f160b","method":"GET","path":"/v1/health/ready","status":200,"duration_ms":2}
{"timestamp":"2026-04-09T16:04:46.357Z","level":"info","msg":"request","request_id":"32d6baee-eeb7-4c64-936d-f162b55bf64b","method":"GET","path":"/v1/metrics","status":200,"duration_ms":12}
{"timestamp":"2026-04-09T16:04:46.362Z","level":"info","msg":"request","request_id":"6ac85f6b-f256-467f-9de1-4032ae1134ba","method":"GET","path":"/v1/plans","status":200,"duration_ms":1}
{"timestamp":"2026-04-09T16:04:46.367Z","level":"warn","msg":"request","request_id":"acbfe424-e56c-49a0-840e-a8dee6498a01","method":"GET","path":"/v1/nonexistent","status":404,"duration_ms":1}
{"timestamp":"2026-04-09T16:04:46.368Z","level":"info","msg":"shutdown_start","active_connections":1}
{"timestamp":"2026-04-09T16:04:46.488Z","level":"info","msg":"shutdown_wal_checkpoint","success":true,"busy":0,"wal_pages":-1,"checkpointed":-1}
{"timestamp":"2026-04-09T16:04:46.490Z","level":"info","msg":"shutdown_complete"}
 [32mΓ£ô[39m apps/api/src/server-routes.test.ts [2m([22m[2m11 tests[22m[2m)[22m[33m 1130[2mms[22m[39m
{"timestamp":"2026-04-09T16:04:46.779Z","level":"warn","msg":"request","request_id":"88dd8360-31ce-41f0-ae0c-b1553d5afd95","method":"GET","path":"/v1/test/slow","status":408,"duration_ms":522}
{"timestamp":"2026-04-09T16:04:46.792Z","level":"info","msg":"request","request_id":"6c8fab68-dcd1-4c5d-8854-d37cf2e3a419","method":"GET","path":"/v1/test/fast","status":200,"duration_ms":1}
 [32mΓ£ô[39m apps/api/src/request-limits.test.ts [2m([22m[2m4 tests[22m[2m)[22m[33m 966[2mms[22m[39m
     [33m[2mΓ£ô[22m[39m slow requests receive 408 timeout [33m 538[2mms[22m[39m
 [32mΓ£ô[39m packages/snapshots/src/webhook-retry.test.ts [2m([22m[2m23 tests[22m[2m)[22m[33m 1027[2mms[22m[39m
 [32mΓ£ô[39m packages/snapshots/src/b-grade-upgrade.test.ts [2m([22m[2m21 tests[22m[2m)[22m[33m 564[2mms[22m[39m
{"timestamp":"2026-04-09T16:04:47.209Z","level":"info","msg":"server_start","port":44470,"service":"axis-api"}
{"timestamp":"2026-04-09T16:04:47.226Z","level":"info","msg":"server_start","port":44402,"service":"axis-api"}
{"timestamp":"2026-04-09T16:04:47.361Z","level":"info","msg":"request","request_id":"7e4d475e-b8c5-47e9-b11c-4b8872018ff5","method":"GET","path":"/v1/docs","status":200,"duration_ms":13}
{"timestamp":"2026-04-09T16:04:47.392Z","level":"info","msg":"request","request_id":"e060886c-9b9d-4d4c-8021-e1ed5e6c4257","method":"GET","path":"/v1/programs","status":200,"duration_ms":7}
{"timestamp":"2026-04-09T16:04:47.402Z","level":"info","msg":"request","request_id":"04a57899-bbe9-489b-9e6e-33a7fc416dd4","method":"POST","path":"/v1/accounts","status":201,"duration_ms":13}
{"timestamp":"2026-04-09T16:04:47.407Z","level":"warn","msg":"request","request_id":"17c3d111-2e00-449c-9883-d7b37dfab2dd","method":"POST","path":"/v1/snapshots","status":400,"duration_ms":2}
{"timestamp":"2026-04-09T16:04:47.414Z","level":"info","msg":"request","request_id":"21aa6669-ad5b-4536-ae30-e693b065de35","method":"POST","path":"/v1/accounts","status":201,"duration_ms":3}
{"timestamp":"2026-04-09T16:04:47.420Z","level":"warn","msg":"request","request_id":"bf98bf23-a29a-4554-8d4d-9acaa9d76da7","method":"POST","path":"/v1/snapshots","status":400,"duration_ms":2}
{"timestamp":"2026-04-09T16:04:47.423Z","level":"info","msg":"request","request_id":"9792c49b-d1cc-4f7a-a2ba-99f5878f01ff","method":"GET","path":"/v1/account","status":200,"duration_ms":4}
{"timestamp":"2026-04-09T16:04:47.424Z","level":"warn","msg":"request","request_id":"4af69a04-1c98-4f66-b9df-d36d854ffde1","method":"POST","path":"/v1/snapshots","status":400,"duration_ms":1}
{"timestamp":"2026-04-09T16:04:47.428Z","level":"warn","msg":"request","request_id":"fed400b4-99f6-4967-b518-ce7e27c0778b","method":"POST","path":"/v1/snapshots","status":400,"duration_ms":1}
{"timestamp":"2026-04-09T16:04:47.429Z","level":"info","msg":"request","request_id":"7f9df422-4ee0-4db9-82fa-e9cdcb4b1ed3","method":"POST","path":"/v1/accounts","status":201,"duration_ms":3}
{"timestamp":"2026-04-09T16:04:47.431Z","level":"warn","msg":"request","request_id":"9058e9e2-2016-4965-a41b-68ed0018b663","method":"POST","path":"/v1/snapshots","status":400,"duration_ms":1}
{"timestamp":"2026-04-09T16:04:47.437Z","level":"warn","msg":"request","request_id":"e1c26062-9ee8-43ec-afc9-80ed3472e9eb","method":"POST","path":"/v1/snapshots","status":400,"duration_ms":2}
{"timestamp":"2026-04-09T16:04:47.437Z","level":"info","msg":"request","request_id":"1d26b672-c0d1-40b1-99b5-03e61e95d876","method":"POST","path":"/v1/account/keys","status":201,"duration_ms":6}
{"timestamp":"2026-04-09T16:04:47.447Z","level":"info","msg":"request","request_id":"28bec6c7-55ee-4e1f-98c9-eee8807b8242","method":"POST","path":"/v1/accounts","status":201,"duration_ms":5}
{"timestamp":"2026-04-09T16:04:47.452Z","level":"info","msg":"request","request_id":"098acaf2-0fd2-4893-9bdf-70dc1f8d1ede","method":"POST","path":"/v1/account/keys","status":201,"duration_ms":2}
{"timestamp":"2026-04-09T16:04:47.456Z","level":"info","msg":"request","request_id":"e3512927-5f04-420d-8e22-745f371df693","method":"GET","path":"/v1/account/keys","status":200,"duration_ms":2}
{"timestamp":"2026-04-09T16:04:47.464Z","level":"info","msg":"request","request_id":"0c4dc19b-528a-4b57-bbfd-6d2be891312c","method":"POST","path":"/v1/accounts","status":201,"duration_ms":3}
{"timestamp":"2026-04-09T16:04:47.470Z","level":"info","msg":"request","request_id":"2e852600-c5d9-42e7-9517-1532ea308f3f","method":"POST","path":"/v1/account/keys","status":201,"duration_ms":1}
{"timestamp":"2026-04-09T16:04:47.474Z","level":"info","msg":"request","request_id":"dfa732dc-5fab-4dc5-b830-16192dc6158d","method":"POST","path":"/v1/snapshots","status":201,"duration_ms":33}
{"timestamp":"2026-04-09T16:04:47.477Z","level":"info","msg":"request","request_id":"6f53e9d6-c777-4c60-b841-7073faa90e34","method":"GET","path":"/v1/account","status":200,"duration_ms":1}
{"timestamp":"2026-04-09T16:04:47.482Z","level":"info","msg":"request","request_id":"b0818945-69f2-470a-93b4-a25fcfd47f5f","method":"POST","path":"/v1/snapshots","status":201,"duration_ms":4}
{"timestamp":"2026-04-09T16:04:47.482Z","level":"info","msg":"request","request_id":"ac1fb71e-5203-422b-ac21-15b6f37a1d20","method":"POST","path":"/v1/account/keys/96c88439-b65a-4a79-8bb1-4b272330f5e1/revoke","status":200,"duration_ms":3}
{"timestamp":"2026-04-09T16:04:47.485Z","level":"warn","msg":"request","request_id":"5d886f93-37cc-453b-9502-e8059da12cae","method":"GET","path":"/v1/account","status":401,"duration_ms":1}
{"timestamp":"2026-04-09T16:04:47.489Z","level":"warn","msg":"request","request_id":"cf581c62-44ae-40d6-97e1-ec450082b5ed","method":"POST","path":"/v1/snapshots","status":401,"duration_ms":1}
{"timestamp":"2026-04-09T16:04:47.490Z","level":"info","msg":"request","request_id":"4a5f39a1-2475-4857-bd9b-245606cde271","method":"POST","path":"/v1/accounts","status":201,"duration_ms":2}
{"timestamp":"2026-04-09T16:04:47.492Z","level":"warn","msg":"request","request_id":"cc6d12ca-76d9-4a2a-9ee0-8417a0d51bf1","method":"POST","path":"/v1/search/query","status":400,"duration_ms":1}
{"timestamp":"2026-04-09T16:04:47.509Z","level":"info","msg":"request","request_id":"43a7b8af-8b01-4ba4-ac96-2fb3d4760b4a","method":"POST","path":"/v1/search/query","status":200,"duration_ms":14}
{"timestamp":"2026-04-09T16:04:47.512Z","level":"info","msg":"request","request_id":"c9e203ad-3e64-4937-a4e9-69b725a600d8","method":"POST","path":"/v1/search/query","status":200,"duration_ms":1}
{"timestamp":"2026-04-09T16:04:47.515Z","level":"info","msg":"request","request_id":"c3ae7752-2dc9-440f-92f7-f246a398c87a","method":"POST","path":"/v1/search/query","status":200,"duration_ms":1}
{"timestamp":"2026-04-09T16:04:47.520Z","level":"warn","msg":"request","request_id":"b88b84da-da78-4c15-962e-dc805235d95a","method":"DELETE","path":"/v1/projects/proj_nonexistent","status":404,"duration_ms":2}
{"timestamp":"2026-04-09T16:04:47.523Z","level":"warn","msg":"request","request_id":"5831ea4d-d26f-4dda-b5e8-31be43db1b4c","method":"GET","path":"/v1/projects/ad0911a0-d599-4927-b0a7-e7f75a9965f6/generated-files/..%2F..%2Fsecret","status":400,"duration_ms":1}
{"timestamp":"2026-04-09T16:04:47.526Z","level":"info","msg":"request","request_id":"34f0f592-929e-4ca7-bdfe-f012259d0df7","method":"GET","path":"/v1/projects/ad0911a0-d599-4927-b0a7-e7f75a9965f6/generated-files/context-map.json","status":200,"duration_ms":1}
{"timestamp":"2026-04-09T16:04:47.532Z","level":"warn","msg":"request","request_id":"cb954f22-e1b0-4635-852e-7d63f6e26e13","method":"POST","path":"/v1/debug/analyze","status":400,"duration_ms":1}
{"timestamp":"2026-04-09T16:04:47.536Z","level":"warn","msg":"request","request_id":"3004539a-5277-4f27-aa30-c988825cc852","method":"POST","path":"/v1/debug/analyze","status":404,"duration_ms":2}
{"timestamp":"2026-04-09T16:04:47.540Z","level":"warn","msg":"request","request_id":"670399c4-d2ba-481d-a272-4eb15ee51df5","method":"GET","path":"/v1/projects/30292471-638e-48b6-8184-41272d1e54ad/context","status":404,"duration_ms":1}
{"timestamp":"2026-04-09T16:04:47.543Z","level":"warn","msg":"request","request_id":"194a6b68-5a13-4f64-a99d-f2734745402e","method":"GET","path":"/v1/projects/30292471-638e-48b6-8184-41272d1e54ad/generated-files","status":404,"duration_ms":2}
{"timestamp":"2026-04-09T16:04:47.547Z","level":"warn","msg":"request","request_id":"8ec427d4-0192-42a2-bdc7-571203371c9d","method":"POST","path":"/v1/account/seats","status":403,"duration_ms":2}
{"timestamp":"2026-04-09T16:04:47.550Z","level":"warn","msg":"request","request_id":"f009a967-2014-4545-a6d1-24a3f941bd1e","method":"POST","path":"/v1/account/seats","status":400,"duration_ms":1}
{"timestamp":"2026-04-09T16:04:47.554Z","level":"warn","msg":"request","request_id":"aa83c272-38e3-454a-8a36-d26e6faa167d","method":"POST","path":"/v1/account/seats","status":400,"duration_ms":1}
{"timestamp":"2026-04-09T16:04:47.560Z","level":"info","msg":"request","request_id":"d036eb9c-2066-4eed-976a-5c7bf5c340ae","method":"POST","path":"/v1/account/seats","status":201,"duration_ms":4}
{"timestamp":"2026-04-09T16:04:47.563Z","level":"warn","msg":"request","request_id":"ea39b426-9b69-4e31-bada-1cd4e07a0f5e","method":"POST","path":"/v1/account/seats","status":409,"duration_ms":1}
{"timestamp":"2026-04-09T16:04:47.568Z","level":"info","msg":"request","request_id":"58a778ea-bedf-4bb8-908e-64e4b1ab7934","method":"GET","path":"/v1/account/seats","status":200,"duration_ms":2}
{"timestamp":"2026-04-09T16:04:47.571Z","level":"info","msg":"request","request_id":"2a3afc69-2d6b-480f-9978-a6dce5f8c8db","method":"GET","path":"/v1/account/seats?include_revoked=true","status":200,"duration_ms":1}
{"timestamp":"2026-04-09T16:04:47.575Z","level":"info","msg":"request","request_id":"2d246e46-704a-4088-ba8b-726ea457ce72","method":"GET","path":"/v1/account/seats","status":200,"duration_ms":1}
{"timestamp":"2026-04-09T16:04:47.578Z","level":"warn","msg":"request","request_id":"4950af43-cc9e-4788-9415-2ed41e12e60c","method":"POST","path":"/v1/account/seats/seat_fake/accept","status":404,"duration_ms":1}
{"timestamp":"2026-04-09T16:04:47.584Z","level":"info","msg":"request","request_id":"12ada9ac-e9c5-475b-a553-86ce3b028096","method":"POST","path":"/v1/account/seats","status":201,"duration_ms":4}
{"timestamp":"2026-04-09T16:04:47.584Z","level":"info","msg":"request","request_id":"f7def53d-df56-43b1-bd29-72a6e835139f","method":"POST","path":"/v1/snapshots","status":201,"duration_ms":93}
{"timestamp":"2026-04-09T16:04:47.587Z","level":"warn","msg":"request","request_id":"2f1efff7-d398-4ff1-a148-173d28805488","method":"POST","path":"/v1/account/seats/860309f0-4666-406c-b534-b2ae30b9fe63/accept","status":403,"duration_ms":1}
{"timestamp":"2026-04-09T16:04:47.588Z","level":"info","msg":"request","request_id":"a29c9db7-3c40-4137-b671-c1cef170f662","method":"GET","path":"/v1/snapshots/1da3e494-016e-41a4-a244-9e4e380d2d24","status":200,"duration_ms":2}
{"timestamp":"2026-04-09T16:04:47.591Z","level":"warn","msg":"request","request_id":"af76fd57-f6fe-4b05-b4f3-96e158473814","method":"POST","path":"/v1/account/seats/seat_fake/revoke","status":404,"duration_ms":2}
{"timestamp":"2026-04-09T16:04:47.593Z","level":"info","msg":"request","request_id":"14d006ff-2ba7-42d0-b281-1110b21371b9","method":"POST","path":"/v1/accounts","status":201,"duration_ms":2}
{"timestamp":"2026-04-09T16:04:47.598Z","level":"info","msg":"request","request_id":"294e01e8-b13c-4634-ab0e-23c9aacf3706","method":"GET","path":"/v1/account/upgrade-prompt","status":200,"duration_ms":4}
{"timestamp":"2026-04-09T16:04:47.603Z","level":"info","msg":"request","request_id":"84ae18c9-a73a-416d-ac33-fe66c64775a4","method":"GET","path":"/v1/account/upgrade-prompt","status":200,"duration_ms":1}
{"timestamp":"2026-04-09T16:04:47.605Z","level":"info","msg":"request","request_id":"2119d092-2893-4643-bf70-428ed4e9434d","method":"POST","path":"/v1/snapshots","status":201,"duration_ms":11}
{"timestamp":"2026-04-09T16:04:47.612Z","level":"info","msg":"request","request_id":"1770d5c2-595a-4f7d-b626-1d120a897f88","method":"POST","path":"/v1/account/upgrade-prompt/dismiss","status":200,"duration_ms":1}
{"timestamp":"2026-04-09T16:04:47.654Z","level":"info","msg":"request","request_id":"8d5480f9-0cdf-4aa6-8aa9-61deed1466e9","method":"POST","path":"/v1/account/upgrade-prompt/dismiss","status":200,"duration_ms":37}
{"timestamp":"2026-04-09T16:04:47.657Z","level":"info","msg":"request","request_id":"faef1587-2578-4375-808c-bd687fbd97d8","method":"POST","path":"/v1/account/upgrade-prompt/dismiss","status":200,"duration_ms":1}
{"timestamp":"2026-04-09T16:04:47.672Z","level":"info","msg":"request","request_id":"9dfa17b1-ba58-4000-a59d-a0963445779f","method":"GET","path":"/v1/account/funnel","status":200,"duration_ms":10}
{"timestamp":"2026-04-09T16:04:47.676Z","level":"info","msg":"request","request_id":"df96f67d-c24a-4fc6-afeb-6356c8133533","method":"GET","path":"/v1/account/funnel?limit=5","status":200,"duration_ms":2}
{"timestamp":"2026-04-09T16:04:47.679Z","level":"info","msg":"request","request_id":"e6385c3c-9ad5-4c8e-b73e-b302c17c2ef4","method":"GET","path":"/v1/account/funnel?limit=9999","status":200,"duration_ms":1}
 [32mΓ£ô[39m apps/api/src/api-branches.test.ts [2m([22m[2m40 tests[22m[2m)[22m[33m 571[2mms[22m[39m
{"timestamp":"2026-04-09T16:04:47.831Z","level":"info","msg":"request","request_id":"26dd1cd9-17a0-487d-8a47-00d9938a3fad","method":"GET","path":"/v1/account/usage","status":200,"duration_ms":2}
{"timestamp":"2026-04-09T16:04:47.835Z","level":"info","msg":"request","request_id":"72aa420b-ee59-43de-a9ee-506ae1ecfa49","method":"POST","path":"/v1/accounts","status":201,"duration_ms":2}
{"timestamp":"2026-04-09T16:04:47.845Z","level":"info","msg":"request","request_id":"cdf7831c-ff33-4349-8d26-a7e8b6be1f70","method":"POST","path":"/v1/snapshots","status":201,"duration_ms":8}
{"timestamp":"2026-04-09T16:04:47.854Z","level":"info","msg":"request","request_id":"f46349e5-ac5a-42a3-8226-637741844c54","method":"GET","path":"/v1/projects/1cc0337c-e95e-4d16-97d0-d96b284131ca/generated-files","status":200,"duration_ms":3}
{"timestamp":"2026-04-09T16:04:47.859Z","level":"info","msg":"request","request_id":"9150ebae-4671-4f45-af4a-89ea98b3e8f2","method":"POST","path":"/v1/accounts","status":201,"duration_ms":2}
{"timestamp":"2026-04-09T16:04:47.861Z","level":"info","msg":"request","request_id":"7979387c-9bbe-49d8-b7a9-55041e7fedcb","method":"GET","path":"/v1/account","status":200,"duration_ms":1}
{"timestamp":"2026-04-09T16:04:47.876Z","level":"info","msg":"request","request_id":"88760a71-bff6-4589-83cd-dbf8b6759050","method":"POST","path":"/v1/accounts","status":201,"duration_ms":13}
{"timestamp":"2026-04-09T16:04:47.881Z","level":"info","msg":"request","request_id":"8fee5c40-ef21-464b-b3fc-a904aba35005","method":"POST","path":"/v1/account/tier","status":200,"duration_ms":3}
{"timestamp":"2026-04-09T16:04:47.892Z","level":"info","msg":"request","request_id":"802fef0e-2468-4951-8650-b400c52cded0","method":"POST","path":"/v1/accounts","status":201,"duration_ms":7}
{"timestamp":"2026-04-09T16:04:47.895Z","level":"info","msg":"request","request_id":"ac304cf9-211e-4792-837f-3c343b5ba400","method":"POST","path":"/v1/account/tier","status":200,"duration_ms":2}
{"timestamp":"2026-04-09T16:04:47.901Z","level":"info","msg":"request","request_id":"5d63e0f4-b381-408f-9273-f17681d9e32d","method":"POST","path":"/v1/account/tier","status":200,"duration_ms":5}
{"timestamp":"2026-04-09T16:04:47.905Z","level":"info","msg":"request","request_id":"a316b032-fcb4-4739-8a0b-73f9c4272085","method":"POST","path":"/v1/accounts","status":201,"duration_ms":2}
{"timestamp":"2026-04-09T16:04:47.907Z","level":"warn","msg":"request","request_id":"e7d3c7a1-3bfd-42d9-b85b-3592a778645b","method":"POST","path":"/v1/account/tier","status":400,"duration_ms":1}
{"timestamp":"2026-04-09T16:04:47.910Z","level":"info","msg":"request","request_id":"4c7d1d8e-8268-4906-a09f-aa563740d76c","method":"POST","path":"/v1/accounts","status":201,"duration_ms":2}
{"timestamp":"2026-04-09T16:04:47.912Z","level":"warn","msg":"request","request_id":"01ecda62-7b0e-4ca0-8100-9fbde29c30e1","method":"POST","path":"/v1/account/programs","status":403,"duration_ms":1}
{"timestamp":"2026-04-09T16:04:47.917Z","level":"info","msg":"request","request_id":"ef603eb6-b03d-49b3-ac11-8af109e52719","method":"POST","path":"/v1/accounts","status":201,"duration_ms":3}
{"timestamp":"2026-04-09T16:04:47.925Z","level":"info","msg":"request","request_id":"5d99e962-f164-424c-8060-e8a0e8e399c2","method":"POST","path":"/v1/account/tier","status":200,"duration_ms":2}
{"timestamp":"2026-04-09T16:04:47.927Z","level":"info","msg":"request","request_id":"f56268d3-22b1-4296-9fff-92d7f0011dd4","method":"POST","path":"/v1/account/programs","status":200,"duration_ms":1}
{"timestamp":"2026-04-09T16:04:47.937Z","level":"info","msg":"request","request_id":"e7ec034b-d89f-4f8f-b43b-28801c139499","method":"POST","path":"/v1/account/programs","status":200,"duration_ms":1}
{"timestamp":"2026-04-09T16:04:47.941Z","level":"info","msg":"request","request_id":"5aca073e-2482-4647-9729-8fdbcb275c74","method":"POST","path":"/v1/accounts","status":201,"duration_ms":1}
{"timestamp":"2026-04-09T16:04:47.944Z","level":"info","msg":"request","request_id":"b30a5a5e-dd09-46bc-bb91-b102317034f1","method":"POST","path":"/v1/account/tier","status":200,"duration_ms":2}
{"timestamp":"2026-04-09T16:04:47.946Z","level":"warn","msg":"request","request_id":"f69d434d-c06b-415c-8d5b-d7d15680b018","method":"POST","path":"/v1/account/programs","status":400,"duration_ms":1}
{"timestamp":"2026-04-09T16:04:47.949Z","level":"info","msg":"request","request_id":"28934033-78a1-47eb-8473-92e77641cfbc","method":"POST","path":"/v1/accounts","status":201,"duration_ms":1}
{"timestamp":"2026-04-09T16:04:47.952Z","level":"info","msg":"request","request_id":"f80df641-cecb-4e4d-b7b1-135bf201195d","method":"POST","path":"/v1/account/tier","status":200,"duration_ms":2}
{"timestamp":"2026-04-09T16:04:47.956Z","level":"info","msg":"request","request_id":"0aabce6a-c1e4-4cce-a71b-49d3c51c31ff","method":"POST","path":"/v1/account/seats","status":201,"duration_ms":3}
{"timestamp":"2026-04-09T16:04:47.960Z","level":"info","msg":"request","request_id":"fb2c353e-4b81-4b90-aef8-2f2aea8451d3","method":"GET","path":"/v1/account/seats","status":200,"duration_ms":2}
{"timestamp":"2026-04-09T16:04:47.965Z","level":"info","msg":"request","request_id":"ed9ca0fb-b7da-410c-8ce5-aaee240f2b1e","method":"POST","path":"/v1/accounts","status":201,"duration_ms":3}
{"timestamp":"2026-04-09T16:04:47.968Z","level":"info","msg":"request","request_id":"2a3faf01-5f20-4fea-ad17-fd1ff9c4d1a8","method":"POST","path":"/v1/account/tier","status":200,"duration_ms":1}
{"timestamp":"2026-04-09T16:04:47.971Z","level":"info","msg":"request","request_id":"d1be1b1c-767c-4e22-b566-f0182374c8f8","method":"POST","path":"/v1/account/seats","status":201,"duration_ms":1}
{"timestamp":"2026-04-09T16:04:47.973Z","level":"info","msg":"request","request_id":"d87578ab-417a-4ef7-94f3-d7e33955e60e","method":"POST","path":"/v1/accounts","status":201,"duration_ms":1}
{"timestamp":"2026-04-09T16:04:47.977Z","level":"info","msg":"request","request_id":"261e8586-223f-4b5a-80b0-a326ed7da07e","method":"POST","path":"/v1/account/seats/a8439dd7-b96b-463f-9d9a-73f28e684308/accept","status":200,"duration_ms":3}
{"timestamp":"2026-04-09T16:04:47.980Z","level":"info","msg":"request","request_id":"87fea681-9230-454f-ad9b-02aed7179634","method":"POST","path":"/v1/accounts","status":201,"duration_ms":2}
{"timestamp":"2026-04-09T16:04:47.984Z","level":"info","msg":"request","request_id":"a66d9482-ead9-45d9-a0f6-2ea2c7c38dac","method":"POST","path":"/v1/account/tier","status":200,"duration_ms":3}
{"timestamp":"2026-04-09T16:04:47.987Z","level":"info","msg":"request","request_id":"7fc954be-1e43-41a7-93f2-a482076c97b3","method":"POST","path":"/v1/account/seats","status":201,"duration_ms":2}
{"timestamp":"2026-04-09T16:04:47.990Z","level":"info","msg":"request","request_id":"a9c8df99-57d6-4d13-b2d6-8aeecfb71501","method":"POST","path":"/v1/account/seats/05bd273e-9a94-458d-8128-f9ef33612401/revoke","status":200,"duration_ms":2}
{"timestamp":"2026-04-09T16:04:47.993Z","level":"warn","msg":"request","request_id":"8a96641e-a3b2-4dc1-8cf3-00c0685bc814","method":"GET","path":"/v1/account","status":401,"duration_ms":1}
{"timestamp":"2026-04-09T16:04:47.996Z","level":"warn","msg":"request","request_id":"055efd8f-e2e2-4ea0-b49f-8019bfeb2687","method":"GET","path":"/v1/account","status":401,"duration_ms":1}
{"timestamp":"2026-04-09T16:04:48.000Z","level":"info","msg":"request","request_id":"02a61b21-eba5-43fc-81db-954a2917ed6d","method":"POST","path":"/v1/accounts","status":201,"duration_ms":1}
{"timestamp":"2026-04-09T16:04:48.005Z","level":"info","msg":"request","request_id":"766b12a8-fe7c-41c7-9e72-cd1151e46a66","method":"POST","path":"/v1/account/keys","status":201,"duration_ms":2}
{"timestamp":"2026-04-09T16:04:48.008Z","level":"info","msg":"request","request_id":"fa005568-4161-4dfa-ae81-2f96edaec47e","method":"POST","path":"/v1/account/keys/451f201f-32ff-43bd-8c17-167c8143a947/revoke","status":200,"duration_ms":1}
{"timestamp":"2026-04-09T16:04:48.011Z","level":"warn","msg":"request","request_id":"11f11779-90d4-4d89-88c7-54a6eda0df58","method":"GET","path":"/v1/account","status":401,"duration_ms":1}
{"timestamp":"2026-04-09T16:04:48.014Z","level":"info","msg":"request","request_id":"dbdb9ba5-f126-4faa-804f-13eb6c9c8d5c","method":"POST","path":"/v1/accounts","status":201,"duration_ms":1}
{"timestamp":"2026-04-09T16:04:48.017Z","level":"warn","msg":"request","request_id":"ae6be8fb-dffd-4591-8b2c-ecab9e5bdf99","method":"POST","path":"/v1/accounts","status":409,"duration_ms":1}
{"timestamp":"2026-04-09T16:04:48.020Z","level":"info","msg":"request","request_id":"445a845e-f74b-4f3b-9d1b-58d569ba3355","method":"GET","path":"/v1/plans","status":200,"duration_ms":1}
{"timestamp":"2026-04-09T16:04:48.024Z","level":"info","msg":"request","request_id":"ef4a472b-16bf-4bd3-b3b1-9c9ba1abe67c","method":"POST","path":"/v1/accounts","status":201,"duration_ms":1}
{"timestamp":"2026-04-09T16:04:48.028Z","level":"info","msg":"request","request_id":"40dec40b-350d-4d05-a271-7a7153fb9017","method":"GET","path":"/v1/account","status":200,"duration_ms":1}
{"timestamp":"2026-04-09T16:04:48.030Z","level":"warn","msg":"request","request_id":"77ccc4ec-8a28-49f1-a281-470858d6e6cd","method":"GET","path":"/v1/account","status":401,"duration_ms":0}
{"timestamp":"2026-04-09T16:04:48.037Z","level":"info","msg":"request","request_id":"352b2080-aa81-417e-bb6c-b1e7df4abe1e","method":"POST","path":"/v1/accounts","status":201,"duration_ms":1}
{"timestamp":"2026-04-09T16:04:48.045Z","level":"info","msg":"request","request_id":"1381c461-bc6b-4314-8775-6a6bbf3dc60d","method":"POST","path":"/v1/account/tier","status":200,"duration_ms":6}
{"timestamp":"2026-04-09T16:04:48.052Z","level":"warn","msg":"request","request_id":"58f5fd21-c7d7-46b3-a88d-5062a24cc8a2","method":"POST","path":"/v1/account/programs","status":400,"duration_ms":6}
{"timestamp":"2026-04-09T16:04:48.055Z","level":"info","msg":"request","request_id":"dd7f3d0f-b046-493f-a7b0-94691a7f974c","method":"POST","path":"/v1/accounts","status":201,"duration_ms":1}
{"timestamp":"2026-04-09T16:04:48.058Z","level":"info","msg":"request","request_id":"1ad4845f-f66c-48c5-9ea6-3b9734e4121a","method":"POST","path":"/v1/account/tier","status":200,"duration_ms":2}
{"timestamp":"2026-04-09T16:04:48.061Z","level":"warn","msg":"request","request_id":"d2d099a5-b685-4c4d-8174-206f797ad4b2","method":"POST","path":"/v1/account/programs","status":400,"duration_ms":1}
{"timestamp":"2026-04-09T16:04:48.065Z","level":"info","msg":"request","request_id":"9f60ec35-667c-47aa-a269-3382849ab4f9","method":"POST","path":"/v1/accounts","status":201,"duration_ms":1}
{"timestamp":"2026-04-09T16:04:48.068Z","level":"info","msg":"request","request_id":"fa583666-b620-428f-bb9a-84b0f0811b1f","method":"POST","path":"/v1/account/keys","status":201,"duration_ms":2}
{"timestamp":"2026-04-09T16:04:48.071Z","level":"info","msg":"request","request_id":"6ff4a541-473e-4ab2-8a0e-71205cd59628","method":"POST","path":"/v1/account/keys/4dc39802-ceb8-4a04-8c13-824b9bb724ef/revoke","status":200,"duration_ms":1}
{"timestamp":"2026-04-09T16:04:48.073Z","level":"warn","msg":"request","request_id":"61074169-4c28-477b-896a-1019dfd32148","method":"POST","path":"/v1/account/keys/4dc39802-ceb8-4a04-8c13-824b9bb724ef/revoke","status":409,"duration_ms":1}
{"timestamp":"2026-04-09T16:04:48.076Z","level":"info","msg":"request","request_id":"a4dbc9c0-30a0-4f33-815c-55d800c2aee9","method":"POST","path":"/v1/accounts","status":201,"duration_ms":1}
{"timestamp":"2026-04-09T16:04:48.080Z","level":"info","msg":"request","request_id":"d3d5cf80-e031-4f22-a093-217290ff341b","method":"POST","path":"/v1/account/tier","status":200,"duration_ms":2}
{"timestamp":"2026-04-09T16:04:48.084Z","level":"info","msg":"request","request_id":"a1ab5c51-12e2-469b-bf3e-7dd1b8a7b129","method":"POST","path":"/v1/accounts","status":201,"duration_ms":2}
{"timestamp":"2026-04-09T16:04:48.087Z","level":"warn","msg":"request","request_id":"b6558b78-7303-495f-aa73-42dbbee351a0","method":"POST","path":"/v1/account/tier","status":400,"duration_ms":1}
{"timestamp":"2026-04-09T16:04:48.091Z","level":"info","msg":"request","request_id":"5074fb0c-f302-44c5-9e3e-f8799dc16d93","method":"POST","path":"/v1/accounts","status":201,"duration_ms":2}
{"timestamp":"2026-04-09T16:04:48.093Z","level":"info","msg":"request","request_id":"e13c326e-fc5d-428f-b402-62f09b297371","method":"POST","path":"/v1/account/tier","status":200,"duration_ms":1}
{"timestamp":"2026-04-09T16:04:48.105Z","level":"info","msg":"request","request_id":"a1008a71-df51-40c9-b9c4-d612008669ed","method":"POST","path":"/v1/account/seats","status":201,"duration_ms":11}
{"timestamp":"2026-04-09T16:04:48.120Z","level":"info","msg":"request","request_id":"305cb28a-362a-435f-9c71-c19dea35b805","method":"POST","path":"/v1/account/seats","status":201,"duration_ms":12}
{"timestamp":"2026-04-09T16:04:48.123Z","level":"info","msg":"request","request_id":"3e85cdd2-9e77-450d-88f4-2bc7d6f4939f","method":"POST","path":"/v1/account/seats","status":201,"duration_ms":2}
{"timestamp":"2026-04-09T16:04:48.126Z","level":"info","msg":"request","request_id":"0cba326d-cbd0-4e98-b80e-eb08ebaf6031","method":"POST","path":"/v1/account/seats","status":201,"duration_ms":2}
{"timestamp":"2026-04-09T16:04:48.134Z","level":"info","msg":"request","request_id":"58607b0b-b08e-40a2-841b-ab0349a58868","method":"POST","path":"/v1/account/seats","status":201,"duration_ms":6}
{"timestamp":"2026-04-09T16:04:48.138Z","level":"warn","msg":"request","request_id":"9bf04d84-58ea-4f09-9104-02e54d40e424","method":"POST","path":"/v1/account/seats","status":429,"duration_ms":2}
{"timestamp":"2026-04-09T16:04:48.142Z","level":"info","msg":"request","request_id":"be4aaf19-af66-40ea-97c0-a5ea35defc18","method":"POST","path":"/v1/accounts","status":201,"duration_ms":2}
{"timestamp":"2026-04-09T16:04:48.147Z","level":"warn","msg":"request","request_id":"01838583-10ec-49f8-9243-8880e5e1ad19","method":"POST","path":"/v1/account/seats","status":403,"duration_ms":2}
{"timestamp":"2026-04-09T16:04:48.151Z","level":"info","msg":"request","request_id":"8d6bc6fc-b969-4873-af2a-f36467641bf8","method":"POST","path":"/v1/accounts","status":201,"duration_ms":1}
{"timestamp":"2026-04-09T16:04:48.154Z","level":"warn","msg":"request","request_id":"759fa34e-66f7-4628-b366-b27b9d534183","method":"POST","path":"/v1/account/seats/seat_nonexistent/revoke","status":404,"duration_ms":1}
{"timestamp":"2026-04-09T16:04:48.158Z","level":"info","msg":"request","request_id":"6773934d-38dd-47a5-83fb-8093d495083a","method":"POST","path":"/v1/accounts","status":201,"duration_ms":1}
{"timestamp":"2026-04-09T16:04:48.161Z","level":"info","msg":"request","request_id":"878e53f4-0d67-4797-b89d-ecd5cd309fff","method":"POST","path":"/v1/account/tier","status":200,"duration_ms":2}
{"timestamp":"2026-04-09T16:04:48.168Z","level":"info","msg":"request","request_id":"9108adff-1e27-4445-a95b-c5af82516228","method":"POST","path":"/v1/account/seats","status":201,"duration_ms":5}
{"timestamp":"2026-04-09T16:04:48.171Z","level":"info","msg":"request","request_id":"92ee7432-47ae-46d2-8a02-cdc54bb8653c","method":"POST","path":"/v1/account/seats/a970ae85-37ca-4a9b-bb9c-92b606055810/revoke","status":200,"duration_ms":1}
{"timestamp":"2026-04-09T16:04:48.173Z","level":"warn","msg":"request","request_id":"5afb38db-9c07-451d-8e9a-971185a758aa","method":"POST","path":"/v1/account/seats/a970ae85-37ca-4a9b-bb9c-92b606055810/revoke","status":404,"duration_ms":1}
{"timestamp":"2026-04-09T16:04:48.187Z","level":"info","msg":"request","request_id":"843f5390-5cfd-427a-8d78-f22c9aa0ce75","method":"POST","path":"/v1/accounts","status":201,"duration_ms":2}
{"timestamp":"2026-04-09T16:04:48.190Z","level":"warn","msg":"request","request_id":"cd4e593e-7307-4566-a651-406ff1292bfb","method":"POST","path":"/v1/account/keys/key_nonexistent_9999/revoke","status":404,"duration_ms":1}
{"timestamp":"2026-04-09T16:04:48.201Z","level":"info","msg":"request","request_id":"391f5ac0-bbc2-43d5-a1a1-7a0a8d2ed028","method":"POST","path":"/v1/accounts","status":201,"duration_ms":9}
{"timestamp":"2026-04-09T16:04:48.207Z","level":"warn","msg":"request","request_id":"3271540e-a8b9-4d1a-9cd8-94fe74abf32b","method":"POST","path":"/v1/account/tier","status":400,"duration_ms":1}
 [32mΓ£ô[39m apps/api/src/billing-flow.test.ts [2m([22m[2m36 tests[22m[2m)[22m[33m 1179[2mms[22m[39m
 [32mΓ£ô[39m apps/api/src/api.test.ts [2m([22m[2m30 tests[22m[2m)[22m[33m 612[2mms[22m[39m
{"timestamp":"2026-04-09T16:04:49.071Z","level":"info","msg":"server_start","port":44414,"service":"axis-api"}
{"timestamp":"2026-04-09T16:04:49.247Z","level":"info","msg":"request","request_id":"6a21c014-1710-4b3b-adf2-8b5d0104285c","method":"GET","path":"/v1/health","status":200,"duration_ms":13}
{"timestamp":"2026-04-09T16:04:49.269Z","level":"info","msg":"request","request_id":"542cd326-cf2e-4adb-b2ed-a3a93a169818","method":"GET","path":"/v1/health","status":200,"duration_ms":1}
{"timestamp":"2026-04-09T16:04:49.274Z","level":"info","msg":"request","request_id":"1320623e-5d42-4d49-bbfd-c4610298cbf9","method":"GET","path":"/v1/health","status":200,"duration_ms":1}
{"timestamp":"2026-04-09T16:04:49.278Z","level":"info","msg":"request","request_id":"376b3ba5-5841-47a4-a649-31ba713c0a49","method":"GET","path":"/v1/health","status":200,"duration_ms":1}
{"timestamp":"2026-04-09T16:04:49.283Z","level":"info","msg":"request","request_id":"b470d920-e1a4-4ea0-8f05-ae312ffd9b39","method":"GET","path":"/v1/health","status":200,"duration_ms":2}
{"timestamp":"2026-04-09T16:04:49.289Z","level":"info","msg":"request","request_id":"ec8a0fa1-4b0d-483b-ac1c-7767454142be","method":"GET","path":"/v1/health","status":200,"duration_ms":1}
{"timestamp":"2026-04-09T16:04:49.292Z","level":"info","msg":"request","request_id":"66982342-883b-4fa5-839b-929405f6a4ec","method":"GET","path":"/v1/health","status":200,"duration_ms":1}
{"timestamp":"2026-04-09T16:04:49.295Z","level":"info","msg":"request","request_id":"d8f80bbb-9f92-4cc1-a29c-c008ed5ae260","method":"GET","path":"/v1/health","status":200,"duration_ms":1}
{"timestamp":"2026-04-09T16:04:49.303Z","level":"info","msg":"request","request_id":"ffd2ced2-5289-4d36-8041-c214a8646579","method":"GET","path":"/v1/health","status":200,"duration_ms":1}
{"timestamp":"2026-04-09T16:04:49.309Z","level":"info","msg":"request","request_id":"6c0fa51b-70bf-466f-b861-a04074eb790e","method":"GET","path":"/v1/health","status":200,"duration_ms":1}
{"timestamp":"2026-04-09T16:04:49.312Z","level":"info","msg":"request","request_id":"b7a6fd70-25cd-4138-9039-8c5adc80acb0","method":"GET","path":"/v1/health","status":200,"duration_ms":1}
{"timestamp":"2026-04-09T16:04:49.371Z","level":"info","msg":"request","request_id":"35ad9491-bdf6-4b16-877f-11a9b19eb5ef","method":"GET","path":"/v1/health","status":200,"duration_ms":1}
{"timestamp":"2026-04-09T16:04:49.373Z","level":"info","msg":"request","request_id":"e935e688-861c-41ef-8d05-91608e257ac6","method":"GET","path":"/v1/health","status":200,"duration_ms":1}
{"timestamp":"2026-04-09T16:04:49.374Z","level":"info","msg":"request","request_id":"db97e31d-814c-40c5-a985-93729f42552c","method":"GET","path":"/v1/health","status":200,"duration_ms":0}
{"timestamp":"2026-04-09T16:04:49.376Z","level":"info","msg":"request","request_id":"cf395fd7-1c1b-488f-907a-aca82de42582","method":"GET","path":"/v1/health","status":200,"duration_ms":0}
{"timestamp":"2026-04-09T16:04:49.378Z","level":"info","msg":"request","request_id":"0fc0cbf5-07bb-4c90-8f2a-b3a5022fedb6","method":"GET","path":"/v1/health","status":200,"duration_ms":1}
{"timestamp":"2026-04-09T16:04:49.379Z","level":"info","msg":"request","request_id":"021299d1-0e52-4256-ab26-444d8884da04","method":"GET","path":"/v1/health","status":200,"duration_ms":0}
{"timestamp":"2026-04-09T16:04:49.382Z","level":"info","msg":"request","request_id":"3132405b-6f3c-486f-bbba-0d2f89e8e3cb","method":"GET","path":"/v1/health","status":200,"duration_ms":1}
{"timestamp":"2026-04-09T16:04:49.384Z","level":"info","msg":"request","request_id":"50d9f4ba-1673-4421-b8df-c282c38d26a7","method":"GET","path":"/v1/health","status":200,"duration_ms":0}
{"timestamp":"2026-04-09T16:04:49.387Z","level":"info","msg":"request","request_id":"1cd82e02-72ba-429d-a8a0-3c407c255888","method":"GET","path":"/v1/health","status":200,"duration_ms":1}
{"timestamp":"2026-04-09T16:04:49.392Z","level":"info","msg":"request","request_id":"46f02a81-ea07-486a-9687-32299182b46d","method":"GET","path":"/v1/health","status":200,"duration_ms":0}
{"timestamp":"2026-04-09T16:04:49.394Z","level":"info","msg":"request","request_id":"94d9639d-db8e-4406-b949-d200033f3553","method":"GET","path":"/v1/health","status":200,"duration_ms":0}
{"timestamp":"2026-04-09T16:04:49.396Z","level":"info","msg":"request","request_id":"c85b6cf9-4623-4cac-8b40-f6924c9b280f","method":"GET","path":"/v1/health","status":200,"duration_ms":0}
{"timestamp":"2026-04-09T16:04:49.398Z","level":"info","msg":"request","request_id":"fe9769f9-bdc9-4bea-bfc1-389c0b2d024a","method":"GET","path":"/v1/health","status":200,"duration_ms":0}
{"timestamp":"2026-04-09T16:04:49.400Z","level":"info","msg":"request","request_id":"4c972cda-9e47-4e0b-b460-beb3d180f7a2","method":"GET","path":"/v1/health","status":200,"duration_ms":0}
{"timestamp":"2026-04-09T16:04:49.402Z","level":"info","msg":"request","request_id":"357706ef-8529-4344-b519-d780d625319f","method":"GET","path":"/v1/health","status":200,"duration_ms":1}
{"timestamp":"2026-04-09T16:04:49.404Z","level":"info","msg":"request","request_id":"a7a0a658-c6b0-4fe5-8215-9ffc3072d5f1","method":"GET","path":"/v1/health","status":200,"duration_ms":0}
{"timestamp":"2026-04-09T16:04:49.405Z","level":"info","msg":"request","request_id":"bd864174-9a51-44fd-a215-e10f5dae10da","method":"GET","path":"/v1/health","status":200,"duration_ms":0}
{"timestamp":"2026-04-09T16:04:49.407Z","level":"info","msg":"request","request_id":"afafc05e-11c5-420c-a6fc-2a464388d6f5","method":"GET","path":"/v1/health","status":200,"duration_ms":1}
{"timestamp":"2026-04-09T16:04:49.408Z","level":"info","msg":"request","request_id":"7cb0b8b5-b4dc-4116-9de2-ca85c855b9c2","method":"GET","path":"/v1/health","status":200,"duration_ms":0}
{"timestamp":"2026-04-09T16:04:49.410Z","level":"info","msg":"request","request_id":"2f7d70a1-ea4a-41ab-8322-b862093faeef","method":"GET","path":"/v1/health","status":200,"duration_ms":0}
{"timestamp":"2026-04-09T16:04:49.411Z","level":"info","msg":"request","request_id":"45c756be-6b51-4f2e-814f-9156809e4e77","method":"GET","path":"/v1/health","status":200,"duration_ms":0}
{"timestamp":"2026-04-09T16:04:49.413Z","level":"info","msg":"request","request_id":"5c1ac8fb-adb3-4eba-8eaf-8e83b8e168b8","method":"GET","path":"/v1/health","status":200,"duration_ms":1}
{"timestamp":"2026-04-09T16:04:49.420Z","level":"info","msg":"request","request_id":"9b6be704-208a-416d-b04f-90bb6826c096","method":"GET","path":"/v1/health","status":200,"duration_ms":5}
{"timestamp":"2026-04-09T16:04:49.424Z","level":"info","msg":"request","request_id":"bf3fbad1-604e-48b6-acb1-1ce1605534d9","method":"GET","path":"/v1/health","status":200,"duration_ms":2}
{"timestamp":"2026-04-09T16:04:49.427Z","level":"info","msg":"request","request_id":"75adc4b1-9a93-4ba2-b671-82f9a202ae90","method":"GET","path":"/v1/health","status":200,"duration_ms":1}
{"timestamp":"2026-04-09T16:04:49.429Z","level":"info","msg":"request","request_id":"108a0c37-f6c5-4d4c-a15e-5ed6fc9dc44b","method":"GET","path":"/v1/health","status":200,"duration_ms":1}
{"timestamp":"2026-04-09T16:04:49.431Z","level":"info","msg":"request","request_id":"56192025-584d-4ece-8a95-4201ac556727","method":"GET","path":"/v1/health","status":200,"duration_ms":0}
{"timestamp":"2026-04-09T16:04:49.434Z","level":"info","msg":"request","request_id":"5f117558-444a-412c-afc5-3fd99ddf5654","method":"GET","path":"/v1/health","status":200,"duration_ms":1}
{"timestamp":"2026-04-09T16:04:49.436Z","level":"info","msg":"request","request_id":"06efc5d0-4912-4ade-bae1-fbc51dc1b18d","method":"GET","path":"/v1/health","status":200,"duration_ms":1}
{"timestamp":"2026-04-09T16:04:49.440Z","level":"info","msg":"request","request_id":"b98c8a08-0e59-405b-b860-f69a3d6887da","method":"GET","path":"/v1/health","status":200,"duration_ms":1}
{"timestamp":"2026-04-09T16:04:49.441Z","level":"info","msg":"request","request_id":"ec4c1f6a-e103-4ad2-9b46-b3d1cfdf987c","method":"GET","path":"/v1/health","status":200,"duration_ms":0}
{"timestamp":"2026-04-09T16:04:49.443Z","level":"info","msg":"request","request_id":"ab194671-f7c7-4a2d-9a60-a955f5793017","method":"GET","path":"/v1/health","status":200,"duration_ms":0}
{"timestamp":"2026-04-09T16:04:49.445Z","level":"info","msg":"request","request_id":"b048edd3-f603-466d-905b-bab72875789e","method":"GET","path":"/v1/health","status":200,"duration_ms":1}
{"timestamp":"2026-04-09T16:04:49.447Z","level":"info","msg":"request","request_id":"72bb3eb6-83ee-46bb-a470-a803053450ea","method":"GET","path":"/v1/health","status":200,"duration_ms":0}
{"timestamp":"2026-04-09T16:04:49.448Z","level":"info","msg":"request","request_id":"79696265-d271-48a4-856f-09f2479ed84e","method":"GET","path":"/v1/health","status":200,"duration_ms":0}
{"timestamp":"2026-04-09T16:04:49.450Z","level":"info","msg":"request","request_id":"4d4531ad-2e13-4be7-8cec-8adfdca2c9e6","method":"GET","path":"/v1/health","status":200,"duration_ms":0}
{"timestamp":"2026-04-09T16:04:49.452Z","level":"info","msg":"request","request_id":"8ae008d4-8c94-40a5-8d22-1e983641326c","method":"GET","path":"/v1/health","status":200,"duration_ms":1}
{"timestamp":"2026-04-09T16:04:49.454Z","level":"info","msg":"request","request_id":"327a52d0-fb30-4782-b771-6e39cf02fad1","method":"GET","path":"/v1/health","status":200,"duration_ms":1}
{"timestamp":"2026-04-09T16:04:49.455Z","level":"info","msg":"request","request_id":"b3bc1fdc-3776-4919-acd5-6608c197f71d","method":"GET","path":"/v1/health","status":200,"duration_ms":0}
{"timestamp":"2026-04-09T16:04:49.457Z","level":"info","msg":"request","request_id":"5a791af8-7e43-4024-bb82-980b03312541","method":"GET","path":"/v1/health","status":200,"duration_ms":1}
{"timestamp":"2026-04-09T16:04:49.459Z","level":"info","msg":"request","request_id":"276f2640-b3e6-44bc-b272-210e810b7f66","method":"GET","path":"/v1/health","status":200,"duration_ms":1}
{"timestamp":"2026-04-09T16:04:49.460Z","level":"info","msg":"request","request_id":"3019c67d-670f-46c8-95c7-02bf69c69b0a","method":"GET","path":"/v1/health","status":200,"duration_ms":0}
{"timestamp":"2026-04-09T16:04:49.462Z","level":"info","msg":"request","request_id":"8a53a122-8057-4223-9f65-d60ef67389ad","method":"GET","path":"/v1/health","status":200,"duration_ms":0}
{"timestamp":"2026-04-09T16:04:49.464Z","level":"info","msg":"request","request_id":"7a2ec007-7daa-403e-9f3c-fbf05c9f215d","method":"GET","path":"/v1/health","status":200,"duration_ms":1}
{"timestamp":"2026-04-09T16:04:49.466Z","level":"info","msg":"request","request_id":"ddd79267-54a3-4fe9-b9ac-4f993bc55b85","method":"GET","path":"/v1/health","status":200,"duration_ms":1}
{"timestamp":"2026-04-09T16:04:49.467Z","level":"info","msg":"request","request_id":"760fa02a-2ca7-4f64-8295-032aeed79c9e","method":"GET","path":"/v1/health","status":200,"duration_ms":0}
{"timestamp":"2026-04-09T16:04:49.469Z","level":"info","msg":"request","request_id":"dde51a55-fa9c-4ec3-acfe-3544bf899d32","method":"GET","path":"/v1/health","status":200,"duration_ms":0}
{"timestamp":"2026-04-09T16:04:49.471Z","level":"info","msg":"request","request_id":"4fb0b7b8-dbba-468b-a9d2-0c9e1ee6c111","method":"GET","path":"/v1/health","status":200,"duration_ms":1}
{"timestamp":"2026-04-09T16:04:49.472Z","level":"info","msg":"request","request_id":"8b10312c-091e-4523-8358-b28cbfb5fc6c","method":"GET","path":"/v1/health","status":200,"duration_ms":0}
{"timestamp":"2026-04-09T16:04:49.474Z","level":"info","msg":"request","request_id":"b28e2689-c7f2-4f70-a4d2-bc9cb830cf0c","method":"GET","path":"/v1/health","status":200,"duration_ms":0}
{"timestamp":"2026-04-09T16:04:49.476Z","level":"info","msg":"request","request_id":"4da52536-6e7c-47c3-a7a0-9c41ccdc3983","method":"GET","path":"/v1/health","status":200,"duration_ms":0}
{"timestamp":"2026-04-09T16:04:49.478Z","level":"warn","msg":"rate_limited","request_id":"edd9b298-026c-4cd9-9ead-dc54104cd8ac","ip":"::ffff:127.0.0.1","count":61,"limit":60}
{"timestamp":"2026-04-09T16:04:49.484Z","level":"info","msg":"request","request_id":"b2a16b47-61ca-452b-857a-6bae6c2939bb","method":"GET","path":"/v1/health","status":200,"duration_ms":1}
{"timestamp":"2026-04-09T16:04:49.487Z","level":"info","msg":"request","request_id":"d365d111-7e70-4649-a75f-36642f9f94b3","method":"GET","path":"/v1/health","status":200,"duration_ms":1}
{"timestamp":"2026-04-09T16:04:49.489Z","level":"info","msg":"request","request_id":"cb1b5f87-42a8-44c0-b4a8-0275755a0043","method":"GET","path":"/v1/health","status":200,"duration_ms":0}
{"timestamp":"2026-04-09T16:04:49.492Z","level":"info","msg":"request","request_id":"b38ecffe-99a5-43a3-a299-3b3f1b4ef490","method":"GET","path":"/v1/health","status":200,"duration_ms":1}
{"timestamp":"2026-04-09T16:04:49.494Z","level":"info","msg":"request","request_id":"11680ec6-db37-4c5b-bca2-3f74a3cd6e6c","method":"GET","path":"/v1/health","status":200,"duration_ms":1}
{"timestamp":"2026-04-09T16:04:49.498Z","level":"info","msg":"request","request_id":"8cb2b1a1-ea81-44bb-b7c6-47928e2e6260","method":"GET","path":"/v1/health","status":200,"duration_ms":1}
{"timestamp":"2026-04-09T16:04:49.500Z","level":"info","msg":"request","request_id":"5473f341-9ea2-419b-a1d4-1574eb80ee54","method":"GET","path":"/v1/health","status":200,"duration_ms":1}
{"timestamp":"2026-04-09T16:04:49.502Z","level":"info","msg":"request","request_id":"c317d62f-ea5e-4e82-87c1-0e8fac1fe415","method":"GET","path":"/v1/health","status":200,"duration_ms":1}
{"timestamp":"2026-04-09T16:04:49.504Z","level":"info","msg":"request","request_id":"38dc8b22-b49f-4352-9f96-003fc80a5dd0","method":"GET","path":"/v1/health","status":200,"duration_ms":1}
{"timestamp":"2026-04-09T16:04:49.506Z","level":"info","msg":"request","request_id":"c2e9c908-8f1f-4412-a445-e9af16cdfc4d","method":"GET","path":"/v1/health","status":200,"duration_ms":1}
{"timestamp":"2026-04-09T16:04:49.508Z","level":"info","msg":"request","request_id":"78c437ad-e2ae-45a7-ae33-87f32bd1e874","method":"GET","path":"/v1/health","status":200,"duration_ms":1}
{"timestamp":"2026-04-09T16:04:49.510Z","level":"info","msg":"request","request_id":"7b73582b-a65b-4773-93b0-53e83c2fda45","method":"GET","path":"/v1/health","status":200,"duration_ms":1}
{"timestamp":"2026-04-09T16:04:49.512Z","level":"info","msg":"request","request_id":"07d1c1ba-d1f1-4fce-b0e8-fed3bc063ab8","method":"GET","path":"/v1/health","status":200,"duration_ms":1}
{"timestamp":"2026-04-09T16:04:49.514Z","level":"info","msg":"request","request_id":"0012d551-55df-4d54-8908-7968bca2124d","method":"GET","path":"/v1/health","status":200,"duration_ms":1}
{"timestamp":"2026-04-09T16:04:49.516Z","level":"info","msg":"request","request_id":"071bc93c-9f31-419f-947b-64c0f4f07d83","method":"GET","path":"/v1/health","status":200,"duration_ms":1}
{"timestamp":"2026-04-09T16:04:49.518Z","level":"info","msg":"request","request_id":"6b23a4e7-5092-4e51-90da-08680b2a644c","method":"GET","path":"/v1/health","status":200,"duration_ms":1}
{"timestamp":"2026-04-09T16:04:49.520Z","level":"info","msg":"request","request_id":"1a8cd72b-0d20-4c68-8a0c-476ca9d18959","method":"GET","path":"/v1/health","status":200,"duration_ms":1}
{"timestamp":"2026-04-09T16:04:49.521Z","level":"info","msg":"request","request_id":"6537265e-2ca0-45a4-8159-d4c91df70497","method":"GET","path":"/v1/health","status":200,"duration_ms":0}
{"timestamp":"2026-04-09T16:04:49.523Z","level":"info","msg":"request","request_id":"9bc57063-6438-486e-87db-b9d91cc7cb0c","method":"GET","path":"/v1/health","status":200,"duration_ms":0}
{"timestamp":"2026-04-09T16:04:49.525Z","level":"info","msg":"request","request_id":"83e8fb50-18e1-4ef5-9540-4848720e5ffd","method":"GET","path":"/v1/health","status":200,"duration_ms":0}
{"timestamp":"2026-04-09T16:04:49.527Z","level":"info","msg":"request","request_id":"641f6121-d068-4b7d-b172-f5001b39e0d2","method":"GET","path":"/v1/health","status":200,"duration_ms":0}
{"timestamp":"2026-04-09T16:04:49.530Z","level":"info","msg":"request","request_id":"b25ba0ae-3f19-44b7-b4e8-b9f704924fb5","method":"GET","path":"/v1/health","status":200,"duration_ms":1}
{"timestamp":"2026-04-09T16:04:49.532Z","level":"info","msg":"request","request_id":"bcf6cecc-d321-4ebc-9f1b-5ac36e22b5cf","method":"GET","path":"/v1/health","status":200,"duration_ms":0}
{"timestamp":"2026-04-09T16:04:49.534Z","level":"info","msg":"request","request_id":"2fcfc202-192e-4a86-b3de-5cccd90fe355","method":"GET","path":"/v1/health","status":200,"duration_ms":1}
{"timestamp":"2026-04-09T16:04:49.538Z","level":"info","msg":"request","request_id":"13931855-539b-4774-bcb7-5b0d10361382","method":"GET","path":"/v1/health","status":200,"duration_ms":3}
{"timestamp":"2026-04-09T16:04:49.540Z","level":"info","msg":"request","request_id":"c0dc784e-b628-4f33-be02-8c3b03f7220c","method":"GET","path":"/v1/health","status":200,"duration_ms":1}
{"timestamp":"2026-04-09T16:04:49.543Z","level":"info","msg":"request","request_id":"89aa079d-b866-48f5-8d36-849ce80a4437","method":"GET","path":"/v1/health","status":200,"duration_ms":1}
{"timestamp":"2026-04-09T16:04:49.545Z","level":"info","msg":"request","request_id":"85db79a9-d404-4c2e-8b36-a6ced699f0a6","method":"GET","path":"/v1/health","status":200,"duration_ms":1}
{"timestamp":"2026-04-09T16:04:49.547Z","level":"info","msg":"request","request_id":"17100c13-ef83-4563-9d6b-afca4315e90e","method":"GET","path":"/v1/health","status":200,"duration_ms":0}
{"timestamp":"2026-04-09T16:04:49.549Z","level":"info","msg":"request","request_id":"6138a8e9-b3e0-48a2-b7e3-f72d384382ab","method":"GET","path":"/v1/health","status":200,"duration_ms":0}
{"timestamp":"2026-04-09T16:04:49.551Z","level":"info","msg":"request","request_id":"2569170c-40e3-4f6c-af2d-b4c7073793ed","method":"GET","path":"/v1/health","status":200,"duration_ms":0}
{"timestamp":"2026-04-09T16:04:49.553Z","level":"info","msg":"request","request_id":"5c4bdc52-c339-43f4-beed-a03ad4b7684e","method":"GET","path":"/v1/health","status":200,"duration_ms":0}
{"timestamp":"2026-04-09T16:04:49.556Z","level":"info","msg":"request","request_id":"a05f17dd-7e3c-4e10-8e6d-c4e690025d66","method":"GET","path":"/v1/health","status":200,"duration_ms":1}
{"timestamp":"2026-04-09T16:04:49.561Z","level":"info","msg":"request","request_id":"e8daf6ce-81db-4fd5-b3ea-df940bf4f277","method":"GET","path":"/v1/health","status":200,"duration_ms":1}
{"timestamp":"2026-04-09T16:04:49.565Z","level":"info","msg":"request","request_id":"dd44fb44-47c1-465a-9bc3-d10a2de4ed55","method":"GET","path":"/v1/health","status":200,"duration_ms":1}
{"timestamp":"2026-04-09T16:04:49.707Z","level":"info","msg":"request","request_id":"6a03a1f1-281b-4011-9541-eaae5537075b","method":"GET","path":"/v1/health","status":200,"duration_ms":141}
{"timestamp":"2026-04-09T16:04:49.710Z","level":"info","msg":"request","request_id":"82b9eaf6-5f28-490b-83a0-42dee0a83ab0","method":"GET","path":"/v1/health","status":200,"duration_ms":1}
{"timestamp":"2026-04-09T16:04:49.712Z","level":"info","msg":"request","request_id":"f19004fb-fa58-4603-87b1-ddcc063b2a99","method":"GET","path":"/v1/health","status":200,"duration_ms":1}
{"timestamp":"2026-04-09T16:04:49.719Z","level":"info","msg":"request","request_id":"39efb4eb-6eaf-4349-b152-6a59e3bf27a2","method":"GET","path":"/v1/health","status":200,"duration_ms":3}
{"timestamp":"2026-04-09T16:04:49.721Z","level":"info","msg":"request","request_id":"7db2c7c1-5e9b-4f99-a773-ab464c1b7946","method":"GET","path":"/v1/health","status":200,"duration_ms":1}
{"timestamp":"2026-04-09T16:04:49.723Z","level":"info","msg":"request","request_id":"2ae76e71-d5b4-4493-8f72-0146fbf3a574","method":"GET","path":"/v1/health","status":200,"duration_ms":1}
{"timestamp":"2026-04-09T16:04:49.726Z","level":"info","msg":"request","request_id":"f4864d41-3fe3-4baf-a93d-08d703577119","method":"GET","path":"/v1/health","status":200,"duration_ms":2}
{"timestamp":"2026-04-09T16:04:49.737Z","level":"info","msg":"request","request_id":"41433ea4-4b48-4a66-94f5-b4be70dfaa36","method":"GET","path":"/v1/health","status":200,"duration_ms":0}
{"timestamp":"2026-04-09T16:04:49.739Z","level":"info","msg":"request","request_id":"f12c4238-ca9c-43e7-9ba9-f400226f4e7f","method":"GET","path":"/v1/health","status":200,"duration_ms":0}
{"timestamp":"2026-04-09T16:04:49.744Z","level":"info","msg":"request","request_id":"aa79e0a3-4f77-4f58-bb0a-c3cbe69fb103","method":"GET","path":"/v1/health","status":200,"duration_ms":0}
{"timestamp":"2026-04-09T16:04:49.761Z","level":"info","msg":"request","request_id":"830acb90-ace3-4be8-890f-72e0240574a3","method":"GET","path":"/v1/health","status":200,"duration_ms":1}
 [32mΓ£ô[39m packages/snapshots/src/billing.test.ts [2m([22m[2m32 tests[22m[2m)[22m[33m 967[2mms[22m[39m
{"timestamp":"2026-04-09T16:04:49.799Z","level":"info","msg":"request","request_id":"813e70fe-aa08-4ba2-8d2d-b03510dead01","method":"GET","path":"/v1/health","status":200,"duration_ms":37}
{"timestamp":"2026-04-09T16:04:49.803Z","level":"info","msg":"request","request_id":"d220d39e-f7e9-47e2-b62e-2880a5840790","method":"GET","path":"/v1/health","status":200,"duration_ms":1}
{"timestamp":"2026-04-09T16:04:49.807Z","level":"info","msg":"request","request_id":"ed113a1a-b6ab-4e2e-9848-f5e7460d3503","method":"GET","path":"/v1/health","status":200,"duration_ms":0}
{"timestamp":"2026-04-09T16:04:49.810Z","level":"info","msg":"request","request_id":"3c63b77a-194c-4b82-a56c-7ea7fe5b294a","method":"GET","path":"/v1/health","status":200,"duration_ms":1}
{"timestamp":"2026-04-09T16:04:49.812Z","level":"info","msg":"request","request_id":"2cdab82c-5d55-404b-9d22-4e2082f90f0b","method":"GET","path":"/v1/health","status":200,"duration_ms":1}
{"timestamp":"2026-04-09T16:04:50.021Z","level":"info","msg":"request","request_id":"04156a38-87f2-4b16-9e0b-2635faa91ee5","method":"GET","path":"/v1/health","status":200,"duration_ms":8}
{"timestamp":"2026-04-09T16:04:50.409Z","level":"info","msg":"request","request_id":"6110e4d4-e2c2-4b7f-87f6-0aab557147d4","method":"GET","path":"/v1/health","status":200,"duration_ms":1}
{"timestamp":"2026-04-09T16:04:50.411Z","level":"info","msg":"request","request_id":"554202bd-a27c-4674-90ba-d7c9a377f6b8","method":"GET","path":"/v1/health","status":200,"duration_ms":0}
{"timestamp":"2026-04-09T16:04:50.414Z","level":"info","msg":"request","request_id":"9c61b04f-7a26-4922-ad0e-b229798f2454","method":"GET","path":"/v1/health","status":200,"duration_ms":2}
{"timestamp":"2026-04-09T16:04:50.418Z","level":"info","msg":"request","request_id":"173dda67-a77d-4a1c-acf8-e27292ab2237","method":"GET","path":"/v1/health","status":200,"duration_ms":1}
{"timestamp":"2026-04-09T16:04:50.420Z","level":"info","msg":"request","request_id":"2cadde92-057f-447e-82dd-9d9ceb785176","method":"GET","path":"/v1/health","status":200,"duration_ms":1}
{"timestamp":"2026-04-09T16:04:50.422Z","level":"info","msg":"request","request_id":"32b9ba9e-f3ee-4fd2-b6fe-e663148ef06d","method":"GET","path":"/v1/health","status":200,"duration_ms":1}
{"timestamp":"2026-04-09T16:04:50.426Z","level":"info","msg":"request","request_id":"c77186d0-0955-4c1e-842d-903ab174aa3b","method":"GET","path":"/v1/health","status":200,"duration_ms":1}
{"timestamp":"2026-04-09T16:04:50.429Z","level":"info","msg":"request","request_id":"7ec42b1b-6f67-48f8-983d-d7df8fa1f12c","method":"GET","path":"/v1/health","status":200,"duration_ms":0}
{"timestamp":"2026-04-09T16:04:50.436Z","level":"info","msg":"request","request_id":"14ff9403-1f3b-4548-bf2d-7f2c271f2fce","method":"GET","path":"/v1/health","status":200,"duration_ms":2}
{"timestamp":"2026-04-09T16:04:50.456Z","level":"info","msg":"request","request_id":"ee23df0d-580a-4bbf-b478-6d0fab5ef28b","method":"GET","path":"/v1/health","status":200,"duration_ms":2}
{"timestamp":"2026-04-09T16:04:50.572Z","level":"info","msg":"request","request_id":"2d327a04-452a-46e8-85ee-7dac6ca1d4bd","method":"GET","path":"/v1/health","status":200,"duration_ms":96}
{"timestamp":"2026-04-09T16:04:50.635Z","level":"info","msg":"server_start","port":44415,"service":"axis-api"}
{"timestamp":"2026-04-09T16:04:50.777Z","level":"info","msg":"request","request_id":"e2413590-9126-4da6-a39b-775448489a9c","method":"GET","path":"/v1/health","status":200,"duration_ms":0}
{"timestamp":"2026-04-09T16:04:50.778Z","level":"info","msg":"shutdown_start","active_connections":1}
{"timestamp":"2026-04-09T16:04:50.902Z","level":"info","msg":"shutdown_wal_checkpoint","success":true,"busy":0,"wal_pages":-1,"checkpointed":-1}
{"timestamp":"2026-04-09T16:04:50.904Z","level":"info","msg":"shutdown_complete"}
 [32mΓ£ô[39m apps/api/src/server-lifecycle.test.ts [2m([22m[2m8 tests[22m[2m)[22m[33m 1928[2mms[22m[39m
     [33m[2mΓ£ô[22m[39m anonymous user hits 429 at 60 but authenticated would not [33m 1171[2mms[22m[39m
 [32mΓ£ô[39m packages/snapshots/src/store-validation.test.ts [2m([22m[2m38 tests[22m[2m)[22m[33m 1722[2mms[22m[39m
     [33m[2mΓ£ô[22m[39m rejects context map with empty project_identity object [33m 323[2mms[22m[39m
 [32mΓ£ô[39m apps/cli/src/cli.test.ts [2m([22m[2m22 tests[22m[2m)[22m[33m 1811[2mms[22m[39m
     [33m[2mΓ£ô[22m[39m runs full pipeline and produces generator output [33m 855[2mms[22m[39m
     [33m[2mΓ£ô[22m[39m full pipeline: scan ΓåÆ run ΓåÆ write [33m 478[2mms[22m[39m
{"timestamp":"2026-04-09T16:04:51.453Z","level":"info","msg":"server_start","port":44450,"service":"axis-api"}
{"timestamp":"2026-04-09T16:04:51.586Z","level":"info","msg":"server_start","port":44480,"service":"axis-api"}
{"timestamp":"2026-04-09T16:04:51.699Z","level":"info","msg":"request","request_id":"ac799fd4-78d8-4b00-81a8-5c3e4b79a19f","method":"POST","path":"/v1/snapshots","status":201,"duration_ms":85}
{"timestamp":"2026-04-09T16:04:51.712Z","level":"info","msg":"request","request_id":"654bd693-c58f-4ac0-936a-1770b524cbc0","method":"GET","path":"/v1/snapshots/19340060-ecbd-47b9-98cf-dcc36ac7ab71","status":200,"duration_ms":2}
{"timestamp":"2026-04-09T16:04:51.719Z","level":"info","msg":"request","request_id":"607ccf7a-3013-4c06-bd5d-576e4826f1a5","method":"GET","path":"/v1/projects/90e50c3a-1ed8-4067-88bb-c914d53ab32a/context","status":200,"duration_ms":3}
{"timestamp":"2026-04-09T16:04:51.725Z","level":"info","msg":"request","request_id":"f777c497-8d4e-40f3-a4e6-54a493eb16af","method":"GET","path":"/v1/projects/90e50c3a-1ed8-4067-88bb-c914d53ab32a/generated-files","status":200,"duration_ms":3}
{"timestamp":"2026-04-09T16:04:51.735Z","level":"info","msg":"request","request_id":"2dd481e1-700f-414b-95ca-6d1da0f5d198","method":"GET","path":"/v1/snapshots/019aac96-3806-4fcd-8980-39295f64e655","status":200,"duration_ms":10}
{"timestamp":"2026-04-09T16:04:51.743Z","level":"info","msg":"request","request_id":"da48f938-1fd9-437f-96bb-e60e6a74f0d0","method":"GET","path":"/v1/projects/90e50c3a-1ed8-4067-88bb-c914d53ab32a/export","status":200,"duration_ms":12}
{"timestamp":"2026-04-09T16:04:51.751Z","level":"info","msg":"request","request_id":"ef8fcd21-1a92-4418-9232-05697e06a8a5","method":"DELETE","path":"/v1/snapshots/19340060-ecbd-47b9-98cf-dcc36ac7ab71","status":200,"duration_ms":4}
{"timestamp":"2026-04-09T16:04:51.755Z","level":"warn","msg":"request","request_id":"9e0c8196-e000-43c8-9a8c-2fa5ecbf2cd5","method":"GET","path":"/v1/snapshots/19340060-ecbd-47b9-98cf-dcc36ac7ab71","status":404,"duration_ms":1}
{"timestamp":"2026-04-09T16:04:51.758Z","level":"info","msg":"request","request_id":"d3350ccf-14e6-4424-ba03-b12311a474e1","method":"DELETE","path":"/v1/snapshots/5a40b763-9d97-4bb4-a423-9efc5549f426","status":200,"duration_ms":3}
{"timestamp":"2026-04-09T16:04:51.780Z","level":"info","msg":"request","request_id":"63b171c1-bd7d-453f-a617-f308846a8c55","method":"POST","path":"/v1/snapshots","status":201,"duration_ms":21}
{"timestamp":"2026-04-09T16:04:51.792Z","level":"info","msg":"request","request_id":"4a83b718-9fdc-4254-857b-93d16e1aa436","method":"GET","path":"/v1/snapshots/d900bcef-3a5d-4ade-a9af-3d222504df6d/versions","status":200,"duration_ms":4}
{"timestamp":"2026-04-09T16:04:51.796Z","level":"info","msg":"request","request_id":"c623ee9b-92df-423b-98a1-ea674aec6139","method":"GET","path":"/v1/snapshots/d900bcef-3a5d-4ade-a9af-3d222504df6d/versions/1","status":200,"duration_ms":1}
{"timestamp":"2026-04-09T16:04:51.801Z","level":"info","msg":"request","request_id":"d2386b1e-e97f-4f73-9ff8-2ea2c9ccd53f","method":"GET","path":"/v1/snapshots/d900bcef-3a5d-4ade-a9af-3d222504df6d/diff?old=1&new=2","status":200,"duration_ms":2}
{"timestamp":"2026-04-09T16:04:51.806Z","level":"warn","msg":"request","request_id":"507eebd5-42cb-4107-a0fb-780a62b8e2c8","method":"GET","path":"/v1/snapshots/d900bcef-3a5d-4ade-a9af-3d222504df6d/versions/999","status":404,"duration_ms":1}
{"timestamp":"2026-04-09T16:04:51.808Z","level":"warn","msg":"request","request_id":"1a25c22f-2d8d-4ebb-b25f-e00c3d81b5e9","method":"GET","path":"/v1/snapshots/d900bcef-3a5d-4ade-a9af-3d222504df6d/diff","status":400,"duration_ms":1}
{"timestamp":"2026-04-09T16:04:51.815Z","level":"info","msg":"request","request_id":"3d9481a1-ced4-4daa-930e-d3459b3f3648","method":"POST","path":"/v1/accounts","status":201,"duration_ms":5}
{"timestamp":"2026-04-09T16:04:51.820Z","level":"info","msg":"request","request_id":"0f57ec35-a4e7-4110-ba3d-f4a9f7f2f5cf","method":"GET","path":"/v1/account","status":200,"duration_ms":3}
{"timestamp":"2026-04-09T16:04:51.823Z","level":"info","msg":"request","request_id":"cfda097e-aa30-41ff-9dea-637a13e81363","method":"POST","path":"/v1/account/keys","status":201,"duration_ms":1}
{"timestamp":"2026-04-09T16:04:51.827Z","level":"info","msg":"request","request_id":"fb95372c-9ccb-49a2-84ee-2aab4edf08c9","method":"GET","path":"/v1/account/keys","status":200,"duration_ms":1}
{"timestamp":"2026-04-09T16:04:51.831Z","level":"info","msg":"request","request_id":"ca67c4e5-9605-4cde-b97f-bcd9d6567b14","method":"GET","path":"/v1/account/quota","status":200,"duration_ms":2}
{"timestamp":"2026-04-09T16:04:51.836Z","level":"info","msg":"request","request_id":"8634f7a9-8c77-4eef-a947-fb0d34af5289","method":"GET","path":"/v1/account/usage","status":200,"duration_ms":1}
{"timestamp":"2026-04-09T16:04:51.841Z","level":"warn","msg":"request","request_id":"9088520e-694f-4871-adff-f935cc812b26","method":"GET","path":"/v1/account","status":401,"duration_ms":1}
{"timestamp":"2026-04-09T16:04:51.846Z","level":"info","msg":"request","request_id":"abae30d9-0e9d-4d6c-b4fb-09cae32af0ac","method":"POST","path":"/v1/accounts","status":201,"duration_ms":2}
{"timestamp":"2026-04-09T16:04:51.850Z","level":"info","msg":"request","request_id":"8e246de1-da8e-4750-b85a-487093f32616","method":"GET","path":"/v1/admin/stats","status":200,"duration_ms":2}
{"timestamp":"2026-04-09T16:04:51.857Z","level":"info","msg":"request","request_id":"4bbf3b6d-67f5-447a-a092-4ab6c678d254","method":"GET","path":"/v1/admin/accounts?limit=10&offset=0","status":200,"duration_ms":4}
{"timestamp":"2026-04-09T16:04:51.860Z","level":"info","msg":"request","request_id":"0537a493-3a5d-4acb-b261-dae44c1b08ab","method":"GET","path":"/v1/admin/activity?limit=5","status":200,"duration_ms":1}
{"timestamp":"2026-04-09T16:04:51.863Z","level":"info","msg":"request","request_id":"53612873-df4a-4d1d-9a2c-e5090def492f","method":"GET","path":"/v1/health/live","status":200,"duration_ms":1}
{"timestamp":"2026-04-09T16:04:51.867Z","level":"info","msg":"request","request_id":"6a74a705-b501-412e-8ae0-822e8925fd1f","method":"GET","path":"/v1/health/ready","status":200,"duration_ms":2}
{"timestamp":"2026-04-09T16:04:51.873Z","level":"info","msg":"request","request_id":"2d5b1c91-99ea-4202-adbf-2032bc1550fb","method":"GET","path":"/v1/metrics","status":200,"duration_ms":4}
{"timestamp":"2026-04-09T16:04:51.882Z","level":"info","msg":"request","request_id":"7c880ede-9bd4-41aa-9c87-6a9c23787bd4","method":"GET","path":"/v1/db/stats","status":200,"duration_ms":3}
{"timestamp":"2026-04-09T16:04:51.897Z","level":"info","msg":"request","request_id":"f3a0799f-dcc5-4ef5-8b20-7c6a24ca819d","method":"POST","path":"/v1/db/maintenance","status":200,"duration_ms":12}
{"timestamp":"2026-04-09T16:04:51.902Z","level":"info","msg":"request","request_id":"7c5f4848-4e53-462f-aa94-14ff5d752450","method":"POST","path":"/v1/accounts","status":201,"duration_ms":2}
{"timestamp":"2026-04-09T16:04:51.903Z","level":"info","msg":"request","request_id":"07c88d77-95d3-421a-ad5a-6fb82a8b3fa7","method":"POST","path":"/v1/snapshots","status":201,"duration_ms":140}
{"timestamp":"2026-04-09T16:04:51.941Z","level":"info","msg":"request","request_id":"e03743a3-f144-4906-8c1f-44decde963d4","method":"POST","path":"/v1/account/webhooks","status":201,"duration_ms":2}
{"timestamp":"2026-04-09T16:04:51.945Z","level":"info","msg":"request","request_id":"ca9ae515-aec3-43dd-af1e-67b98744dc9e","method":"GET","path":"/v1/account/webhooks","status":200,"duration_ms":1}
{"timestamp":"2026-04-09T16:04:51.951Z","level":"info","msg":"request","request_id":"9ba43f7c-3bc1-4b27-92de-15aac7f9d21b","method":"POST","path":"/v1/account/webhooks/db78330e-f7af-4e29-a3fe-9d6d82986540/toggle","status":200,"duration_ms":2}
{"timestamp":"2026-04-09T16:04:51.955Z","level":"info","msg":"request","request_id":"420f9f9a-0a4e-4e8a-997f-eb2f272bff93","method":"POST","path":"/v1/account/webhooks/db78330e-f7af-4e29-a3fe-9d6d82986540/toggle","status":200,"duration_ms":2}
{"timestamp":"2026-04-09T16:04:51.958Z","level":"info","msg":"request","request_id":"0d107e32-e93a-44c9-a53c-97abdacb31a3","method":"GET","path":"/v1/account/webhooks/db78330e-f7af-4e29-a3fe-9d6d82986540/deliveries","status":200,"duration_ms":1}
{"timestamp":"2026-04-09T16:04:51.963Z","level":"info","msg":"request","request_id":"ce2d0440-f35d-4a21-9f83-8e14452fbc15","method":"DELETE","path":"/v1/account/webhooks/db78330e-f7af-4e29-a3fe-9d6d82986540","status":200,"duration_ms":2}
{"timestamp":"2026-04-09T16:04:51.966Z","level":"info","msg":"request","request_id":"fa24ac22-775a-4e74-97ad-a6579a829d9c","method":"GET","path":"/v1/account/webhooks","status":200,"duration_ms":1}
{"timestamp":"2026-04-09T16:04:51.974Z","level":"info","msg":"request","request_id":"7d91f7fe-a8ab-44eb-b142-d92e43a7c8b2","method":"POST","path":"/v1/snapshots","status":201,"duration_ms":5}
{"timestamp":"2026-04-09T16:04:51.977Z","level":"info","msg":"request","request_id":"915b1429-9c9f-4146-bd84-81d1f5d69759","method":"DELETE","path":"/v1/projects/0dc59066-a970-4a08-8e8b-59ec77e00dc6","status":200,"duration_ms":2}
{"timestamp":"2026-04-09T16:04:51.980Z","level":"warn","msg":"request","request_id":"4ebb5243-17a1-4e70-b715-f54b684c9642","method":"GET","path":"/v1/snapshots/c4def00e-6ec3-481c-a342-1c2c70d2e192","status":404,"duration_ms":1}
{"timestamp":"2026-04-09T16:04:51.984Z","level":"warn","msg":"request","request_id":"b2a0f7d4-403c-49c0-be73-3465ff8a46c4","method":"GET","path":"/v1/projects/0dc59066-a970-4a08-8e8b-59ec77e00dc6/context","status":404,"duration_ms":1}
 [32mΓ£ô[39m apps/api/src/e2e-flows.test.ts [2m([22m[2m40 tests[22m[2m)[22m[33m 678[2mms[22m[39m
{"timestamp":"2026-04-09T16:04:52.260Z","level":"warn","msg":"request","request_id":"a1040e83-302e-40b0-b9a9-565255f847ec","method":"POST","path":"/v1/snapshots","status":429,"duration_ms":189}
{"timestamp":"2026-04-09T16:04:52.273Z","level":"info","msg":"request","request_id":"cd4393e9-b505-4121-8a8c-f9a342c33286","method":"POST","path":"/v1/snapshots","status":201,"duration_ms":8}
{"timestamp":"2026-04-09T16:04:52.279Z","level":"warn","msg":"request","request_id":"3236a393-1fb7-4c46-9aa7-e8f1870d0c69","method":"POST","path":"/v1/search/export","status":400,"duration_ms":1}
{"timestamp":"2026-04-09T16:04:52.283Z","level":"warn","msg":"request","request_id":"56543c52-4b38-49cc-832a-bb7a10cc1d6e","method":"POST","path":"/v1/search/export","status":400,"duration_ms":2}
{"timestamp":"2026-04-09T16:04:52.288Z","level":"warn","msg":"request","request_id":"e6e9b63e-f7a9-4043-9ec9-1fa68e66d684","method":"POST","path":"/v1/search/export","status":404,"duration_ms":2}
{"timestamp":"2026-04-09T16:04:52.294Z","level":"warn","msg":"request","request_id":"fb39ab53-b0df-4918-899c-cbd7063e58b3","method":"POST","path":"/v1/skills/generate","status":400,"duration_ms":1}
{"timestamp":"2026-04-09T16:04:52.298Z","level":"warn","msg":"request","request_id":"3eb72778-2aed-41d9-a5cc-645da8f1d381","method":"POST","path":"/v1/skills/generate","status":400,"duration_ms":1}
{"timestamp":"2026-04-09T16:04:52.302Z","level":"warn","msg":"request","request_id":"d1e05929-9b33-42af-ae48-aa646252d697","method":"POST","path":"/v1/skills/generate","status":400,"duration_ms":1}
{"timestamp":"2026-04-09T16:04:52.305Z","level":"info","msg":"server_start","port":44413,"service":"axis-api"}
{"timestamp":"2026-04-09T16:04:52.307Z","level":"warn","msg":"request","request_id":"88421318-b6df-437f-8f76-f9719b478c30","method":"POST","path":"/v1/skills/generate","status":404,"duration_ms":2}
{"timestamp":"2026-04-09T16:04:52.310Z","level":"warn","msg":"request","request_id":"51aa888c-57fb-42fe-8272-8141608fa2da","method":"POST","path":"/v1/debug/analyze","status":400,"duration_ms":1}
{"timestamp":"2026-04-09T16:04:52.315Z","level":"warn","msg":"request","request_id":"109a2c56-8258-4e43-b446-eb6c00f37010","method":"GET","path":"/v1/projects/proj_ghost/generated-files/file.md","status":404,"duration_ms":2}
{"timestamp":"2026-04-09T16:04:52.319Z","level":"warn","msg":"request","request_id":"e9683e56-eaaa-43c5-b27b-30f6e0470100","method":"GET","path":"/v1/projects/d9e0362b-546e-47a9-8890-5129972b2801/generated-files/nonexistent.md","status":404,"duration_ms":2}
{"timestamp":"2026-04-09T16:04:52.323Z","level":"warn","msg":"request","request_id":"0d3ec230-07aa-44cc-96eb-9daf98ec0ace","method":"POST","path":"/v1/github/analyze","status":400,"duration_ms":2}
{"timestamp":"2026-04-09T16:04:52.325Z","level":"warn","msg":"request","request_id":"2a6e1386-30b1-4d8c-b00a-e59e78a86a4e","method":"POST","path":"/v1/github/analyze","status":400,"duration_ms":0}
{"timestamp":"2026-04-09T16:04:52.341Z","level":"warn","msg":"request","request_id":"db3f593b-1491-4d10-b241-cb251d6c1537","method":"POST","path":"/v1/github/analyze","status":400,"duration_ms":14}
{"timestamp":"2026-04-09T16:04:52.345Z","level":"warn","msg":"request","request_id":"fb783ffd-7bf6-47b4-ba82-69ea87c018a1","method":"POST","path":"/v1/github/analyze","status":429,"duration_ms":2}
{"timestamp":"2026-04-09T16:04:52.353Z","level":"warn","msg":"request","request_id":"a64ea4c1-f2f1-46ed-8a1f-66f4260a6355","method":"POST","path":"/v1/github/analyze","status":429,"duration_ms":6}
{"timestamp":"2026-04-09T16:04:52.356Z","level":"warn","msg":"request","request_id":"b27ae081-b689-48e2-ad43-1e2ca40bf24f","method":"POST","path":"/v1/github/analyze","status":404,"duration_ms":1}
{"timestamp":"2026-04-09T16:04:52.359Z","level":"error","msg":"r
equest","request_id":"5f72de75-b4c2-4a12-8ffb-1253b753548f","met
hod":"POST","path":"/v1/github/analyze","status":502,"duration_m
s":1}
{"timestamp":"2026-04-09T16:04:52.368Z","level":"warn","msg":"request","request_id":"21650130-6308-490d-abfa-18cc4e2d6918","method":"POST","path":"/v1/github/analyze","status":422,"duration_ms":5}
{"timestamp":"2026-04-09T16:04:52.374Z","level":"info","msg":"request","request_id":"8342427e-118f-4eec-85a0-487a358ac7ef","method":"POST","path":"/v1/github/analyze","status":201,"duration_ms":3}
{"timestamp":"2026-04-09T16:04:52.383Z","level":"info","msg":"request","request_id":"ebe85a65-2310-4d03-b192-962d391a9036","method":"POST","path":"/v1/github/analyze","status":201,"duration_ms":7}
{"timestamp":"2026-04-09T16:04:52.390Z","level":"info","msg":"request","request_id":"9b9358e6-fe5e-4fc4-b21b-aba5b97d08fd","method":"POST","path":"/v1/github/analyze","status":201,"duration_ms":5}
{"timestamp":"2026-04-09T16:04:52.408Z","level":"warn","msg":"request","request_id":"d21806a3-430b-47a3-9a5e-01dbaa1cfa08","method":"POST","path":"/v1/github/analyze","status":401,"duration_ms":1}
{"timestamp":"2026-04-09T16:04:52.429Z","level":"info","msg":"request","request_id":"d8ce5b93-47b2-46e2-a080-80357ecfe207","method":"DELETE","path":"/v1/projects/37608d0f-b352-48ce-acab-f1f9192b15fd","status":200,"duration_ms":17}
{"timestamp":"2026-04-09T16:04:52.435Z","level":"info","msg":"request","request_id":"7d1e3cdd-139d-41f1-bd1c-69e31f4b4c7f","method":"GET","path":"/v1/plans","status":200,"duration_ms":6}
 [32mΓ£ô[39m apps/api/src/handlers-deep.test.ts [2m([22m[2m28 tests[22m[2m)[22m[33m 920[2mms[22m[39m
     [33m[2mΓ£ô[22m[39m enforces file size limit for authenticated users [33m 354[2mms[22m[39m
{"timestamp":"2026-04-09T16:04:52.452Z","level":"info","msg":"request","request_id":"ef73d26e-3e73-4571-99ab-b97cdda449f4","method":"GET","path":"/v1/plans","status":200,"duration_ms":1}
{"timestamp":"2026-04-09T16:04:52.456Z","level":"info","msg":"request","request_id":"79c3ca46-1375-4835-b16a-822cfd9a624b","method":"GET","path":"/v1/plans","status":200,"duration_ms":1}
{"timestamp":"2026-04-09T16:04:52.460Z","level":"info","msg":"request","request_id":"f6fe6f37-d57e-424a-926a-f2f8c416253d","method":"GET","path":"/v1/plans","status":200,"duration_ms":0}
{"timestamp":"2026-04-09T16:04:52.473Z","level":"warn","msg":"request","request_id":"57b1db98-fbcf-4565-b125-f59bddbc16c1","method":"GET","path":"/v1/account/upgrade-prompt","status":401,"duration_ms":4}
{"timestamp":"2026-04-09T16:04:52.481Z","level":"info","msg":"request","request_id":"904c58bb-363b-4b2f-9edc-adf91cd6f6aa","method":"GET","path":"/v1/account/upgrade-prompt","status":200,"duration_ms":3}
{"timestamp":"2026-04-09T16:04:52.489Z","level":"info","msg":"request","request_id":"8d7d26a2-9513-431f-ba43-dbf251c8536c","method":"GET","path":"/v1/account/upgrade-prompt","status":200,"duration_ms":1}
{"timestamp":"2026-04-09T16:04:52.496Z","level":"info","msg":"request","request_id":"3f543e4b-b96f-49e3-90e2-23c37805e84c","method":"GET","path":"/v1/account/upgrade-prompt","status":200,"duration_ms":2}
{"timestamp":"2026-04-09T16:04:52.506Z","level":"info","msg":"request","request_id":"eee9bbfb-07cc-4207-ad30-e939715b0ea0","method":"GET","path":"/v1/account/upgrade-prompt","status":200,"duration_ms":3}
{"timestamp":"2026-04-09T16:04:52.518Z","level":"info","msg":"request","request_id":"172260f6-5836-4d39-8f8c-a61835f6ac8d","method":"POST","path":"/v1/account/seats","status":201,"duration_ms":5}
{"timestamp":"2026-04-09T16:04:52.524Z","level":"info","msg":"request","request_id":"3dbe68d2-424d-4c1e-afe2-049315d6bdec","method":"POST","path":"/v1/account/seats","status":201,"duration_ms":3}
{"timestamp":"2026-04-09T16:04:52.528Z","level":"info","msg":"request","request_id":"9c2c9401-7367-459c-bb36-c1c6b799fcfc","method":"POST","path":"/v1/account/seats","status":201,"duration_ms":3}
{"timestamp":"2026-04-09T16:04:52.531Z","level":"info","msg":"request","request_id":"4f450114-b0c8-4e20-8984-61df8d1c5f65","method":"POST","path":"/v1/account/seats","status":201,"duration_ms":2}
{"timestamp":"2026-04-09T16:04:52.535Z","level":"info","msg":"request","request_id":"7b0149a9-e695-482c-9678-fa95dfb8bc21","method":"POST","path":"/v1/account/seats","status":201,"duration_ms":2}
{"timestamp":"2026-04-09T16:04:52.539Z","level":"info","msg":"request","request_id":"6a7f37f4-b626-42b1-9fee-629c02a38a04","method":"GET","path":"/v1/account/upgrade-prompt","status":200,"duration_ms":2}
{"timestamp":"2026-04-09T16:04:52.543Z","level":"warn","msg":"request","request_id":"dbf24026-1f8e-493d-b545-e5b8616220cc","method":"POST","path":"/v1/account/upgrade-prompt/dismiss","status":401,"duration_ms":1}
{"timestamp":"2026-04-09T16:04:52.548Z","level":"info","msg":"request","request_id":"e6e8e85b-214a-4d7f-81cf-acb3a43714f5","method":"POST","path":"/v1/account/upgrade-prompt/dismiss","status":200,"duration_ms":2}
{"timestamp":"2026-04-09T16:04:52.552Z","level":"info","msg":"request","request_id":"840bc2ed-003c-4a53-8827-e22451d017d8","method":"GET","path":"/v1/account/funnel","status":200,"duration_ms":3}
{"timestamp":"2026-04-09T16:04:52.554Z","level":"warn","msg":"request","request_id":"b8ece5fc-ddab-4d0a-88a1-2db552bd8ef4","method":"GET","path":"/v1/account/funnel","status":401,"duration_ms":0}
{"timestamp":"2026-04-09T16:04:52.558Z","level":"info","msg":"request","request_id":"f6a9a602-4afd-4477-ba54-161df11a4754","method":"GET","path":"/v1/account/funnel","status":200,"duration_ms":1}
{"timestamp":"2026-04-09T16:04:52.562Z","level":"info","msg":"request","request_id":"1ae00076-83d2-4cde-8586-07ff17c661e1","method":"GET","path":"/v1/account/funnel","status":200,"duration_ms":1}
{"timestamp":"2026-04-09T16:04:52.567Z","level":"info","msg":"request","request_id":"f12ec9a0-d67c-4c3b-aed7-388b394f3293","method":"POST","path":"/v1/account/upgrade-prompt/dismiss","status":200,"duration_ms":2}
{"timestamp":"2026-04-09T16:04:52.571Z","level":"info","msg":"request","request_id":"2b3adb9d-4676-4f8c-a52e-1dfe670be90d","method":"POST","path":"/v1/account/upgrade-prompt/dismiss","status":200,"duration_ms":3}
{"timestamp":"2026-04-09T16:04:52.589Z","level":"info","msg":"request","request_id":"aabee4d0-a3da-4944-8ce9-eebb4cd6d19b","method":"POST","path":"/v1/account/upgrade-prompt/dismiss","status":200,"duration_ms":2}
{"timestamp":"2026-04-09T16:04:52.605Z","level":"info","msg":"request","request_id":"7606fa39-0500-4763-921a-588cd0f39320","method":"GET","path":"/v1/account/funnel?limit=2","status":200,"duration_ms":1}
{"timestamp":"2026-04-09T16:04:52.609Z","level":"info","msg":"request","request_id":"a496909f-647c-4dcf-bde0-a49a68bdb946","method":"GET","path":"/v1/account/funnel","status":200,"duration_ms":1}
{"timestamp":"2026-04-09T16:04:52.612Z","level":"warn","msg":"request","request_id":"30903bea-b22d-4b32-aed2-148e34dd3fcc","method":"GET","path":"/v1/funnel/metrics","status":401,"duration_ms":1}
{"timestamp":"2026-04-09T16:04:52.623Z","level":"info","msg":"request","request_id":"75bd6b28-f026-4bc8-a77f-3c6cddceb5ae","method":"GET","path":"/v1/funnel/metrics","status":200,"duration_ms":5}
{"timestamp":"2026-04-09T16:04:52.626Z","level":"warn","msg":"request","request_id":"80eedfac-85ab-435a-8e1e-fec638cc9dbc","method":"POST","path":"/v1/account/seats","status":401,"duration_ms":0}
{"timestamp":"2026-04-09T16:04:52.629Z","level":"warn","msg":"request","request_id":"b67de9b3-5f07-4ade-96d0-cfc0921106aa","method":"POST","path":"/v1/account/seats","status":403,"duration_ms":0}
{"timestamp":"2026-04-09T16:04:52.634Z","level":"warn","msg":"request","request_id":"9fa15663-8a3e-4e6d-b91e-a3a0bc8a9524","method":"POST","path":"/v1/account/seats","status":400,"duration_ms":1}
{"timestamp":"2026-04-09T16:04:52.638Z","level":"warn","msg":"request","request_id":"088288b9-88f8-465d-979a-a6b3bba893ee","method":"POST","path":"/v1/account/seats","status":400,"duration_ms":1}
{"timestamp":"2026-04-09T16:04:52.644Z","level":"warn","msg":"request","request_id":"84045dc5-dd37-4917-9246-3247c972f750","method":"POST","path":"/v1/account/seats","status":400,"duration_ms":3}
{"timestamp":"2026-04-09T16:04:52.649Z","level":"info","msg":"request","request_id":"fd9a3ba3-f1c5-4a83-a3db-51e2adf5daee","method":"POST","path":"/v1/account/seats","status":201,"duration_ms":3}
{"timestamp":"2026-04-09T16:04:52.653Z","level":"info","msg":"request","request_id":"dbfaaae4-cb8c-4523-9592-8c158a9205f4","method":"POST","path":"/v1/account/seats","status":201,"duration_ms":2}
{"timestamp":"2026-04-09T16:04:52.656Z","level":"warn","msg":"request","request_id":"08841fb1-727c-4576-afca-f032b90c5ce9","method":"POST","path":"/v1/account/seats","status":409,"duration_ms":1}
{"timestamp":"2026-04-09T16:04:52.660Z","level":"info","msg":"request","request_id":"fdc6023d-9103-4f52-8bae-ff1276e21c44","method":"POST","path":"/v1/account/seats","status":201,"duration_ms":2}
{"timestamp":"2026-04-09T16:04:52.663Z","level":"info","msg":"request","request_id":"f21f127d-2043-4114-9f12-a7e8b8adb0ef","method":"POST","path":"/v1/account/seats","status":201,"duration_ms":2}
{"timestamp":"2026-04-09T16:04:52.667Z","level":"info","msg":"request","request_id":"861035fc-b795-469d-a383-b22a58e4c5d7","method":"POST","path":"/v1/account/seats","status":201,"duration_ms":3}
{"timestamp":"2026-04-09T16:04:52.671Z","level":"info","msg":"request","request_id":"7e40d730-21fc-437c-95e0-2d475712a44f","method":"POST","path":"/v1/account/seats","status":201,"duration_ms":2}
{"timestamp":"2026-04-09T16:04:52.675Z","level":"info","msg":"request","request_id":"74407b3a-4cdd-4000-a52a-2eff78b6a81f","method":"POST","path":"/v1/account/seats","status":201,"duration_ms":2}
{"timestamp":"2026-04-09T16:04:52.678Z","level":"warn","msg":"request","request_id":"85fb89d0-f4ae-4e9c-b04d-14f5fc276427","method":"POST","path":"/v1/account/seats","status":429,"duration_ms":1}
{"timestamp":"2026-04-09T16:04:52.686Z","level":"warn","msg":"request","request_id":"53d784a3-333a-4a2c-ba3e-bd9421a880cd","method":"GET","path":"/v1/account/seats","status":401,"duration_ms":1}
{"timestamp":"2026-04-09T16:04:52.690Z","level":"info","msg":"request","request_id":"ca3e8bbd-cbc4-4322-9f57-61a3bed69ccd","method":"POST","path":"/v1/account/seats","status":201,"duration_ms":2}
{"timestamp":"2026-04-09T16:04:52.693Z","level":"info","msg":"request","request_id":"698e116f-3462-4309-902c-eeace3bef611","method":"POST","path":"/v1/account/seats/d1d513bb-7f15-456d-adcf-c834ca0116d8/revoke","status":200,"duration_ms":2}
{"timestamp":"2026-04-09T16:04:52.695Z","level":"info","msg":"request","request_id":"b8ab9a15-61f4-47fb-a361-af05d0385012","method":"GET","path":"/v1/account/seats","status":200,"duration_ms":1}
{"timestamp":"2026-04-09T16:04:52.701Z","level":"info","msg":"request","request_id":"a36ef9c7-0f68-49e5-ae7d-9628bdc2cb60","method":"POST","path":"/v1/account/seats","status":201,"duration_ms":4}
{"timestamp":"2026-04-09T16:04:52.704Z","level":"info","msg":"request","request_id":"2022881f-4afc-498c-a7ac-5876acc204c5","method":"POST","path":"/v1/account/seats/a602ffb6-f0fc-4677-a553-f694b8d845b2/revoke","status":200,"duration_ms":2}
{"timestamp":"2026-04-09T16:04:52.708Z","level":"info","msg":"request","request_id":"91896603-8881-4e41-ae8d-b2a7fcb53ab6","method":"GET","path":"/v1/account/seats?include_revoked=true","status":200,"duration_ms":3}
{"timestamp":"2026-04-09T16:04:52.717Z","level":"info","msg":"request","request_id":"1dca9ea6-3e36-4df6-a72c-5e00e45588e0","method":"GET","path":"/v1/account/seats","status":200,"duration_ms":3}
{"timestamp":"2026-04-09T16:04:52.721Z","level":"info","msg":"request","request_id":"ff73aa43-d732-4c6b-ba9b-fb680d0a6d96","method":"POST","path":"/v1/account/seats","status":201,"duration_ms":2}
{"timestamp":"2026-04-09T16:04:52.724Z","level":"info","msg":"request","request_id":"6a10041f-4655-4efa-9487-cd37abb54512","method":"GET","path":"/v1/account/seats","status":200,"duration_ms":1}
{"timestamp":"2026-04-09T16:04:52.727Z","level":"warn","msg":"request","request_id":"c566f42c-9e2c-414d-a08d-724783d9be6c","method":"POST","path":"/v1/account/seats/fake-id/accept","status":401,"duration_ms":0}
{"timestamp":"2026-04-09T16:04:52.730Z","level":"warn","msg":"request","request_id":"4c71d07b-d9a1-49ca-9886-1600010ecec3","method":"POST","path":"/v1/account/seats/no-such-seat/accept","status":404,"duration_ms":1}
{"timestamp":"2026-04-09T16:04:52.736Z","level":"info","msg":"request","request_id":"c39b702d-136e-4ad9-a364-5628b7bb4957","method":"POST","path":"/v1/account/seats","status":201,"duration_ms":2}
{"timestamp":"2026-04-09T16:04:52.739Z","level":"warn","msg":"request","request_id":"faf8632f-7157-4298-aaf9-9a270ca44ed4","method":"POST","path":"/v1/account/seats/e2a99abc-a6e1-4686-ad7f-82818426d3c9/accept","status":403,"duration_ms":1}
{"timestamp":"2026-04-09T16:04:52.743Z","level":"info","msg":"request","request_id":"fd13af99-226d-44cc-8603-22bc85181c18","method":"POST","path":"/v1/account/seats","status":201,"duration_ms":2}
{"timestamp":"2026-04-09T16:04:52.746Z","level":"info","msg":"request","request_id":"eed4c423-93d0-4a53-b091-f05b35e81c19","method":"POST","path":"/v1/account/seats/8b94db03-5035-4dcf-819e-13c3f2eb2f8c/accept","status":200,"duration_ms":1}
{"timestamp":"2026-04-09T16:04:52.760Z","level":"info","msg":"request","request_id":"d54e3ef0-3da3-4af2-81ca-afbe2a189d56","method":"POST","path":"/v1/account/seats","status":201,"duration_ms":3}
{"timestamp":"2026-04-09T16:04:52.763Z","level":"info","msg":"request","request_id":"1d58f8ae-1eaa-44e8-86cf-b89dac2875c7","method":"POST","path":"/v1/account/seats/f44919d0-6d72-4b5c-82d6-02461cc3ddfb/accept","status":200,"duration_ms":2}
{"timestamp":"2026-04-09T16:04:52.765Z","level":"warn","msg":"request","request_id":"cb77fd75-e06d-4077-9e69-7baaf4e09722","method":"POST","path":"/v1/account/seats/f44919d0-6d72-4b5c-82d6-02461cc3ddfb/accept","status":404,"duration_ms":1}
{"timestamp":"2026-04-09T16:04:52.771Z","level":"warn","msg":"request","request_id":"89d608a1-8005-4a14-9da1-d76085d91448","method":"POST","path":"/v1/account/seats/fake-id/revoke","status":401,"duration_ms":1}
{"timestamp":"2026-04-09T16:04:52.787Z","level":"warn","msg":"request","request_id":"4bb63d31-6a0f-4811-a126-5c36e98829d6","method":"POST","path":"/v1/account/seats/no-such-seat/revoke","status":404,"duration_ms":1}
{"timestamp":"2026-04-09T16:04:52.792Z","level":"info","msg":"request","request_id":"950484a9-dc96-475e-8131-e9947b155510","method":"POST","path":"/v1/account/seats","status":201,"duration_ms":2}
{"timestamp":"2026-04-09T16:04:52.794Z","level":"warn","msg":"request","request_id":"6adfb17a-778b-495b-b9ba-a8ff76ec33c9","method":"POST","path":"/v1/account/seats/e4d74753-b2b4-448c-aaf2-9f73971a812d/revoke","status":404,"duration_ms":0}
{"timestamp":"2026-04-09T16:04:52.801Z","level":"info","msg":"request","request_id":"ff69f6a2-a40f-4c46-8d28-d0b061228d5a","method":"POST","path":"/v1/account/seats","status":201,"duration_ms":2}
{"timestamp":"2026-04-09T16:04:52.804Z","level":"info","msg":"request","request_id":"90daf532-72d0-4ec7-9972-76c9bc84bd21","method":"POST","path":"/v1/account/seats/9377bc48-ea6e-4b7b-ac2b-03ef6e949001/revoke","status":200,"duration_ms":2}
{"timestamp":"2026-04-09T16:04:52.808Z","level":"info","msg":"request","request_id":"219fc215-3bac-4369-8b34-3973ebac60f3","method":"POST","path":"/v1/account/upgrade-prompt/dismiss","status":200,"duration_ms":1}
{"timestamp":"2026-04-09T16:04:52.812Z","level":"info","msg":"request","request_id":"7d2d21f5-82a6-470f-b0d6-a8a581693952","method":"POST","path":"/v1/account/upgrade-prompt/dismiss","status":200,"duration_ms":1}
{"timestamp":"2026-04-09T16:04:52.816Z","level":"info","msg":"request","request_id":"b1dd24fb-c273-4026-b353-d6feeb8916e6","method":"GET","path":"/v1/account/funnel?limit=999","status":200,"duration_ms":1}
 [32mΓ£ô[39m apps/api/src/funnel-api.test.ts [2m([22m[2m44 tests[22m[2m)[22m[33m 591[2mms[22m[39m
 [32mΓ£ô[39m packages/snapshots/src/store.test.ts [2m([22m[2m27 tests[22m[2m)[22m[33m 637[2mms[22m[39m
 [32mΓ£ô[39m packages/snapshots/src/billing-edge-cases.test.ts [2m([22m[2m27 tests[22m[2m)[22m[33m 653[2mms[22m[39m
 [32mΓ£ô[39m packages/snapshots/src/db.test.ts [2m([22m[2m32 tests[22m[2m)[22m[33m 634[2mms[22m[39m
 [32mΓ£ô[39m packages/snapshots/src/email-store.test.ts [2m([22m[2m27 tests[22m[2m)[22m[33m 574[2mms[22m[39m
{"timestamp":"2026-04-09T16:04:53.852Z","level":"info","msg":"server_start","port":44502,"service":"axis-api"}
{"timestamp":"2026-04-09T16:04:53.913Z","level":"info","msg":"server_start","port":44421,"service":"axis-api"}
{"timestamp":"2026-04-09T16:04:54.022Z","level":"info","msg":"request","request_id":"528ff27a-27ab-4d00-b5ef-f37e8f038131","method":"POST","path":"/v1/accounts","status":201,"duration_ms":14}
{"timestamp":"2026-04-09T16:04:54.031Z","level":"info","msg":"request","request_id":"678c5207-c2a3-4243-8292-e6c35de8ecff","method":"POST","path":"/v1/accounts","status":201,"duration_ms":3}
{"timestamp":"2026-04-09T16:04:54.103Z","level":"info","msg":"request","request_id":"ad0ffb5b-6c2d-4a8e-8903-2ea28db404f5","method":"GET","path":"/v1/projects/41ca6f1e-21e7-4647-b7a6-2c902ee68cd1/export","status":200,"duration_ms":50}
{"timestamp":"2026-04-09T16:04:54.114Z","level":"info","msg":"request","request_id":"f618d09f-988c-4d3a-8776-62a779fd2b66","method":"POST","path":"/v1/snapshots","status":201,"duration_ms":78}
{"timestamp":"2026-04-09T16:04:54.125Z","level":"info","msg":"request","request_id":"cf497dca-b5b3-47cf-902b-b118c0a3233e","method":"GET","path":"/v1/snapshots/7f2812bf-793e-46c2-b4fb-bbb985561309","status":200,"duration_ms":3}
{"timestamp":"2026-04-09T16:04:54.131Z","level":"warn","msg":"request","request_id":"43222e6f-415f-4112-9504-ee62beabfffc","method":"GET","path":"/v1/snapshots/7f2812bf-793e-46c2-b4fb-bbb985561309","status":404,"duration_ms":2}
{"timestamp":"2026-04-09T16:04:54.134Z","level":"info","msg":"request","request_id":"7bba27d5-5ff2-4278-bafc-e9f727cade19","method":"GET","path":"/v1/projects/41ca6f1e-21e7-4647-b7a6-2c902ee68cd1/export","status":200,"duration_ms":10}
{"timestamp":"2026-04-09T16:04:54.152Z","level":"warn","msg":"request","request_id":"d98c9e6c-177d-4675-a1bb-f484686dc041","method":"GET","path":"/v1/snapshots/7f2812bf-793e-46c2-b4fb-bbb985561309","status":401,"duration_ms":2}
{"timestamp":"2026-04-09T16:04:54.161Z","level":"warn","msg":"request","request_id":"db493b17-932b-4013-be90-9a6e0351cd61","method":"DELETE","path":"/v1/snapshots/7f2812bf-793e-46c2-b4fb-bbb985561309","status":404,"duration_ms":2}
{"timestamp":"2026-04-09T16:04:54.166Z","level":"warn","msg":"request","request_id":"a011990e-8a71-46ab-b5fa-81ed9d27b0f0","method":"DELETE","path":"/v1/snapshots/7f2812bf-793e-46c2-b4fb-bbb985561309","status":401,"duration_ms":2}
{"timestamp":"2026-04-09T16:04:54.165Z","level":"info","msg":"request","request_id":"148badcb-6258-4309-b8fa-f020a465fc17","method":"GET","path":"/v1/projects/41ca6f1e-21e7-4647-b7a6-2c902ee68cd1/export","status":200,"duration_ms":9}
{"timestamp":"2026-04-09T16:04:54.171Z","level":"warn","msg":"request","request_id":"b13a5331-2516-4107-bae6-0920ca638e61","method":"GET","path":"/v1/projects/39a83f83-862f-432b-9672-a0f34372ce9b/context","status":404,"duration_ms":2}
{"timestamp":"2026-04-09T16:04:54.177Z","level":"warn","msg":"request","request_id":"9724c826-9826-4a94-8093-1ae93efd57fc","method":"GET","path":"/v1/projects/39a83f83-862f-432b-9672-a0f34372ce9b/generated-files","status":404,"duration_ms":1}
{"timestamp":"2026-04-09T16:04:54.188Z","level":"info","msg":"request","request_id":"a0b03c18-6b35-4dc3-aa65-d28527a5b7dd","method":"GET","path":"/v1/projects/41ca6f1e-21e7-4647-b7a6-2c902ee68cd1/export?program=debug","status":200,"duration_ms":19}
{"timestamp":"2026-04-09T16:04:54.189Z","level":"warn","msg":"request","request_id":"0b1c0eae-7573-47ff-9bda-50645c9e7293","method":"GET","path":"/v1/projects/39a83f83-862f-432b-9672-a0f34372ce9b/generated-files/AGENTS.md","status":404,"duration_ms":7}
{"timestamp":"2026-04-09T16:04:54.194Z","level":"warn","msg":"request","request_id":"ea7b0e57-55d1-410f-8bc2-ab9ab586deb7","method":"DELETE","path":"/v1/projects/39a83f83-862f-432b-9672-a0f34372ce9b","status":404,"duration_ms":1}
{"timestamp":"2026-04-09T16:04:54.197Z","level":"info","msg":"request","request_id":"873ad29a-5f57-4784-9059-666c024a9dd7","method":"GET","path":"/v1/projects/41ca6f1e-21e7-4647-b7a6-2c902ee68cd1/export?program=debug","status":200,"duration_ms":4}
{"timestamp":"2026-04-09T16:04:54.200Z","level":"warn","msg":"request","request_id":"541add4d-150f-4527-87c2-7d0b66f42593","method":"DELETE","path":"/v1/projects/39a83f83-862f-432b-9672-a0f34372ce9b","status":401,"duration_ms":3}
{"timestamp":"2026-04-09T16:04:54.205Z","level":"warn","msg":"request","request_id":"90514ba7-d3d3-4dd9-9552-4cb3be665cb4","method":"GET","path":"/v1/projects/39a83f83-862f-432b-9672-a0f34372ce9b/export","status":404,"duration_ms":2}
{"timestamp":"2026-04-09T16:04:54.208Z","level":"info","msg":"request","request_id":"e4267627-c3ff-4014-addd-5f34dee43d48","method":"GET","path":"/v1/projects/41ca6f1e-21e7-4647-b7a6-2c902ee68cd1/export","status":200,"duration_ms":6}
{"timestamp":"2026-04-09T16:04:54.209Z","level":"warn","msg":"request","request_id":"7eb6e341-3e48-4142-8a05-953d052d6c41","method":"GET","path":"/v1/projects/39a83f83-862f-432b-9672-a0f34372ce9b/export","status":401,"duration_ms":1}
{"timestamp":"2026-04-09T16:04:54.212Z","level":"info","msg":"request","request_id":"ad6f1ee2-4b3c-4b36-88bc-9503a442313b","method":"GET","path":"/v1/snapshots/7f2812bf-793e-46c2-b4fb-bbb985561309","status":200,"duration_ms":1}
{"timestamp":"2026-04-09T16:04:54.213Z","level":"info","msg":"request","request_id":"c1f8df39-73ba-4d99-9f03-411c59626c7f","method":"GET","path":"/v1/projects/15754227-199b-4111-8a00-cb260d555e92/export","status":200,"duration_ms":1}
{"timestamp":"2026-04-09T16:04:54.218Z","level":"info","msg":"request","request_id":"40c16c3e-7f73-4e93-8c9e-956f3964305c","method":"GET","path":"/v1/projects/39a83f83-862f-432b-9672-a0f34372ce9b/context","status":200,"duration_ms":3}
{"timestamp":"2026-04-09T16:04:54.218Z","level":"info","msg":"request","request_id":"03418d56-1085-4175-8cf3-04211f74900d","method":"GET","path":"/v1/projects/15754227-199b-4111-8a00-cb260d555e92/export","status":200,"duration_ms":2}
{"timestamp":"2026-04-09T16:04:54.222Z","level":"info","msg":"request","request_id":"c6a23375-576f-4f07-af73-4a024466c987","method":"GET","path":"/v1/projects/39a83f83-862f-432b-9672-a0f34372ce9b/generated-files","status":200,"duration_ms":2}
{"timestamp":"2026-04-09T16:04:54.224Z","level":"info","msg":"request","request_id":"39cf6178-c0db-48b5-91f7-4555ab680176","method":"GET","path":"/v1/projects/15754227-199b-4111-8a00-cb260d555e92/export","status":200,"duration_ms":2}
{"timestamp":"2026-04-09T16:04:54.231Z","level":"info","msg":"request","request_id":"7c2675e9-1e19-42a7-8469-7183d7436e10","method":"POST","path":"/v1/accounts","status":201,"duration_ms":5}
{"timestamp":"2026-04-09T16:04:54.236Z","level":"info","msg":"request","request_id":"a5bf4a1c-b4c3-478c-ba2d-dc186442998a","method":"POST","path":"/v1/accounts","status":201,"duration_ms":2}
{"timestamp":"2026-04-09T16:04:54.243Z","level":"info","msg":"request","request_id":"1a181b27-f5f1-47da-b305-c6b64b6271ce","method":"GET","path":"/v1/projects/15754227-199b-4111-8a00-cb260d555e92/export","status":200,"duration_ms":2}
{"timestamp":"2026-04-09T16:04:54.249Z","level":"info","msg":"request","request_id":"6404dc1f-fd99-4edc-8088-1a2f742c6230","method":"GET","path":"/v1/projects/15754227-199b-4111-8a00-cb260d555e92/export","status":200,"duration_ms":3}
{"timestamp":"2026-04-09T16:04:54.251Z","level":"info","msg":"request","request_id":"23224290-8ef2-4462-a503-8b9bf077e7ae","method":"POST","path":"/v1/snapshots","status":201,"duration_ms":14}
{"timestamp":"2026-04-09T16:04:54.252Z","level":"info","msg":"request","request_id":"a60ed1c9-d855-46ed-aa54-f2091386b2bf","method":"GET","path":"/v1/projects/15754227-199b-4111-8a00-cb260d555e92/export?program=search","status":200,"duration_ms":1}
{"timestamp":"2026-04-09T16:04:54.257Z","level":"info","msg":"request","request_id":"8e5247d3-20a2-4ccb-95df-339c359a5205","method":"POST","path":"/v1/search/index","status":200,"duration_ms":4}
 [32mΓ£ô[39m apps/api/src/export-edge-cases.test.ts [2m([22m[2m12 tests[22m[2m)[22m[33m 399[2mms[22m[39m
{"timestamp":"2026-04-09T16:04:54.266Z","level":"info","msg":"request","request_id":"68e33c3a-6b2e-45c9-9b40-484304d184df","method":"POST","path":"/v1/search/query","status":200,"duration_ms":4}
{"timestamp":"2026-04-09T16:04:54.271Z","level":"warn","msg":"request","request_id":"ac1155f5-ed16-4e04-9408-c256ab5ef1fa","method":"POST","path":"/v1/search/index","status":404,"duration_ms":2}
{"timestamp":"2026-04-09T16:04:54.274Z","level":"warn","msg":"request","request_id":"bf10dc18-9669-428f-b1c1-97c70632c26b","method":"POST","path":"/v1/search/query","status":404,"duration_ms":1}
{"timestamp":"2026-04-09T16:04:54.277Z","level":"warn","msg":"request","request_id":"28cfc38e-e25d-4989-af62-f9b7d2b474bc","method":"GET","path":"/v1/search/a6eb7562-a497-4cdd-87ab-6a1319ec51c8/stats","status":404,"duration_ms":1}
{"timestamp":"2026-04-09T16:04:54.280Z","level":"warn","msg":"request","request_id":"d2f252a9-e584-442a-bed8-dc91da5a6a35","method":"POST","path":"/v1/search/query","status":401,"duration_ms":1}
{"timestamp":"2026-04-09T16:04:54.284Z","level":"info","msg":"request","request_id":"b3f0aa19-cd8c-456f-8cc5-873b302ec9d1","method":"GET","path":"/v1/search/a6eb7562-a497-4cdd-87ab-6a1319ec51c8/stats","status":200,"duration_ms":2}
{"timestamp":"2026-04-09T16:04:54.289Z","level":"info","msg":"request","request_id":"2fdb5e99-d10f-495d-b2bd-d70f6c470a80","method":"POST","path":"/v1/accounts","status":201,"duration_ms":2}
{"timestamp":"2026-04-09T16:04:54.297Z","level":"info","msg":"request","request_id":"e38f0406-7bb0-4806-b617-89f73f0b1a5e","method":"POST","path":"/v1/snapshots","status":201,"duration_ms":7}
{"timestamp":"2026-04-09T16:04:54.303Z","level":"info","msg":"request","request_id":"99d7fcef-fb0a-4041-93a7-82e2b501d640","method":"GET","path":"/v1/snapshots/c7af1e2b-0c13-44b5-933e-d19c78887ce1","status":200,"duration_ms":3}
{"timestamp":"2026-04-09T16:04:54.306Z","level":"info","msg":"request","request_id":"b70983c0-fe83-4960-9b6a-4379f65d36fd","method":"GET","path":"/v1/snapshots/c7af1e2b-0c13-44b5-933e-d19c78887ce1","status":200,"duration_ms":1}
{"timestamp":"2026-04-09T16:04:54.310Z","level":"info","msg":"request","request_id":"1994d19d-379b-462e-b8a7-3a8526b02c1e","method":"GET","path":"/v1/projects/6f77841a-b321-46b1-8163-732f3df777e1/context","status":200,"duration_ms":1}
{"timestamp":"2026-04-09T16:04:54.313Z","level":"info","msg":"request","request_id":"aa23784a-04fe-449a-be02-758bbabc8fc1","method":"GET","path":"/v1/projects/6f77841a-b321-46b1-8163-732f3df777e1/generated-files","status":200,"duration_ms":1}
{"timestamp":"2026-04-09T16:04:54.327Z","level":"info","msg":"request","request_id":"5eea21c3-2b47-47fa-8b6c-b7c0b1b94057","method":"POST","path":"/v1/snapshots","status":201,"duration_ms":10}
{"timestamp":"2026-04-09T16:04:54.332Z","level":"info","msg":"request","request_id":"88f742e9-afab-48e8-aabc-d9e52c6053a9","method":"DELETE","path":"/v1/snapshots/e759263d-8327-4071-8fac-66a85c01d07f","status":200,"duration_ms":2}
{"timestamp":"2026-04-09T16:04:54.336Z","level":"info","msg":"request","request_id":"55b759d4-a81e-421d-bba3-1e5ca1a9b464","method":"POST","path":"/v1/search/index","status":200,"duration_ms":2}
{"timestamp":"2026-04-09T16:04:54.341Z","level":"info","msg":"request","request_id":"4c5aa618-0190-483e-af8d-e94c737ff9a5","method":"POST","path":"/v1/search/query","status":200,"duration_ms":2}
{"timestamp":"2026-04-09T16:04:54.345Z","level":"info","msg":"request","request_id":"e4f99ae4-5584-4244-ac59-5eb4f361dbe0","method":"POST","path":"/v1/accounts","status":201,"duration_ms":2}
{"timestamp":"2026-04-09T16:04:54.348Z","level":"info","msg":"request","request_id":"2bff7046-87c8-4d07-9fcc-804e90ac485f","method":"POST","path":"/v1/accounts","status":201,"duration_ms":2}
{"timestamp":"2026-04-09T16:04:54.353Z","level":"info","msg":"request","request_id":"98d45ba8-f201-4907-bd99-5ad07456f6a8","method":"POST","path":"/v1/account/tier","status":200,"duration_ms":2}
{"timestamp":"2026-04-09T16:04:54.356Z","level":"info","msg":"request","request_id":"3735261e-82c0-4c25-84ea-5fd0000885c4","method":"POST","path":"/v1/account/tier","status":200,"duration_ms":1}
{"timestamp":"2026-04-09T16:04:54.371Z","level":"info","msg":"request","request_id":"e0b789af-200b-4847-9f3f-fb19eaf73457","method":"POST","path":"/v1/snapshots","status":201,"duration_ms":9}
{"timestamp":"2026-04-09T16:04:54.378Z","level":"info","msg":"request","request_id":"af95d278-a700-4725-924d-7c93ebba734c","method":"POST","path":"/v1/snapshots","status":201,"duration_ms":5}
{"timestamp":"2026-04-09T16:04:54.464Z","level":"warn","msg":"request","request_id":"a7a65459-b3f0-49e2-9343-9fb923fcdbd2","method":"GET","path":"/v1/projects/732b6387-84e0-4d3b-8dce-b67787d28e5d/context","status":404,"duration_ms":1}
{"timestamp":"2026-04-09T16:04:54.467Z","level":"warn","msg":"request","request_id":"1b07fecf-df40-47dd-b548-53ff9e287ea3","method":"GET","path":"/v1/projects/8eb04013-7b36-4f90-812c-4f37d75f572f/context","status":404,"duration_ms":1}
{"timestamp":"2026-04-09T16:04:54.479Z","level":"info","msg":"request","request_id":"17b42db1-45b5-4635-a582-aa031e439b57","method":"POST","path":"/v1/snapshots","status":201,"duration_ms":8}
{"timestamp":"2026-04-09T16:04:54.483Z","level":"info","msg":"request","request_id":"c0a4ce69-d7ca-49a4-abbf-6de84025012d","method":"POST","path":"/v1/accounts","status":201,"duration_ms":2}
{"timestamp":"2026-04-09T16:04:54.491Z","level":"info","msg":"request","request_id":"86747b6b-6563-4811-9912-7cdb7463a3dc","method":"POST","path":"/v1/snapshots","status":201,"duration_ms":7}
{"timestamp":"2026-04-09T16:04:54.494Z","level":"info","msg":"request","request_id":"231401ad-3dbc-480d-a25a-a40ddd2a5ed5","method":"GET","path":"/v1/snapshots/ace0b730-3106-475b-96e4-e0b0b4feffdd","status":200,"duration_ms":1}
{"timestamp":"2026-04-09T16:04:54.498Z","level":"info","msg":"request","request_id":"505a5641-111e-45e3-ba1e-138d82d32337","method":"POST","path":"/v1/accounts","status":201,"duration_ms":2}
{"timestamp":"2026-04-09T16:04:54.502Z","level":"warn","msg":"request","request_id":"47be6771-bb2d-485b-ab66-836336ce4951","method":"GET","path":"/v1/snapshots/ace0b730-3106-475b-96e4-e0b0b4feffdd","status":404,"duration_ms":2}
{"timestamp":"2026-04-09T16:04:54.544Z","level":"info","msg":"request","request_id":"e6168c63-d3ad-4313-a006-0acf7739489e","method":"POST","path":"/v1/snapshots","status":201,"duration_ms":4}
{"timestamp":"2026-04-09T16:04:54.546Z","level":"info","msg":"request","request_id":"7f07ebb0-1b83-4f31-823f-df2d4e17effd","method":"GET","path":"/v1/snapshots/846c3643-e70f-4137-8fd4-d34ec0f19e79","status":200,"duration_ms":1}
{"timestamp":"2026-04-09T16:04:54.550Z","level":"info","msg":"request","request_id":"606728c7-3c51-4d13-9065-c8e3680c8e5d","method":"POST","path":"/v1/accounts","status":201,"duration_ms":2}
{"timestamp":"2026-04-09T16:04:54.554Z","level":"info","msg":"request","request_id":"f6f6e1ef-be7a-4a5b-81e7-f5c7a1b49459","method":"GET","path":"/v1/snapshots/846c3643-e70f-4137-8fd4-d34ec0f19e79","status":200,"duration_ms":2}
 [32mΓ£ô[39m apps/api/src/multi-tenancy.test.ts [2m([22m[2m32 tests[22m[2m)[22m[33m 774[2mms[22m[39m
{"timestamp":"2026-04-09T16:04:54.658Z","level":"info","msg":"server_start","port":44430,"service":"axis-api"}
{"timestamp":"2026-04-09T16:04:54.779Z","level":"info","msg":"server_start","port":44504,"service":"axis-api"}
{"timestamp":"2026-04-09T16:04:54.805Z","level":"info","msg":"request","request_id":"4a030e9b-a33e-476d-91ea-ddf455d79de0","method":"POST","path":"/v1/accounts","status":201,"duration_ms":12}
{"timestamp":"2026-04-09T16:04:54.840Z","level":"warn","msg":"request","request_id":"b4defd46-ab1d-4934-a41f-fc932f1603d5","method":"POST","path":"/v1/account/webhooks","status":401,"duration_ms":2}
{"timestamp":"2026-04-09T16:04:54.847Z","level":"info","msg":"request","request_id":"5c17626e-38c5-43d7-b236-a62b368679b2","method":"POST","path":"/v1/account/webhooks","status":201,"duration_ms":3}
{"timestamp":"2026-04-09T16:04:54.856Z","level":"warn","msg":"request","request_id":"f1233fa7-618f-49e1-a8cb-b078a223b68a","method":"POST","path":"/v1/account/webhooks","status":400,"duration_ms":2}
{"timestamp":"2026-04-09T16:04:54.861Z","level":"warn","msg":"request","request_id":"9e1f972d-36ce-4393-ae6a-d107b578ac72","method":"POST","path":"/v1/account/webhooks","status":400,"duration_ms":2}
{"timestamp":"2026-04-09T16:04:54.865Z","level":"warn","msg":"request","request_id":"53dd4de2-7b89-4e5f-885c-992b4e475b9d","method":"POST","path":"/v1/account/webhooks","status":400,"duration_ms":1}
{"timestamp":"2026-04-09T16:04:54.869Z","level":"info","msg":"request","request_id":"64ca4edc-124b-4e19-bdcb-da8b2b04ba25","method":"GET","path":"/v1/account/webhooks","status":200,"duration_ms":2}
{"timestamp":"2026-04-09T16:04:54.873Z","level":"info","msg":"request","request_id":"635c1dea-2cf5-4f03-8315-f95239535983","method":"POST","path":"/v1/account/webhooks","status":201,"duration_ms":1}
{"timestamp":"2026-04-09T16:04:54.878Z","level":"info","msg":"request","request_id":"22e37c0e-3e25-4612-9648-09d0007ae37a","method":"DELETE","path":"/v1/account/webhooks/86cf6d96-9318-424f-a773-eec3a821d45a","status":200,"duration_ms":2}
{"timestamp":"2026-04-09T16:04:54.883Z","level":"warn","msg":"request","request_id":"d9a46ba1-d460-480d-b768-699e2c6449d6","method":"DELETE","path":"/v1/account/webhooks/nonexistent-id","status":404,"duration_ms":1}
{"timestamp":"2026-04-09T16:04:54.887Z","level":"info","msg":"request","request_id":"6b9d7194-d836-4b5c-8f1f-3a8e62cdd5a7","method":"POST","path":"/v1/account/webhooks","status":201,"duration_ms":1}
{"timestamp":"2026-04-09T16:04:54.891Z","level":"info","msg":"request","request_id":"d7a9027f-2440-4227-b2a4-cf954e2364b9","method":"POST","path":"/v1/account/webhooks/02d1a877-a651-476b-b6f2-819d0b0cf046/toggle","status":200,"duration_ms":2}
{"timestamp":"2026-04-09T16:04:54.894Z","level":"info","msg":"request","request_id":"f588f587-12e6-481c-b093-9394ea313658","method":"POST","path":"/v1/account/webhooks/02d1a877-a651-476b-b6f2-819d0b0cf046/toggle","status":200,"duration_ms":1}
{"timestamp":"2026-04-09T16:04:54.898Z","level":"info","msg":"request","request_id":"27e39603-7afd-4df1-bfc4-aa3fb82ab33a","method":"POST","path":"/v1/account/webhooks","status":201,"duration_ms":1}
{"timestamp":"2026-04-09T16:04:54.902Z","level":"info","msg":"request","request_id":"9c2c0ae1-0ca6-4bcd-9c14-676392a2eef0","method":"GET","path":"/v1/account/webhooks/7b3b5052-2f8f-4e75-957b-00a2e76d6b56/deliveries","status":200,"duration_ms":2}
{"timestamp":"2026-04-09T16:04:54.906Z","level":"info","msg":"request","request_id":"452d90a5-7c52-41a8-b036-a265adf92d1b","method":"POST","path":"/v1/account/webhooks","status":201,"duration_ms":1}
{"timestamp":"2026-04-09T16:04:54.909Z","level":"warn","msg":"request","request_id":"b0ea971c-27f8-490e-9556-7de0643c5830","method":"POST","path":"/v1/account/webhooks/85dab7cf-d1ec-4958-b774-e1740d57d0cf/toggle","status":400,"duration_ms":1}
{"timestamp":"2026-04-09T16:04:54.914Z","level":"warn","msg":"request","request_id":"4d7c7c13-ed4f-4843-8a5e-b4c9852e0c99","method":"POST","path":"/v1/account/webhooks/85dab7cf-d1ec-4958-b774-e1740d57d0cf/toggle","status":400,"duration_ms":1}
{"timestamp":"2026-04-09T16:04:54.919Z","level":"info","msg":"request","request_id":"d9a4665b-c6af-4217-bd0b-5730f214e4de","method":"POST","path":"/v1/accounts","status":201,"duration_ms":2}
{"timestamp":"2026-04-09T16:04:54.922Z","level":"warn","msg":"request","request_id":"e01d2c15-b74c-4af0-9b95-6c641dec3389","method":"POST","path":"/v1/account/webhooks/85dab7cf-d1ec-4958-b774-e1740d57d0cf/toggle","status":404,"duration_ms":1}
{"timestamp":"2026-04-09T16:04:54.925Z","level":"warn","msg":"request","request_id":"39edc47c-fdfb-47f4-9725-e08a499847e1","method":"DELETE","path":"/v1/account/webhooks/wh_nonexistent","status":401,"duration_ms":1}
{"timestamp":"2026-04-09T16:04:54.927Z","level":"warn","msg":"request","request_id":"f997586c-6adf-4dd5-99bd-7dddd55053db","method":"POST","path":"/v1/account/webhooks/wh_nonexistent/toggle","status":401,"duration_ms":0}
{"timestamp":"2026-04-09T16:04:54.930Z","level":"warn","msg":"request","request_id":"f1a34346-915e-4776-9530-b899f1d664e1","method":"GET","path":"/v1/account/webhooks/wh_nonexistent/deliveries","status":401,"duration_ms":0}
{"timestamp":"2026-04-09T16:04:54.937Z","level":"info","msg":"server_start","port":44421,"service":"axis-api"}
 [32mΓ£ô[39m apps/api/src/webhooks.test.ts [2m([22m[2m23 tests[22m[2m)[22m[33m 324[2mms[22m[39m
{"timestamp":"2026-04-09T16:04:55.021Z","level":"info","msg":"request","request_id":"64775d5d-6b38-4041-8f60-c720cbacde69","method":"GET","path":"/v1/health/live","status":200,"duration_ms":5}
{"timestamp":"2026-04-09T16:04:55.033Z","level":"info","msg":"request","request_id":"9241f4f0-0eae-4519-84ba-67ea76cfeb0a","method":"GET","path":"/v1/metrics","status":200,"duration_ms":4}
{"timestamp":"2026-04-09T16:04:55.038Z","level":"info","msg":"request","request_id":"d82daee5-55e4-4f85-977d-cbb864b83591","method":"GET","path":"/v1/health/live","status":200,"duration_ms":1}
{"timestamp":"2026-04-09T16:04:55.043Z","level":"info","msg":"request","request_id":"3343b436-5ba9-4ae0-aa94-9b4c4448f010","method":"GET","path":"/v1/metrics","status":200,"duration_ms":3}
{"timestamp":"2026-04-09T16:04:55.048Z","level":"info","msg":"request","request_id":"a753ad42-6016-4371-9b26-8c7dacaadd7a","method":"GET","path":"/v1/health/live","status":200,"duration_ms":2}
{"timestamp":"2026-04-09T16:04:55.053Z","level":"info","msg":"request","request_id":"7f16230d-270a-4ae1-a3fd-2f641e750750","method":"GET","path":"/v1/metrics","status":200,"duration_ms":2}
{"timestamp":"2026-04-09T16:04:55.057Z","level":"info","msg":"request","request_id":"2c135d21-2ac5-4558-8381-2eee4e76554e","method":"GET","path":"/v1/metrics","status":200,"duration_ms":2}
{"timestamp":"2026-04-09T16:04:55.064Z","level":"info","msg":"request","request_id":"7d84d8b3-c043-472f-bcaf-dd9329194a9b","method":"GET","path":"/v1/metrics","status":200,"duration_ms":2}
 [32mΓ£ô[39m packages/snapshots/src/search-store.test.ts [2m([22m[2m17 tests[22m[2m)[22m[33m 439[2mms[22m[39m
 [32mΓ£ô[39m apps/api/src/latency-histogram.test.ts [2m([22m[2m18 tests[22m[2m)[22m[33m 487[2mms[22m[39m
{"timestamp":"2026-04-09T16:04:55.233Z","level":"info","msg":"server_start","port":44425,"service":"axis-api"}
{"timestamp":"2026-04-09T16:04:55.236Z","level":"info","msg":"request","request_id":"495cb961-a689-4a2c-a587-9f4076d79d26","method":"GET","path":"/v1/health/live","status":200,"duration_ms":9}
{"timestamp":"2026-04-09T16:04:55.256Z","level":"info","msg":"request","request_id":"52451678-a5d4-46fb-ad25-10b1cc563c2f","method":"GET","path":"/v1/health/ready","status":200,"duration_ms":3}
{"timestamp":"2026-04-09T16:04:55.264Z","level":"info","msg":"request","request_id":"1d1faa80-f47e-4612-b239-48bc803f60ff","method":"GET","path":"/v1/metrics","status":200,"duration_ms":4}
{"timestamp":"2026-04-09T16:04:55.273Z","level":"info","msg":"request","request_id":"0ea22c2e-8cbd-4fe1-94ee-17748ede282b","method":"GET","path":"/v1/metrics","status":200,"duration_ms":5}
{"timestamp":"2026-04-09T16:04:55.279Z","level":"info","msg":"request","request_id":"1dc6f189-5ebc-4608-bef8-9db999cf853b","method":"GET","path":"/v1/metrics","status":200,"duration_ms":3}
{"timestamp":"2026-04-09T16:04:55.285Z","level":"info","msg":"request","request_id":"d2aae069-56ee-437a-9041-811679c62bcd","method":"GET","path":"/v1/metrics","status":200,"duration_ms":2}
{"timestamp":"2026-04-09T16:04:55.289Z","level":"info","msg":"request","request_id":"58304f80-d0ec-435f-b4e1-b4de0a540020","method":"GET","path":"/v1/metrics","status":200,"duration_ms":2}
{"timestamp":"2026-04-09T16:04:55.294Z","level":"info","msg":"request","request_id":"f2e5096f-c3d0-4338-ac39-d28404943d98","method":"GET","path":"/v1/metrics","status":200,"duration_ms":2}
{"timestamp":"2026-04-09T16:04:55.307Z","level":"info","msg":"request","request_id":"3a2447c6-f786-402e-8b28-944d61520557","method":"GET","path":"/v1/metrics","status":200,"duration_ms":2}
{"timestamp":"2026-04-09T16:04:55.313Z","level":"info","msg":"request","request_id":"8bb13539-be9d-4f5e-9867-d2223aceb406","method":"GET","path":"/v1/metrics","status":200,"duration_ms":2}
 [32mΓ£ô[39m apps/api/src/metrics.test.ts [2m([22m[2m10 tests[22m[2m)[22m[33m 535[2mms[22m[39m
{"timestamp":"2026-04-09T16:04:55.486Z","level":"info","msg":"request","request_id":"f9d61e31-c90b-41d1-87a6-78a7cd5d3a13","method":"GET","path":"/v1/db/stats","status":200,"duration_ms":9}
{"timestamp":"2026-04-09T16:04:55.502Z","level":"info","msg":"request","request_id":"2d3f0fee-042a-4c4c-a7fe-84c595e3ac66","method":"GET","path":"/v1/db/stats","status":200,"duration_ms":3}
{"timestamp":"2026-04-09T16:04:55.524Z","level":"info","msg":"request","request_id":"5a78d2f6-fba3-4add-9454-303b811decd4","method":"POST","path":"/v1/db/maintenance","status":200,"duration_ms":16}
{"timestamp":"2026-04-09T16:04:55.548Z","level":"info","msg":"request","request_id":"a539b577-7613-43ec-a2e0-7b90c5097e66","method":"POST","path":"/v1/db/maintenance","status":200,"duration_ms":17}
{"timestamp":"2026-04-09T16:04:55.567Z","level":"info","msg":"request","request_id":"0bedcc9a-e321-4455-8558-50d535842070","method":"POST","path":"/v1/db/maintenance","status":200,"duration_ms":13}
 [32mΓ£ô[39m apps/api/src/db-endpoints.test.ts [2m([22m[2m4 tests[22m[2m)[22m[33m 506[2mms[22m[39m
{"timestamp":"2026-04-09T16:04:55.961Z","level":"info","msg":"server_start","port":44503,"service":"axis-api"}
 [32mΓ£ô[39m packages/snapshots/src/lemonsqueezy-store.test.ts [2m([22m[2m21 tests[22m[2m)[22m[33m 450[2mms[22m[39m
{"timestamp":"2026-04-09T16:04:56.127Z","level":"info","msg":"request","request_id":"857745b6-3926-47f5-b064-5febd265cab9","method":"POST","path":"/v1/checkout","status":201,"duration_ms":11}
{"timestamp":"2026-04-09T16:04:56.145Z","level":"info","msg":"request","request_id":"7338e4e0-7f56-4279-ba21-988845790db2","method":"POST","path":"/v1/checkout","status":201,"duration_ms":2}
{"timestamp":"2026-04-09T16:04:56.158Z","level":"error","msg":"r
equest","request_id":"9aabc53e-29c5-4876-a3ed-a891f36536df","met
hod":"POST","path":"/v1/checkout","status":502,"duration_ms":2}
{"timestamp":"2026-04-09T16:04:56.169Z","level":"error","msg":"r
equest","request_id":"62b1cef5-7cbc-405a-b2e1-5f4de0ac862b","met
hod":"POST","path":"/v1/checkout","status":502,"duration_ms":3}
{"timestamp":"2026-04-09T16:04:56.177Z","level":"warn","msg":"request","request_id":"4eec298e-6f60-439b-b3ef-0c2b109eaaa2","method":"POST","path":"/v1/checkout","status":409,"duration_ms":3}
{"timestamp":"2026-04-09T16:04:56.185Z","level":"error","msg":"r
equest","request_id":"cb4d9ebe-d8fc-4acf-b41a-d29c279450b4","met
hod":"POST","path":"/v1/checkout","status":503,"duration_ms":2}
{"timestamp":"2026-04-09T16:04:56.189Z","level":"warn","msg":"request","request_id":"5f8df686-f02f-4871-afb4-28b766614aa5","method":"POST","path":"/v1/checkout","status":400,"duration_ms":1}
{"timestamp":"2026-04-09T16:04:56.197Z","level":"info","msg":"request","request_id":"7a0a1ed0-26ab-4f47-8a51-e13f42e2aa31","method":"POST","path":"/v1/account/subscription/cancel","status":200,"duration_ms":3}
{"timestamp":"2026-04-09T16:04:56.210Z","level":"error","msg":"r
equest","request_id":"b87546ed-8e03-40aa-b904-9b740bb8e96a","met
hod":"POST","path":"/v1/account/subscription/cancel","status":50
2,"duration_ms":2}
{"timestamp":"2026-04-09T16:04:56.217Z","level":"error","msg":"r
equest","request_id":"c31c3a8e-1080-4229-a11a-98c4d32fbf5f","met
hod":"POST","path":"/v1/account/subscription/cancel","status":50
2,"duration_ms":1}
{"timestamp":"2026-04-09T16:04:56.223Z","level":"error","msg":"r
equest","request_id":"e2ff61f5-471e-4b8e-9768-5b5342f84906","met
hod":"POST","path":"/v1/account/subscription/cancel","status":50
3,"duration_ms":2}
{"timestamp":"2026-04-09T16:04:56.230Z","level":"info","msg":"request","request_id":"f4b0237a-be1b-4759-913f-b2e15e85ce8d","method":"POST","path":"/v1/webhooks/lemonsqueezy","status":200,"duration_ms":3}
{"timestamp":"2026-04-09T16:04:56.235Z","level":"info","msg":"request","request_id":"16dcee9d-c8ec-426a-bf4a-bafdcc2f6021","method":"POST","path":"/v1/webhooks/lemonsqueezy","status":200,"duration_ms":3}
{"timestamp":"2026-04-09T16:04:56.244Z","level":"info","msg":"request","request_id":"7738f584-2307-4c27-a028-b100897af430","method":"POST","path":"/v1/webhooks/lemonsqueezy","status":200,"duration_ms":1}
{"timestamp":"2026-04-09T16:04:56.248Z","level":"info","msg":"request","request_id":"a9a59c09-1758-4684-b45e-bee13c84d2ab","method":"POST","path":"/v1/webhooks/lemonsqueezy","status":200,"duration_ms":1}
{"timestamp":"2026-04-09T16:04:56.253Z","level":"info","msg":"request","request_id":"61351379-df0d-4647-9fe0-bda91075fd3d","method":"POST","path":"/v1/webhooks/lemonsqueezy","status":200,"duration_ms":2}
{"timestamp":"2026-04-09T16:04:56.258Z","level":"info","msg":"request","request_id":"12bfc65b-a272-4c52-aa14-4387ed7819c2","method":"POST","path":"/v1/webhooks/lemonsqueezy","status":200,"duration_ms":3}
{"timestamp":"2026-04-09T16:04:56.262Z","level":"info","msg":"request","request_id":"eff3b7e6-991c-4bc4-ac38-ac6ec2efd110","method":"POST","path":"/v1/webhooks/lemonsqueezy","status":200,"duration_ms":1}
{"timestamp":"2026-04-09T16:04:56.270Z","level":"info","msg":"request","request_id":"d3189b33-ba35-42b7-8886-4e9d4bd7619e","method":"POST","path":"/v1/webhooks/lemonsqueezy","status":200,"duration_ms":5}
{"timestamp":"2026-04-09T16:04:56.343Z","level":"error","msg":"r
oute_handler_error","request_id":"05b8c8d6-3889-4bac-a8f3-6f7bda
f62892","path":"/v1/webhooks/lemonsqueezy","error":"FOREIGN KEY 
constraint failed"}
{"timestamp":"2026-04-09T16:04:56.344Z","level":"error","msg":"r
equest","request_id":"05b8c8d6-3889-4bac-a8f3-6f7bdaf62892","met
hod":"POST","path":"/v1/webhooks/lemonsqueezy","status":500,"dur
ation_ms":2}
{"timestamp":"2026-04-09T16:04:56.348Z","level":"error","msg":"r
equest","request_id":"71a0d145-ca6d-40e3-bfdc-774466bc0534","met
hod":"POST","path":"/v1/webhooks/lemonsqueezy","status":503,"dur
ation_ms":1}
{"timestamp":"2026-04-09T16:04:56.351Z","level":"warn","msg":"request","request_id":"475bb13d-4240-4553-84e7-fb4c0f553b86","method":"POST","path":"/v1/webhooks/lemonsqueezy","status":400,"duration_ms":1}
{"timestamp":"2026-04-09T16:04:56.355Z","level":"warn","msg":"request","request_id":"06e75d15-f128-4a19-8f42-7db453684f4c","method":"POST","path":"/v1/webhooks/lemonsqueezy","status":401,"duration_ms":1}
{"timestamp":"2026-04-09T16:04:56.359Z","level":"info","msg":"request","request_id":"dc13a83c-c367-43b8-b6fd-52d8bb91c460","method":"POST","path":"/v1/webhooks/lemonsqueezy","status":200,"duration_ms":2}
{"timestamp":"2026-04-09T16:04:56.371Z","level":"info","msg":"request","request_id":"9604d577-9474-4246-aa5f-b56eceef0e2b","method":"POST","path":"/v1/webhooks/lemonsqueezy","status":200,"duration_ms":2}
{"timestamp":"2026-04-09T16:04:56.375Z","level":"info","msg":"request","request_id":"3d13e5dc-224f-404d-94f0-735d1df31d77","method":"POST","path":"/v1/webhooks/lemonsqueezy","status":200,"duration_ms":1}
{"timestamp":"2026-04-09T16:04:56.379Z","level":"info","msg":"request","request_id":"e206684f-7565-497e-ae15-89b08364bacf","method":"POST","path":"/v1/webhooks/lemonsqueezy","status":200,"duration_ms":2}
{"timestamp":"2026-04-09T16:04:56.383Z","level":"info","msg":"request","request_id":"aec38a4e-b37b-4e97-b8b7-be86ea22947d","method":"POST","path":"/v1/webhooks/lemonsqueezy","status":200,"duration_ms":1}
 [32mΓ£ô[39m apps/api/src/lemonsqueezy-branches.test.ts [2m([22m[2m27 tests[22m[2m)[22m[33m 476[2mms[22m[39m
{"timestamp":"2026-04-09T16:04:56.406Z","level":"info","msg":"server_start","port":44427,"service":"axis-api"}
{"timestamp":"2026-04-09T16:04:56.529Z","level":"info","msg":"server_start","port":44501,"service":"axis-api"}
{"timestamp":"2026-04-09T16:04:56.557Z","level":"info","msg":"request","request_id":"0c12a399-ae11-4db1-a586-e90b1b964a4d","method":"POST","path":"/v1/accounts","status":201,"duration_ms":13}
{"timestamp":"2026-04-09T16:04:56.661Z","level":"info","msg":"request","request_id":"fb6917ed-3e96-4a96-9cd4-398cbf6bfda7","method":"DELETE","path":"/v1/snapshots/3727fc43-08a6-442a-a68a-2f73f3ee9ad3","status":200,"duration_ms":11}
{"timestamp":"2026-04-09T16:04:56.675Z","level":"warn","msg":"request","request_id":"f541f1f7-3191-4936-8923-14f4bb8a18ae","method":"DELETE","path":"/v1/snapshots/nonexistent-id","status":404,"duration_ms":1}
{"timestamp":"2026-04-09T16:04:56.679Z","level":"info","msg":"request","request_id":"f49b73bb-def7-476e-b3cd-6d8bfca25829","method":"POST","path":"/v1/account/seats","status":201,"duration_ms":7}
{"timestamp":"2026-04-09T16:04:56.684Z","level":"info","msg":"request","request_id":"38db00c9-f666-4546-8963-5d8d1888526c","method":"DELETE","path":"/v1/projects/4cdfa498-c40c-47bb-b277-5d91ebff339b","status":200,"duration_ms":3}
{"timestamp":"2026-04-09T16:04:56.696Z","level":"warn","msg":"request","request_id":"a53d9e29-b767-4184-beb6-b262dfcd6a32","method":"DELETE","path":"/v1/projects/nonexistent-id","status":404,"duration_ms":5}
{"timestamp":"2026-04-09T16:04:56.715Z","level":"info","msg":"request","request_id":"947f09e4-707b-4bc6-8e22-d7deb26030ee","method":"DELETE","path":"/v1/projects/empty-proj","status":200,"duration_ms":4}
{"timestamp":"2026-04-09T16:04:56.752Z","level":"info","msg":"request","request_id":"1b803083-d846-40e0-b95d-0b3b62bcb752","method":"POST","path":"/v1/accounts","status":201,"duration_ms":2}
 [32mΓ£ô[39m packages/snapshots/src/oauth-store.test.ts [2m([22m[2m22 tests[22m[2m)[22m[33m 519[2mms[22m[39m
{"timestamp":"2026-04-09T16:04:56.829Z","level":"warn","msg":"request","request_id":"889a0d46-c391-4a58-83f0-afb0ee52ef89","method":"POST","path":"/v1/checkout","status":401,"duration_ms":2}
{"timestamp":"2026-04-09T16:04:56.837Z","level":"warn","msg":"request","request_id":"1eb8a9d1-55cd-462d-9530-2832c4ee41e2","method":"POST","path":"/v1/checkout","status":400,"duration_ms":2}
{"timestamp":"2026-04-09T16:04:56.843Z","level":"error","msg":"r
equest","request_id":"7a9b9cca-0076-4d8f-9550-4b2a07dcfbcd","met
hod":"POST","path":"/v1/checkout","status":503,"duration_ms":1}
 [32mΓ£ô[39m apps/api/src/deletion.test.ts [2m([22m[2m5 tests[22m[2m)[22m[33m 484[2mms[22m[39m
{"timestamp":"2026-04-09T16:04:56.851Z","level":"error","msg":"r
equest","request_id":"49db987e-1753-4320-944e-28052602c839","met
hod":"POST","path":"/v1/checkout","status":503,"duration_ms":2}
{"timestamp":"2026-04-09T16:04:56.861Z","level":"info","msg":"request","request_id":"13a2fd9d-1e1f-430f-b58b-6ab35f6c7bf5","method":"GET","path":"/v1/account/subscription","status":200,"duration_ms":3}
{"timestamp":"2026-04-09T16:04:56.868Z","level":"warn","msg":"request","request_id":"a299f467-bfdb-424d-8578-0390097c5672","method":"GET","path":"/v1/account/subscription","status":401,"duration_ms":2}
{"timestamp":"2026-04-09T16:04:56.875Z","level":"warn","msg":"request","request_id":"462fbdd3-208f-4d37-980c-2eca78e2058d","method":"POST","path":"/v1/account/subscription/cancel","status":404,"duration_ms":1}
{"timestamp":"2026-04-09T16:04:56.886Z","level":"info","msg":"request","request_id":"a4528144-cb0f-4279-b9fa-15d970df7aae","method":"POST","path":"/v1/webhooks/lemonsqueezy","status":200,"duration_ms":6}
{"timestamp":"2026-04-09T16:04:56.991Z","level":"info","msg":"server_start","port":44419,"service":"axis-api"}
 [32mΓ£ô[39m apps/api/src/checkout-email.test.ts [2m([22m[2m11 tests[22m[2m)[22m[33m 526[2mms[22m[39m
{"timestamp":"2026-04-09T16:04:57.158Z","level":"warn","msg":"request","request_id":"b02a9dcc-e612-4b7d-8bba-f35c81c328bb","method":"POST","path":"/v1/snapshots","status":401,"duration_ms":10}
{"timestamp":"2026-04-09T16:04:57.176Z","level":"info","msg":"request","request_id":"74681b83-9034-42a9-903e-4b0df0cda286","method":"POST","path":"/v1/accounts","status":201,"duration_ms":5}
{"timestamp":"2026-04-09T16:04:57.181Z","level":"warn","msg":"request","request_id":"141b7aac-9bdd-4439-8f1d-06966910be57","method":"POST","path":"/v1/snapshots","status":401,"duration_ms":2}
{"timestamp":"2026-04-09T16:04:57.188Z","level":"info","msg":"request","request_id":"23c959ab-9e3b-461c-8f02-29de6565d41f","method":"POST","path":"/v1/accounts","status":201,"duration_ms":3}
{"timestamp":"2026-04-09T16:04:57.192Z","level":"info","msg":"server_start","port":44416,"service":"axis-api"}
{"timestamp":"2026-04-09T16:04:57.227Z","level":"info","msg":"request","request_id":"b7c9cfc9-6343-42d6-b26e-1ef4d43dd142","method":"POST","path":"/v1/snapshots","status":201,"duration_ms":32}
{"timestamp":"2026-04-09T16:04:57.235Z","level":"warn","msg":"request","request_id":"b09f5abc-430f-48de-a422-5022ec9096c8","method":"POST","path":"/v1/snapshots","status":429,"duration_ms":2}
{"timestamp":"2026-04-09T16:04:57.240Z","level":"info","msg":"request","request_id":"5f351f21-5824-422d-a957-75e7b0015a97","method":"POST","path":"/v1/accounts","status":201,"duration_ms":2}
{"timestamp":"2026-04-09T16:04:57.247Z","level":"info","msg":"request","request_id":"85f9260e-0d2e-4a50-b5a0-5949d0a362dc","method":"POST","path":"/v1/snapshots","status":201,"duration_ms":5}
{"timestamp":"2026-04-09T16:04:57.263Z","level":"warn","msg":"request","request_id":"55bb4442-c8aa-493a-b0c8-3757f51fe47d","method":"POST","path":"/v1/snapshots","status":429,"duration_ms":3}
{"timestamp":"2026-04-09T16:04:57.271Z","level":"info","msg":"request","request_id":"36ac0c80-4ac0-41cc-9df1-5f00d9e88038","method":"POST","path":"/v1/accounts","status":201,"duration_ms":2}
{"timestamp":"2026-04-09T16:04:57.276Z","level":"warn","msg":"request","request_id":"e8bed458-f0fa-4103-8c8a-37345405f9ac","method":"POST","path":"/v1/snapshots","status":413,"duration_ms":3}
{"timestamp":"2026-04-09T16:04:57.281Z","level":"info","msg":"request","request_id":"b51524c5-d74d-48bd-b44d-535506376f28","method":"POST","path":"/v1/accounts","status":201,"duration_ms":2}
{"timestamp":"2026-04-09T16:04:57.335Z","level":"info","msg":"request","request_id":"4f50597e-4c1d-43db-a73b-741d4f4798c3","method":"GET","path":"/v1/programs","status":200,"duration_ms":7}
{"timestamp":"2026-04-09T16:04:57.371Z","level":"info","msg":"request","request_id":"6afa077a-46f4-45d1-948e-9d2b1e14a354","method":"POST","path":"/v1/snapshots","status":201,"duration_ms":89}
{"timestamp":"2026-04-09T16:04:57.376Z","level":"info","msg":"request","request_id":"5c8705a0-11cc-4b06-ac3f-9dfbc9bc66c8","method":"POST","path":"/v1/accounts","status":201,"duration_ms":2}
{"timestamp":"2026-04-09T16:04:57.379Z","level":"warn","msg":"request","request_id":"87602112-0ee4-4fb3-8366-9476599231d4","method":"POST","path":"/v1/snapshots","status":413,"duration_ms":1}
{"timestamp":"2026-04-09T16:04:57.383Z","level":"info","msg":"request","request_id":"88db2718-4227-40ba-ab9e-b72f1ae8c671","method":"POST","path":"/v1/accounts","status":201,"duration_ms":2}
{"timestamp":"2026-04-09T16:04:57.389Z","level":"info","msg":"request","request_id":"08a0105b-2566-4b6e-9a76-acd41955ac14","method":"GET","path":"/v1/programs","status":200,"duration_ms":1}
{"timestamp":"2026-04-09T16:04:57.389Z","level":"info","msg":"request","request_id":"1624df86-6b9f-410f-bac2-b565784a5a92","method":"POST","path":"/v1/snapshots","status":201,"duration_ms":4}
{"timestamp":"2026-04-09T16:04:57.393Z","level":"info","msg":"request","request_id":"0b284f1b-f9a3-4e1c-9dd2-09d4327ec4dc","method":"POST","path":"/v1/accounts","status":201,"duration_ms":1}
{"timestamp":"2026-04-09T16:04:57.394Z","level":"info","msg":"request","request_id":"ebe7dbb5-13da-449e-912a-535b80b22e7d","method":"GET","path":"/v1/programs","status":200,"duration_ms":1}
{"timestamp":"2026-04-09T16:04:57.396Z","level":"info","msg":"request","request_id":"076a2098-d656-415f-82eb-068d300600bb","method":"POST","path":"/v1/account/tier","status":200,"duration_ms":2}
{"timestamp":"2026-04-09T16:04:57.402Z","level":"info","msg":"request","request_id":"c1810b27-d355-4f34-8e9d-782ba6d73bc0","method":"GET","path":"/v1/programs","status":200,"duration_ms":3}
{"timestamp":"2026-04-09T16:04:57.423Z","level":"info","msg":"request","request_id":"d1b053cc-c3e7-4539-b546-00447b2e832b","method":"GET","path":"/v1/programs","status":200,"duration_ms":17}
{"timestamp":"2026-04-09T16:04:57.428Z","level":"info","msg":"request","request_id":"7332bcf8-649c-45cf-8076-3abb6d36df4f","method":"GET","path":"/v1/programs","status":200,"duration_ms":1}
{"timestamp":"2026-04-09T16:04:57.431Z","level":"info","msg":"request","request_id":"1980ec4f-c889-4f92-bb13-964a319a0e4d","method":"POST","path":"/v1/snapshots","status":201,"duration_ms":33}
{"timestamp":"2026-04-09T16:04:57.437Z","level":"info","msg":"request","request_id":"3f197e3a-0814-41e7-8dde-41f05bb00415","method":"POST","path":"/v1/accounts","status":201,"duration_ms":3}
{"timestamp":"2026-04-09T16:04:57.440Z","level":"info","msg":"request","request_id":"42869ce2-cd61-485c-bd41-e17d5a68c9dc","method":"POST","path":"/v1/account/tier","status":200,"duration_ms":2}
{"timestamp":"2026-04-09T16:04:57.444Z","level":"info","msg":"request","request_id":"d452d2f6-8bd6-4a17-a91b-05ea44f6bcf8","method":"POST","path":"/v1/snapshots","status":201,"duration_ms":3}
{"timestamp":"2026-04-09T16:04:57.449Z","level":"info","msg":"request","request_id":"2ecf7535-219e-481a-8afe-88507d5544b7","method":"POST","path":"/v1/snapshots","status":201,"duration_ms":2}
{"timestamp":"2026-04-09T16:04:57.457Z","level":"info","msg":"request","request_id":"20a42fae-4c4b-4838-9ca0-a2eab4df7f26","method":"POST","path":"/v1/snapshots","status":201,"duration_ms":4}
{"timestamp":"2026-04-09T16:04:57.460Z","level":"info","msg":"request","request_id":"af8e676d-768b-49bf-8f53-d83fe53c846e","method":"GET","path":"/v1/snapshots/c404e164-139c-4e39-a1b0-516fc37c8fc0","status":200,"duration_ms":1}
{"timestamp":"2026-04-09T16:04:57.464Z","level":"warn","msg":"request","request_id":"7df22c65-3f4d-4bae-88e6-ecd03bc7c37e","method":"GET","path":"/v1/snapshots/nonexistent-id","status":404,"duration_ms":0}
{"timestamp":"2026-04-09T16:04:57.469Z","level":"info","msg":"request","request_id":"7b2f7005-f34f-4b2d-86f0-c8a775191378","method":"POST","path":"/v1/snapshots","status":201,"duration_ms":4}
{"timestamp":"2026-04-09T16:04:57.472Z","level":"info","msg":"request","request_id":"e732b2c6-f61b-488d-ae62-286ab3999ecf","method":"GET","path":"/v1/snapshots/e9a34924-1c9d-42b6-b9c1-9e4520caa1d5","status":200,"duration_ms":1}
{"timestamp":"2026-04-09T16:04:57.478Z","level":"info","msg":"request","request_id":"dbbf7f72-a80f-4411-84ff-9f0a490ae9f1","method":"GET","path":"/v1/account","status":200,"duration_ms":3}
 [32mΓ£ô[39m apps/api/src/snapshot-auth.test.ts [2m([22m[2m14 tests[22m[2m)[22m[33m 534[2mms[22m[39m
{"timestamp":"2026-04-09T16:04:57.489Z","level":"info","msg":"request","request_id":"e920b237-32f9-402c-ae04-3a585a03838f","method":"GET","path":"/v1/account","status":200,"duration_ms":1}
{"timestamp":"2026-04-09T16:04:57.504Z","level":"info","msg":"request","request_id":"1ed55a15-e033-43ee-a470-d4b24047d28f","method":"GET","path":"/v1/account","status":200,"duration_ms":9}
{"timestamp":"2026-04-09T16:04:57.508Z","level":"info","msg":"request","request_id":"5964fe8e-04c9-4dbd-ae19-d5d5978af818","method":"GET","path":"/v1/account","status":200,"duration_ms":2}
{"timestamp":"2026-04-09T16:04:57.513Z","level":"info","msg":"request","request_id":"06a157d7-63eb-45a3-8ea8-70fa7e25db1d","method":"GET","path":"/v1/account/usage","status":200,"duration_ms":2}
{"timestamp":"2026-04-09T16:04:57.518Z","level":"info","msg":"request","request_id":"97d3c9a8-e5ea-4019-b18c-6d01c1c4cc53","method":"GET","path":"/v1/account/usage","status":200,"duration_ms":1}
{"timestamp":"2026-04-09T16:04:57.521Z","level":"info","msg":"request","request_id":"350088c8-a345-4092-8373-f1517f319031","method":"GET","path":"/v1/account/usage?since=2026-04-10T16:04:57.520Z","status":200,"duration_ms":1}
{"timestamp":"2026-04-09T16:04:57.524Z","level":"warn","msg":"request","request_id":"0f6986e3-80f2-4f31-80bc-20805ff08bdf","method":"GET","path":"/v1/account/usage","status":401,"duration_ms":1}
{"timestamp":"2026-04-09T16:04:57.528Z","level":"warn","msg":"request","request_id":"bb5de1c0-3af3-4f23-82b4-1f8686aac4e0","method":"POST","path":"/v1/accounts","status":400,"duration_ms":2}
{"timestamp":"2026-04-09T16:04:57.530Z","level":"warn","msg":"request","request_id":"a62e30df-eec9-446a-9c28-8040d2655b52","method":"POST","path":"/v1/accounts","status":400,"duration_ms":0}
{"timestamp":"2026-04-09T16:04:57.533Z","level":"warn","msg":"request","request_id":"adaf0de1-e689-433c-8e96-96776bf04707","method":"POST","path":"/v1/accounts","status":400,"duration_ms":1}
{"timestamp":"2026-04-09T16:04:57.536Z","level":"warn","msg":"request","request_id":"6430fd71-45ad-4fcd-92f1-3a6cb37ca813","method":"POST","path":"/v1/accounts","status":400,"duration_ms":1}
{"timestamp":"2026-04-09T16:04:57.538Z","level":"warn","msg":"request","request_id":"b44cddcd-18d2-4b2e-b13c-637bbe9ce876","method":"POST","path":"/v1/accounts","status":400,"duration_ms":0}
{"timestamp":"2026-04-09T16:04:57.543Z","level":"info","msg":"request","request_id":"015015a9-2103-4f67-8df7-70ed7f1e5b2f","method":"POST","path":"/v1/accounts","status":201,"duration_ms":3}
{"timestamp":"2026-04-09T16:04:57.547Z","level":"info","msg":"request","request_id":"b07e8ab9-dd0b-4cd8-94ff-290318521c47","method":"POST","path":"/v1/account/programs","status":200,"duration_ms":2}
{"timestamp":"2026-04-09T16:04:57.549Z","level":"info","msg":"request","request_id":"512474f2-c50a-4a11-b589-a01bccfe0c64","method":"GET","path":"/v1/account","status":200,"duration_ms":1}
{"timestamp":"2026-04-09T16:04:57.554Z","level":"info","msg":"request","request_id":"103c64cf-8003-48e3-a87e-fea29adae943","method":"POST","path":"/v1/account/programs","status":200,"duration_ms":2}
{"timestamp":"2026-04-09T16:04:57.557Z","level":"info","msg":"request","request_id":"be2daf62-5e11-4211-98eb-d8ec48645917","method":"POST","path":"/v1/account/programs","status":200,"duration_ms":2}
{"timestamp":"2026-04-09T16:04:57.559Z","level":"info","msg":"request","request_id":"d2926cc9-2969-48a7-8167-ffeaf0fa2a39","method":"GET","path":"/v1/account","status":200,"duration_ms":1}
{"timestamp":"2026-04-09T16:04:57.565Z","level":"info","msg":"request","request_id":"6ec2ee52-c55e-4132-9471-915c93b9bab0","method":"POST","path":"/v1/account/programs","status":200,"duration_ms":2}
{"timestamp":"2026-04-09T16:04:57.569Z","level":"warn","msg":"request","request_id":"49a51c61-541f-4d0e-86bb-5d409cbf6f1b","method":"POST","path":"/v1/account/programs","status":400,"duration_ms":1}
{"timestamp":"2026-04-09T16:04:57.573Z","level":"info","msg":"server_start","port":44410,"service":"axis-api"}
 [32mΓ£ô[39m apps/api/src/programs-billing.test.ts [2m([22m[2m23 tests[22m[2m)[22m[33m 430[2mms[22m[39m
 [32mΓ£ô[39m packages/snapshots/src/funnel-edge-cases.test.ts [2m([22m[2m17 tests[22m[2m)[22m[33m 498[2mms[22m[39m
{"timestamp":"2026-04-09T16:04:57.720Z","level":"warn","msg":"request","request_id":"34c71516-00b1-4c65-b2bc-f7855c651a34","method":"GET","path":"/v1/projects/nonexistent/export","status":404,"duration_ms":10}
{"timestamp":"2026-04-09T16:04:57.746Z","level":"info","msg":"request","request_id":"8c2dce93-8aa7-4449-84b3-0f80ea3aba7a","method":"GET","path":"/v1/projects/5a2831c3-040c-4923-842c-92eb3bffcabb/export","status":200,"duration_ms":6}
{"timestamp":"2026-04-09T16:04:57.762Z","level":"info","msg":"request","request_id":"5e724aab-1a05-43ef-b138-22add27b4e39","method":"GET","path":"/v1/projects/5a2831c3-040c-4923-842c-92eb3bffcabb/export","status":200,"duration_ms":3}
{"timestamp":"2026-04-09T16:04:57.770Z","level":"info","msg":"request","request_id":"86268f50-07ad-4535-ba9c-bfa7b09d5fac","method":"GET","path":"/v1/projects/5a2831c3-040c-4923-842c-92eb3bffcabb/export","status":200,"duration_ms":3}
{"timestamp":"2026-04-09T16:04:57.776Z","level":"info","msg":"request","request_id":"7a4ce4ea-0bb2-412d-ad26-801cb273ad51","method":"GET","path":"/v1/projects/5a2831c3-040c-4923-842c-92eb3bffcabb/export","status":200,"duration_ms":2}
{"timestamp":"2026-04-09T16:04:57.786Z","level":"info","msg":"request","request_id":"bf26fdd9-19ad-4580-857c-46c03b5c6c98","method":"GET","path":"/v1/projects/5a2831c3-040c-4923-842c-92eb3bffcabb/export?program=search","status":200,"duration_ms":4}
{"timestamp":"2026-04-09T16:04:57.794Z","level":"info","msg":"request","request_id":"bc6b3346-ca9a-4289-b01b-d8d489dc887d","method":"GET","path":"/v1/projects/5a2831c3-040c-4923-842c-92eb3bffcabb/export?program=debug","status":200,"duration_ms":2}
{"timestamp":"2026-04-09T16:04:57.799Z","level":"warn","msg":"request","request_id":"4017e3ae-9741-41ee-943b-e7c3b9e65aad","method":"GET","path":"/v1/projects/5a2831c3-040c-4923-842c-92eb3bffcabb/export?program=nonexistent","status":404,"duration_ms":0}
{"timestamp":"2026-04-09T16:04:57.805Z","level":"info","msg":"request","request_id":"b2a33dc6-d8d3-4bdb-9117-03815b775697","method":"GET","path":"/v1/projects/5a2831c3-040c-4923-842c-92eb3bffcabb/export","status":200,"duration_ms":3}
{"timestamp":"2026-04-09T16:04:57.829Z","level":"info","msg":"request","request_id":"9d5a23f3-90cb-499c-b827-c2c36d961c1b","method":"GET","path":"/v1/projects/5a2831c3-040c-4923-842c-92eb3bffcabb/export","status":200,"duration_ms":2}
{"timestamp":"2026-04-09T16:04:57.834Z","level":"info","msg":"request","request_id":"54c09b32-5822-42a2-9c23-0deb9662f3bf","method":"GET","path":"/v1/projects/5a2831c3-040c-4923-842c-92eb3bffcabb/export","status":200,"duration_ms":2}
{"timestamp":"2026-04-09T16:04:57.844Z","level":"info","msg":"request","request_id":"7fa5a6eb-9da7-41ac-91b5-d99baa84f509","method":"GET","path":"/v1/projects/5a2831c3-040c-4923-842c-92eb3bffcabb/export","status":200,"duration_ms":1}
{"timestamp":"2026-04-09T16:04:57.848Z","level":"info","msg":"request","request_id":"7845b31a-6fa7-4795-b431-c0b5fae51057","method":"GET","path":"/v1/projects/5a2831c3-040c-4923-842c-92eb3bffcabb/export","status":200,"duration_ms":1}
{"timestamp":"2026-04-09T16:04:57.853Z","level":"info","msg":"request","request_id":"eb34293c-0df8-4f4a-b4b4-04664d8f42ba","method":"GET","path":"/v1/projects/5a2831c3-040c-4923-842c-92eb3bffcabb/export","status":200,"duration_ms":1}
{"timestamp":"2026-04-09T16:04:57.858Z","level":"info","msg":"request","request_id":"2ec595dc-5e57-4ef1-a846-8ca1075e57f0","method":"GET","path":"/v1/projects/5a2831c3-040c-4923-842c-92eb3bffcabb/export","status":200,"duration_ms":2}
{"timestamp":"2026-04-09T16:04:57.868Z","level":"warn","msg":"request","request_id":"66b012a3-06cf-4678-8883-cf7255526eae","method":"GET","path":"/v1/projects/0b83e021-0d61-4085-8364-12ce62f4fd11/export","status":404,"duration_ms":7}
{"timestamp":"2026-04-09T16:04:57.872Z","level":"warn","msg":"request","request_id":"5854b6a5-06de-462b-9716-bca042f66090","method":"GET","path":"/v1/projects/5a2831c3-040c-4923-842c-92eb3bffcabb/export?program=nonexistent","status":404,"duration_ms":1}
 [32mΓ£ô[39m apps/api/src/export.test.ts [2m([22m[2m17 tests[22m[2m)[22m[33m 357[2mms[22m[39m
{"timestamp":"2026-04-09T16:04:58.324Z","level":"info","msg":"server_start","port":44418,"service":"axis-api"}
{"timestamp":"2026-04-09T16:04:58.330Z","level":"info","msg":"server_start","port":44431,"service":"axis-api"}
{"timestamp":"2026-04-09T16:04:58.429Z","level":"info","msg":"server_start","port":44460,"service":"axis-api"}
{"timestamp":"2026-04-09T16:04:58.470Z","level":"warn","msg":"request","request_id":"76ce6028-ca5a-42e4-a78b-03198f2baa1a","method":"POST","path":"/v1/snapshots","status":400,"duration_ms":9}
{"timestamp":"2026-04-09T16:04:58.481Z","level":"warn","msg":"request","request_id":"7ceeba62-664a-4d5a-a3ab-0fc6dc401c18","method":"POST","path":"/v1/debug/analyze","status":400,"duration_ms":2}
{"timestamp":"2026-04-09T16:04:58.486Z","level":"warn","msg":"request","request_id":"73a931be-92fd-4ba7-951a-ddcbea39fa9f","method":"POST","path":"/v1/snapshots","status":400,"duration_ms":2}
{"timestamp":"2026-04-09T16:04:58.491Z","level":"warn","msg":"request","request_id":"29f7cfef-58a6-4a03-bfc9-46634cfa49a0","method":"POST","path":"/v1/snapshots","status":400,"duration_ms":1}
{"timestamp":"2026-04-09T16:04:58.497Z","level":"warn","msg":"request","request_id":"42ffdfed-384a-48d6-be5b-afde944e045f","method":"POST","path":"/v1/snapshots","status":400,"duration_ms":2}
{"timestamp":"2026-04-09T16:04:58.501Z","level":"warn","msg":"request","request_id":"bbb14fef-d30d-4721-a49d-e7aea72cc224","method":"POST","path":"/v1/snapshots","status":400,"duration_ms":1}
{"timestamp":"2026-04-09T16:04:58.507Z","level":"warn","msg":"request","request_id":"9a3bc604-761f-4d05-95bc-4da2158c7235","method":"POST","path":"/v1/snapshots","status":400,"duration_ms":1}
{"timestamp":"2026-04-09T16:04:58.510Z","level":"warn","msg":"request","request_id":"5be78942-7bcc-4ced-b533-d6d269a8aaaf","method":"POST","path":"/v1/snapshots","status":400,"duration_ms":1}
{"timestamp":"2026-04-09T16:04:58.516Z","level":"warn","msg":"request","request_id":"580fbb2b-388a-48d4-b101-84c312bed715","method":"POST","path":"/v1/snapshots","status":400,"duration_ms":2}
{"timestamp":"2026-04-09T16:04:58.521Z","level":"warn","msg":"request","request_id":"e2112686-546d-42be-89b4-6f169ecd3ece","method":"POST","path":"/v1/snapshots","status":400,"duration_ms":1}
{"timestamp":"2026-04-09T16:04:58.526Z","level":"info","msg":"request","request_id":"63460a05-a7c4-49e3-b9c0-852c0c2b881c","method":"GET","path":"/v1/snapshots/19499b02-e024-4dd0-9dd7-dcd55d2deb6b/versions","status":200,"duration_ms":8}
{"timestamp":"2026-04-09T16:04:58.527Z","level":"warn","msg":"request","request_id":"6b6af5b8-bfa4-47b3-8a1c-da42c2379598","method":"POST","path":"/v1/snapshots","status":400,"duration_ms":1}
{"timestamp":"2026-04-09T16:04:58.537Z","level":"warn","msg":"request","request_id":"00089391-b170-40d1-9acc-4a27c9fe49d6","method":"POST","path":"/v1/snapshots","status":400,"duration_ms":2}
{"timestamp":"2026-04-09T16:04:58.546Z","level":"info","msg":"request","request_id":"26c53d8f-654b-4eb9-833d-bd09ffe13148","method":"GET","path":"/v1/snapshots/nonexistent/versions","status":200,"duration_ms":1}
{"timestamp":"2026-04-09T16:04:58.554Z","level":"info","msg":"request","request_id":"2108d568-72a1-4185-a7f5-95a74f587850","method":"GET","path":"/v1/snapshots/19499b02-e024-4dd0-9dd7-dcd55d2deb6b/versions/1","status":200,"duration_ms":5}
{"timestamp":"2026-04-09T16:04:58.556Z","level":"warn","msg":"request","request_id":"2c39c1e2-9086-47f0-aab4-559d00ed3979","method":"POST","path":"/v1/snapshots","status":400,"duration_ms":4}
{"timestamp":"2026-04-09T16:04:58.560Z","level":"warn","msg":"request","request_id":"65aae4ee-0e00-4c23-b78c-438a11df741b","method":"GET","path":"/v1/snapshots/19499b02-e024-4dd0-9dd7-dcd55d2deb6b/versions/99","status":404,"duration_ms":1}
{"timestamp":"2026-04-09T16:04:58.566Z","level":"warn","msg":"request","request_id":"191679dd-3aa0-4151-9631-2f3cbfd5ef72","method":"GET","path":"/v1/snapshots/19499b02-e024-4dd0-9dd7-dcd55d2deb6b/versions/abc","status":400,"duration_ms":1}
{"timestamp":"2026-04-09T16:04:58.573Z","level":"info","msg":"request","request_id":"8a0a4852-4eb7-4708-a209-804488de039f","method":"GET","path":"/v1/snapshots/19499b02-e024-4dd0-9dd7-dcd55d2deb6b/diff?old=1&new=2","status":200,"duration_ms":3}
{"timestamp":"2026-04-09T16:04:58.576Z","level":"warn","msg":"request","request_id":"7b3377b4-e293-434f-8c59-e6d750659148","method":"GET","path":"/v1/snapshots/19499b02-e024-4dd0-9dd7-dcd55d2deb6b/diff?old=1","status":400,"duration_ms":1}
{"timestamp":"2026-04-09T16:04:58.579Z","level":"warn","msg":"request","request_id":"9f6dca9c-7b32-4baf-92d7-9dd4e8cc918e","method":"GET","path":"/v1/snapshots/19499b02-e024-4dd0-9dd7-dcd55d2deb6b/diff?old=1&new=1","status":400,"duration_ms":1}
{"timestamp":"2026-04-09T16:04:58.585Z","level":"warn","msg":"request","request_id":"d667bde0-cfcd-4b71-acd0-d2011aaccc56","method":"GET","path":"/v1/snapshots/19499b02-e024-4dd0-9dd7-dcd55d2deb6b/diff?old=1&new=99","status":404,"duration_ms":2}
{"timestamp":"2026-04-09T16:04:58.590Z","level":"info","msg":"request","request_id":"7dd31e4a-5c19-4aff-8a91-2b0ebe88a3c0","method":"POST","path":"/v1/snapshots","status":201,"duration_ms":31}
 [32mΓ£ô[39m apps/api/src/versions.test.ts [2m([22m[2m18 tests[22m[2m)[22m[33m 316[2mms[22m[39m
{"timestamp":"2026-04-09T16:04:58.598Z","level":"info","msg":"request","request_id":"7934ada1-68a6-4b50-a2f8-066aa103393f","method":"POST","path":"/v1/snapshots","status":201,"duration_ms":4}
{"timestamp":"2026-04-09T16:04:58.604Z","level":"info","msg":"request","request_id":"ec957a40-f50d-41a4-bdbb-5b10bb8f7361","method":"POST","path":"/v1/snapshots","status":201,"duration_ms":4}
{"timestamp":"2026-04-09T16:04:58.607Z","level":"warn","msg":"request","request_id":"61f5a190-a835-491c-803f-c4a6418717ce","method":"POST","path":"/v1/debug/analyze","status":400,"duration_ms":1}
{"timestamp":"2026-04-09T16:04:58.612Z","level":"warn","msg":"request","request_id":"e97c8e85-c6b0-4b36-b1b1-f0b9086ecb90","method":"POST","path":"/v1/debug/analyze","status":400,"duration_ms":2}
{"timestamp":"2026-04-09T16:04:58.615Z","level":"warn","msg":"request","request_id":"3da4c7ad-1e73-4b35-b90e-39482365b205","method":"POST","path":"/v1/debug/analyze","status":400,"duration_ms":1}
{"timestamp":"2026-04-09T16:04:58.619Z","level":"warn","msg":"request","request_id":"1fd01fbb-4078-4275-851e-be9b70967c33","method":"POST","path":"/v1/debug/analyze","status":404,"duration_ms":2}
{"timestamp":"2026-04-09T16:04:58.625Z","level":"info","msg":"request","request_id":"341dcadc-c95f-426e-8bb2-822422d07d0e","method":"POST","path":"/v1/snapshots","status":201,"duration_ms":3}
{"timestamp":"2026-04-09T16:04:58.629Z","level":"info","msg":"request","request_id":"05bfc28e-d7d7-4d6e-a2f1-152aeb05efd5","method":"POST","path":"/v1/accounts","status":201,"duration_ms":16}
{"timestamp":"2026-04-09T16:04:58.634Z","level":"info","msg":"request","request_id":"5f8a64bc-20ce-42b6-b6f7-f5ceadce8041","method":"POST","path":"/v1/snapshots","status":201,"duration_ms":6}
{"timestamp":"2026-04-09T16:04:58.641Z","level":"info","msg":"request","request_id":"0028b6a0-988c-48af-bd26-bd994a6974b9","method":"POST","path":"/v1/account/github-token","status":201,"duration_ms":5}
{"timestamp":"2026-04-09T16:04:58.643Z","level":"info","msg":"request","request_id":"a0b1a423-f0e8-4aec-ac21-7df2fd1f7168","method":"POST","path":"/v1/snapshots","status":201,"duration_ms":7}
{"timestamp":"2026-04-09T16:04:58.650Z","level":"warn","msg":"request","request_id":"ca5d0e68-101c-4d15-a816-f1354726dbd1","method":"POST","path":"/v1/account/github-token","status":401,"duration_ms":2}
{"timestamp":"2026-04-09T16:04:58.657Z","level":"info","msg":"request","request_id":"cf76851a-fbad-4dfb-90df-7ced57b3c4fc","method":"POST","path":"/v1/accounts","status":201,"duration_ms":2}
 [32mΓ£ô[39m apps/api/src/handler-validation.test.ts [2m([22m[2m26 tests[22m[2m)[22m[33m 376[2mms[22m[39m
{"timestamp":"2026-04-09T16:04:58.662Z","level":"warn","msg":"request","request_id":"bb6fdc5e-8572-4f63-8083-355c7980a13e","method":"POST","path":"/v1/account/github-token","status":400,"duration_ms":2}
{"timestamp":"2026-04-09T16:04:58.669Z","level":"info","msg":"request","request_id":"b012fa6f-2de6-45b4-accf-db8550336a96","method":"POST","path":"/v1/accounts","status":201,"duration_ms":3}
{"timestamp":"2026-04-09T16:04:58.672Z","level":"warn","msg":"request","request_id":"5f5c79e8-a0bc-4947-a4f0-b8051b69608c","method":"POST","path":"/v1/account/github-token","status":400,"duration_ms":1}
{"timestamp":"2026-04-09T16:04:58.679Z","level":"info","msg":"request","request_id":"52801bfc-25c6-4e7e-a424-ff0fa4a9dec0","method":"POST","path":"/v1/accounts","status":201,"duration_ms":2}
{"timestamp":"2026-04-09T16:04:58.685Z","level":"info","msg":"request","request_id":"097bc671-52d4-4569-a2de-73b47cfdc611","method":"POST","path":"/v1/account/github-token","status":201,"duration_ms":2}
{"timestamp":"2026-04-09T16:04:58.690Z","level":"info","msg":"request","request_id":"adec28b4-9f5c-41bf-a893-7f79aff59462","method":"POST","path":"/v1/account/github-token","status":201,"duration_ms":2}
{"timestamp":"2026-04-09T16:04:58.694Z","level":"info","msg":"request","request_id":"6ae4a3d0-5b2f-4c23-94a0-4a5f4a6aa701","method":"GET","path":"/v1/account/github-token","status":200,"duration_ms":2}
{"timestamp":"2026-04-09T16:04:58.701Z","level":"info","msg":"request","request_id":"ce88b0a3-6f53-4cef-a988-d4fe313e80a4","method":"POST","path":"/v1/accounts","status":201,"duration_ms":2}
{"timestamp":"2026-04-09T16:04:58.704Z","level":"info","msg":"request","request_id":"6f8b3b0e-fde3-4d41-b2cc-014b8013f371","method":"POST","path":"/v1/account/github-token","status":201,"duration_ms":1}
{"timestamp":"2026-04-09T16:04:58.707Z","level":"info","msg":"request","request_id":"0fd1863d-52dc-4cba-93cd-922996e02c70","method":"DELETE","path":"/v1/account/github-token/addd492c-821f-46d7-b423-00868552af93","status":200,"duration_ms":2}
{"timestamp":"2026-04-09T16:04:58.711Z","level":"info","msg":"request","request_id":"ebb18a12-3c9b-4ff6-a2a5-543ef8b0c10f","method":"POST","path":"/v1/accounts","status":201,"duration_ms":2}
{"timestamp":"2026-04-09T16:04:58.713Z","level":"warn","msg":"request","request_id":"fca92524-2733-4bc1-9a55-6ea3cb3865ea","method":"DELETE","path":"/v1/account/github-token/no-such-id","status":404,"duration_ms":1}
{"timestamp":"2026-04-09T16:04:58.717Z","level":"info","msg":"request","request_id":"403a3031-9b7c-4d59-a0a2-cc1a83eacac5","method":"POST","path":"/v1/accounts","status":201,"duration_ms":1}
{"timestamp":"2026-04-09T16:04:58.721Z","level":"info","msg":"request","request_id":"b45410ae-abc3-40ce-b485-6905a71dcc37","method":"POST","path":"/v1/account/tier","status":200,"duration_ms":2}
{"timestamp":"2026-04-09T16:04:58.728Z","level":"info","msg":"request","request_id":"92e7f9c9-da79-4455-98e8-ba917c38fb71","method":"GET","path":"/v1/billing/history","status":200,"duration_ms":5}
{"timestamp":"2026-04-09T16:04:58.733Z","level":"info","msg":"request","request_id":"a3757768-510d-4a33-93e0-29899d12d7c1","method":"POST","path":"/v1/accounts","status":201,"duration_ms":1}
{"timestamp":"2026-04-09T16:04:58.737Z","level":"info","msg":"request","request_id":"1d6bd52d-082f-440e-ad09-8562b5ed3844","method":"POST","path":"/v1/account/tier","status":200,"duration_ms":2}
{"timestamp":"2026-04-09T16:04:58.741Z","level":"info","msg":"request","request_id":"57378773-7f3f-4f8e-9cf8-986920a55e2c","method":"POST","path":"/v1/account/tier","status":200,"duration_ms":2}
{"timestamp":"2026-04-09T16:04:58.744Z","level":"info","msg":"request","request_id":"b1eee0e0-3b21-40c2-9833-e83fe57a9204","method":"GET","path":"/v1/billing/history","status":200,"duration_ms":1}
{"timestamp":"2026-04-09T16:04:58.748Z","level":"warn","msg":"request","request_id":"a9bc07e7-f87d-4b53-8281-a94802634dd3","method":"GET","path":"/v1/billing/history","status":401,"duration_ms":1}
{"timestamp":"2026-04-09T16:04:58.752Z","level":"info","msg":"request","request_id":"5839c058-ed08-4970-b7db-86bcb8ad8bc8","method":"POST","path":"/v1/accounts","status":201,"duration_ms":2}
{"timestamp":"2026-04-09T16:04:58.755Z","level":"info","msg":"request","request_id":"d5515d18-e2f6-4cf2-b71f-a3997f2a4ce3","method":"GET","path":"/v1/billing/proration?tier=paid","status":200,"duration_ms":2}
{"timestamp":"2026-04-09T16:04:58.760Z","level":"info","msg":"request","request_id":"a40f77d1-e175-481c-8a4b-073b6aeeeb71","method":"POST","path":"/v1/accounts","status":201,"duration_ms":2}
{"timestamp":"2026-04-09T16:04:58.762Z","level":"info","msg":"request","request_id":"b70ec408-5bc1-4bb0-8473-25ec86843452","method":"GET","path":"/v1/billing/proration?tier=free","status":200,"duration_ms":1}
{"timestamp":"2026-04-09T16:04:58.767Z","level":"info","msg":"request","request_id":"491a5c4e-c0da-462b-abd4-d0db017d4a6c","method":"POST","path":"/v1/accounts","status":201,"duration_ms":2}
{"timestamp":"2026-04-09T16:04:58.770Z","level":"warn","msg":"request","request_id":"a3012865-b229-4d1a-925c-06356fdc0583","method":"GET","path":"/v1/billing/proration?tier=platinum","status":400,"duration_ms":2}
{"timestamp":"2026-04-09T16:04:58.773Z","level":"info","msg":"request","request_id":"9d247755-700d-4e16-bd74-c57050a741d5","method":"POST","path":"/v1/accounts","status":201,"duration_ms":1}
{"timestamp":"2026-04-09T16:04:58.775Z","level":"warn","msg":"request","request_id":"3761630a-13ca-4a64-8271-5def0ac363f6","method":"GET","path":"/v1/billing/proration","status":400,"duration_ms":1}
 [32mΓ£ô[39m apps/api/src/b-grade-upgrade.test.ts [2m([22m[2m14 tests[22m[2m)[22m[33m 405[2mms[22m[39m
{"timestamp":"2026-04-09T16:04:59.077Z","level":"info","msg":"server_start","port":44429,"service":"axis-api"}
{"timestamp":"2026-04-09T16:04:59.126Z","level":"info","msg":"server_start","port":44420,"service":"axis-api"}
{"timestamp":"2026-04-09T16:04:59.223Z","level":"info","msg":"request","request_id":"a58ca55c-4556-4351-af82-398f0c7d2c95","method":"POST","path":"/v1/accounts","status":201,"duration_ms":13}
{"timestamp":"2026-04-09T16:04:59.236Z","level":"warn","msg":"request","request_id":"44e218f5-fe23-4c2b-99ee-af3702073706","method":"GET","path":"/v1/admin/stats","status":401,"duration_ms":1}
{"timestamp":"2026-04-09T16:04:59.245Z","level":"info","msg":"request","request_id":"4335f81e-917e-42f3-9eb3-b43ace45e3d7","method":"GET","path":"/v1/admin/stats","status":200,"duration_ms":2}
{"timestamp":"2026-04-09T16:04:59.254Z","level":"warn","msg":"request","request_id":"a1e23462-dba6-49ac-a9ff-ed37b76c73b7","method":"GET","path":"/v1/admin/accounts","status":401,"duration_ms":2}
{"timestamp":"2026-04-09T16:04:59.261Z","level":"info","msg":"request","request_id":"ffcb18e1-83e3-4f66-b9cb-6924519ad4df","method":"GET","path":"/v1/admin/accounts","status":200,"duration_ms":3}
{"timestamp":"2026-04-09T16:04:59.269Z","level":"info","msg":"request","request_id":"6ed105a6-3c31-4389-8d0a-d9f69a918029","method":"POST","path":"/v1/accounts","status":201,"duration_ms":2}
{"timestamp":"2026-04-09T16:04:59.273Z","level":"info","msg":"request","request_id":"4dae20da-1085-4d82-b556-e04479445b48","method":"GET","path":"/v1/admin/accounts?limit=1&offset=0","status":200,"duration_ms":2}
 [32mΓ£ô[39m packages/snapshots/src/db-maintenance.test.ts [2m([22m[2m17 tests[22m[2m)[22m[33m 397[2mms[22m[39m
{"timestamp":"2026-04-09T16:04:59.279Z","level":"info","msg":"request","request_id":"1803d381-1a38-4002-9ade-2aa63e2f9921","method":"GET","path":"/v1/admin/accounts?limit=1&offset=1","status":200,"duration_ms":3}
{"timestamp":"2026-04-09T16:04:59.287Z","level":"warn","msg":"request","request_id":"a1e4452c-eab2-4e81-8bb1-7f8cbb822888","method":"GET","path":"/v1/admin/activity","status":401,"duration_ms":2}
{"timestamp":"2026-04-09T16:04:59.291Z","level":"warn","msg":"request","request_id":"9fbf96dd-bfe3-42ef-809b-fd356f44c4cc","method":"POST","path":"/v1/snapshots","status":400,"duration_ms":27}
{"timestamp":"2026-04-09T16:04:59.293Z","level":"info","msg":"request","request_id":"9e265514-24f9-4eee-91f3-96238373642a","method":"GET","path":"/v1/admin/activity","status":200,"duration_ms":1}
{"timestamp":"2026-04-09T16:04:59.304Z","level":"warn","msg":"request","request_id":"40c82f21-638f-4eac-8eb9-5ea8d351fd62","method":"POST","path":"/v1/snapshots","status":400,"duration_ms":2}
{"timestamp":"2026-04-09T16:04:59.310Z","level":"warn","msg":"request","request_id":"d6a9cb5a-17e2-4509-accb-6afb6b44214d","method":"POST","path":"/v1/snapshots","status":400,"duration_ms":2}
{"timestamp":"2026-04-09T16:04:59.315Z","level":"warn","msg":"request","request_id":"15a6de1e-3a54-4139-a627-b2f7318024c0","method":"POST","path":"/v1/snapshots","status":400,"duration_ms":2}
{"timestamp":"2026-04-09T16:04:59.321Z","level":"warn","msg":"request","request_id":"5bb86808-fc91-4ed6-897a-b891d4f66d1a","method":"POST","path":"/v1/snapshots","status":400,"duration_ms":2}
{"timestamp":"2026-04-09T16:04:59.346Z","level":"info","msg":"request","request_id":"920fe7ae-3843-4356-828e-e55820d53b71","method":"GET","path":"/v1/admin/activity?limit=1","status":200,"duration_ms":2}
{"timestamp":"2026-04-09T16:04:59.351Z","level":"info","msg":"request","request_id":"2ab8b357-ca51-4ae4-8409-133aeb77b67b","method":"POST","path":"/v1/snapshots","status":201,"duration_ms":24}
{"timestamp":"2026-04-09T16:04:59.357Z","level":"warn","msg":"request","request_id":"c9f7b8ca-5707-43f9-82de-ad5eabcf0996","method":"GET","path":"/v1/admin/stats","status":401,"duration_ms":1}
{"timestamp":"2026-04-09T16:04:59.360Z","level":"warn","msg":"request","request_id":"d52b68a6-2c8a-4893-aea8-a8d2cb665dd1","method":"GET","path":"/v1/admin/accounts","status":401,"duration_ms":1}
{"timestamp":"2026-04-09T16:04:59.362Z","level":"warn","msg":"request","request_id":"9ac1cf16-da4f-4ebe-8999-92f961a79548","method":"GET","path":"/v1/admin/activity","status":401,"duration_ms":0}
{"timestamp":"2026-04-09T16:04:59.367Z","level":"info","msg":"request","request_id":"21b6cb8c-9eb5-44a0-ac67-741a6369f79e","method":"GET","path":"/v1/admin/accounts?limit=0","status":200,"duration_ms":2}
{"timestamp":"2026-04-09T16:04:59.369Z","level":"warn","msg":"request","request_id":"55e94606-bce0-4abd-b4ef-341db6ae4604","method":"GET","path":"/v1/projects/9e212fbc-2360-4025-b2cf-5b65a0ba197e/generated-files/%2e%2e%2f%2e%2e%2fetc%2fpasswd","status":400,"duration_ms":12}
{"timestamp":"2026-04-09T16:04:59.371Z","level":"info","msg":"request","request_id":"5ce40e54-5eb1-4e69-b82f-178e531fee26","method":"GET","path":"/v1/admin/accounts?limit=-10","status":200,"duration_ms":1}
{"timestamp":"2026-04-09T16:04:59.373Z","level":"info","msg":"request","request_id":"74ce2b77-f471-4a74-bed1-bd390a0242f7","method":"GET","path":"/v1/admin/accounts?limit=999","status":200,"duration_ms":1}
{"timestamp":"2026-04-09T16:04:59.373Z","level":"warn","msg":"request","request_id":"25cd0da9-07e6-475d-9fd0-a32dbb7c09cf","method":"GET","path":"/v1/projects/9e212fbc-2360-4025-b2cf-5b65a0ba197e/generated-files/%2fetc%2fpasswd","status":400,"duration_ms":1}
{"timestamp":"2026-04-09T16:04:59.377Z","level":"info","msg":"request","request_id":"1f7f6826-3e98-40d4-943e-fdba9aaccf64","method":"GET","path":"/v1/admin/accounts?offset=-5","status":200,"duration_ms":2}
{"timestamp":"2026-04-09T16:04:59.378Z","level":"info","msg":"request","request_id":"a5bcf1f4-2c41-404e-8763-f57fc3c86f75","method":"GET","path":"/v1/projects/9e212fbc-2360-4025-b2cf-5b65a0ba197e/generated-files/context-map.json","status":200,"duration_ms":2}
{"timestamp":"2026-04-09T16:04:59.380Z","level":"info","msg":"request","request_id":"397928ff-b248-424c-b9b6-3f8532c0b4c6","method":"GET","path":"/v1/admin/activity?limit=0","status":200,"duration_ms":1}
{"timestamp":"2026-04-09T16:04:59.384Z","level":"info","msg":"request","request_id":"aa184c03-43a9-4c1a-8895-472a34c3cc27","method":"GET","path":"/v1/admin/accounts?limit=abc","status":200,"duration_ms":2}
{"timestamp":"2026-04-09T16:04:59.384Z","level":"info","msg":"request","request_id":"a7e26d99-6e69-457b-8606-f333d8d1783a","method":"GET","path":"/v1/projects/9e212fbc-2360-4025-b2cf-5b65a0ba197e/generated-files/AGENTS.md","status":200,"duration_ms":1}
{"timestamp":"2026-04-09T16:04:59.389Z","level":"warn","msg":"request","request_id":"2192173c-ecc3-42c4-84c2-730c55969c0a","method":"GET","path":"/v1/projects/9e212fbc-2360-4025-b2cf-5b65a0ba197e/generated-files/nope.txt","status":404,"duration_ms":1}
{"timestamp":"2026-04-09T16:04:59.392Z","level":"warn","msg":"request","request_id":"e0f942e8-2333-4d02-a560-40aafbf5d280","method":"GET","path":"/v1/projects/no-such-project/generated-files/a.txt","status":404,"duration_ms":1}
{"timestamp":"2026-04-09T16:04:59.406Z","level":"info","msg":"request","request_id":"97ff4447-83f1-4527-9858-fd78bc703775","method":"POST","path":"/v1/debug/analyze","status":200,"duration_ms":12}
{"timestamp":"2026-04-09T16:04:59.409Z","level":"info","msg":"request","request_id":"91fd8a11-1100-46d8-a990-69b47df3b806","method":"GET","path":"/v1/admin/accounts?offset=abc","status":200,"duration_ms":1}
{"timestamp":"2026-04-09T16:04:59.410Z","level":"info","msg":"request","request_id":"8a466fb4-c2fd-4110-a880-2c496cdd876a","method":"POST","path":"/v1/debug/analyze","status":200,"duration_ms":2}
{"timestamp":"2026-04-09T16:04:59.412Z","level":"info","msg":"request","request_id":"9f37670e-0740-4052-8a5e-b71a751e6786","method":"GET","path":"/v1/admin/activity?limit=abc","status":200,"duration_ms":1}
{"timestamp":"2026-04-09T16:04:59.414Z","level":"info","msg":"request","request_id":"bb4c574a-815f-4e63-9edb-a55c6d35824a","method":"POST","path":"/v1/debug/analyze","status":200,"duration_ms":2}
{"timestamp":"2026-04-09T16:04:59.417Z","level":"info","msg":"request","request_id":"92b5ba6d-1e53-4483-9062-b06266a843b6","method":"GET","path":"/health","status":200,"duration_ms":1}
{"timestamp":"2026-04-09T16:04:59.420Z","level":"warn","msg":"request","request_id":"35650715-f75c-4888-b8eb-9758f82dc163","method":"GET","path":"/v1/projects/no-such-project/context","status":404,"duration_ms":1}
{"timestamp":"2026-04-09T16:04:59.423Z","level":"warn","msg":"request","request_id":"cbe68e8d-35af-4492-883a-220f019ae03e","method":"GET","path":"/v1/projects/no-such-project/generated-files","status":404,"duration_ms":1}
{"timestamp":"2026-04-09T16:04:59.427Z","level":"info","msg":"request","request_id":"4ec85101-ea0b-4acf-936e-cb77eda712ec","method":"GET","path":"/v1/projects/9e212fbc-2360-4025-b2cf-5b65a0ba197e/context","status":200,"duration_ms":1}
{"timestamp":"2026-04-09T16:04:59.430Z","level":"info","msg":"request","request_id":"4223e5a2-7a60-40af-915a-50235c2ebf2b","method":"GET","path":"/v1/projects/9e212fbc-2360-4025-b2cf-5b65a0ba197e/generated-files","status":200,"duration_ms":1}
{"timestamp":"2026-04-09T16:04:59.435Z","level":"warn","msg":"request","request_id":"c5238d64-059a-4c48-a994-c82b22209c40","method":"GET","path":"/v1/projects/f6c08703-293e-4730-b738-8aa1f1c0da8a/context","status":404,"duration_ms":1}
 [32mΓ£ô[39m apps/api/src/admin.test.ts [2m([22m[2m19 tests[22m[2m)[22m[33m 409[2mms[22m[39m
 [32mΓ£ô[39m apps/api/src/handler-edge-cases.test.ts [2m([22m[2m21 tests[22m[2m)[22m[33m 365[2mms[22m[39m
{"timestamp":"2026-04-09T16:04:59.579Z","level":"info","msg":"server_start","port":44417,"service":"axis-api"}
{"timestamp":"2026-04-09T16:04:59.725Z","level":"info","msg":"request","request_id":"133bc15a-96e7-4015-adb2-b56d6034f18b","method":"GET","path":"/echo","status":200,"duration_ms":5}
{"timestamp":"2026-04-09T16:04:59.744Z","level":"warn","msg":"request","request_id":"ec5d60df-e8dd-4748-9e93-9db972be5975","method":"GET","path":"/nonexistent","status":404,"duration_ms":2}
{"timestamp":"2026-04-09T16:04:59.752Z","level":"warn","msg":"request","request_id":"30ebb233-b74c-4b7e-b1c3-23c6927b37e6","method":"POST","path":"/items/123","status":404,"duration_ms":2}
{"timestamp":"2026-04-09T16:04:59.756Z","level":"info","msg":"request","request_id":"84bd1e26-e4fd-46c9-89b7-940b71699f8b","method":"GET","path":"/echo","status":200,"duration_ms":1}
{"timestamp":"2026-04-09T16:04:59.762Z","level":"info","msg":"request","request_id":"4230009a-fde7-4a1c-8bc5-da2d34e954e5","method":"POST","path":"/echo","status":200,"duration_ms":2}
{"timestamp":"2026-04-09T16:04:59.769Z","level":"info","msg":"request","request_id":"748d69ed-08ad-4e04-a51b-d466613d1ee4","method":"GET","path":"/items/abc-123","status":200,"duration_ms":1}
{"timestamp":"2026-04-09T16:04:59.772Z","level":"info","msg":"request","request_id":"b2412bb5-2c63-4897-b066-7c6222318af2","method":"GET","path":"/users/u42/posts/p7","status":200,"duration_ms":0}
{"timestamp":"2026-04-09T16:04:59.776Z","level":"info","msg":"request","request_id":"53a1fd0d-13b6-44b7-8e07-7dae14ff47a5","method":"GET","path":"/items/hello%20world","status":200,"duration_ms":1}
{"timestamp":"2026-04-09T16:04:59.783Z","level":"warn","msg":"request","request_id":"af174cb8-aecc-4f2f-a130-2e94fce67bd3","method":"GET","path":"/items/123/extra","status":404,"duration_ms":2}
{"timestamp":"2026-04-09T16:04:59.788Z","level":"info","msg":"request","request_id":"23096bed-ccfb-45f3-98e3-278d4d042048","method":"GET","path":"/files/readme.md","status":200,"duration_ms":1}
{"timestamp":"2026-04-09T16:04:59.792Z","level":"info","msg":"request","request_id":"6c57a459-10e4-4440-b271-69a569625e5a","method":"GET","path":"/files/src/components/Button.tsx","status":200,"duration_ms":1}
{"timestamp":"2026-04-09T16:04:59.795Z","level":"info","msg":"request","request_id":"8689e469-517a-43a6-8dee-6b0d3c3ad67c","method":"GET","path":"/files/dist/my-app.min.js","status":200,"duration_ms":0}
{"timestamp":"2026-04-09T16:04:59.798Z","level":"error","msg":"r
oute_handler_error","request_id":"0cc73d60-c9d5-4d4e-9ab1-ec1be4
62880f","path":"/throws","error":"Intentional test error"}
{"timestamp":"2026-04-09T16:04:59.799Z","level":"error","msg":"r
equest","request_id":"0cc73d60-c9d5-4d4e-9ab1-ec1be462880f","met
hod":"GET","path":"/throws","status":500,"duration_ms":2}
{"timestamp":"2026-04-09T16:04:59.802Z","level":"error","msg":"r
oute_handler_error","request_id":"237fc217-1802-4a82-8426-707505
8ba3ee","path":"/throws","error":"Intentional test error"}
{"timestamp":"2026-04-09T16:04:59.802Z","level":"error","msg":"r
equest","request_id":"237fc217-1802-4a82-8426-7075058ba3ee","met
hod":"GET","path":"/throws","status":500,"duration_ms":1}
{"timestamp":"2026-04-09T16:04:59.805Z","level":"error","msg":"r
oute_handler_error","request_id":"76fffaeb-1cdc-4687-9a6d-034ded
93c1e1","path":"/throws","error":"Intentional test error"}
{"timestamp":"2026-04-09T16:04:59.806Z","level":"error","msg":"r
equest","request_id":"76fffaeb-1cdc-4687-9a6d-034ded93c1e1","met
hod":"GET","path":"/throws","status":500,"duration_ms":1}
{"timestamp":"2026-04-09T16:04:59.809Z","level":"info","msg":"request","request_id":"4e74cf7b-1380-488e-8d63-4153bcacf9f8","method":"GET","path":"/echo","status":200,"duration_ms":1}
{"timestamp":"2026-04-09T16:04:59.811Z","level":"warn","msg":"request","request_id":"ee7d7edb-9ae1-44d7-b1b7-7dcd0ba96aa9","method":"GET","path":"/error-shape","status":422,"duration_ms":0}
{"timestamp":"2026-04-09T16:04:59.814Z","level":"warn","msg":"request","request_id":"2b84fa73-9901-4ea5-91b8-6dcb586cfd38","method":"GET","path":"/error-shape","status":422,"duration_ms":1}
{"timestamp":"2026-04-09T16:04:59.817Z","level":"info","msg":"request","request_id":"3a6420f4-150d-402d-8475-6fea7bc550c0","method":"GET","path":"/echo","status":200,"duration_ms":1}
{"timestamp":"2026-04-09T16:04:59.822Z","level":"info","msg":"request","request_id":"5dbb8c75-b363-4df1-b80b-3f4470ff23cb","method":"POST","path":"/status/201","status":201,"duration_ms":0}
{"timestamp":"2026-04-09T16:04:59.825Z","level":"info","msg":"request","request_id":"b16ad695-5cbe-4945-8e31-4e849849365b","method":"GET","path":"/echo","status":200,"duration_ms":1}
{"timestamp":"2026-04-09T16:04:59.827Z","level":"info","msg":"request","request_id":"04544bd8-598a-422c-97b6-bfe701cf1e09","method":"GET","path":"/echo","status":200,"duration_ms":0}
{"timestamp":"2026-04-09T16:04:59.829Z","level":"info","msg":"request","request_id":"5be63fab-3090-4dc1-9e25-10717c0e9041","method":"GET","path":"/echo","status":200,"duration_ms":1}
{"timestamp":"2026-04-09T16:04:59.834Z","level":"info","msg":"request","request_id":"fa0cf0a9-6173-4db7-8dfd-3be804dfb76a","method":"GET","path":"/echo","status":200,"duration_ms":0}
{"timestamp":"2026-04-09T16:04:59.837Z","level":"info","msg":"request","request_id":"53dce747-cd69-406c-92f5-d6b14f628396","method":"GET","path":"/echo","status":200,"duration_ms":1}
{"timestamp":"2026-04-09T16:04:59.843Z","level":"info","msg":"request","request_id":"d26461f0-1ff8-48d9-b64a-8311d5d04a74","method":"GET","path":"/echo","status":200,"duration_ms":1}
{"timestamp":"2026-04-09T16:04:59.850Z","level":"info","msg":"request","request_id":"4860bc84-1083-4745-b5e7-85528e7cdccf","method":"POST","path":"/echo","status":200,"duration_ms":5}
{"timestamp":"2026-04-09T16:04:59.852Z","level":"info","msg":"request","request_id":"22fd1f1d-3bf2-4225-a4e6-65a9a069e78e","method":"POST","path":"/echo","status":200,"duration_ms":0}
{"timestamp":"2026-04-09T16:04:59.856Z","level":"info","msg":"request","request_id":"ff240677-49dc-4562-8962-538d4136f347","method":"POST","path":"/echo","status":200,"duration_ms":2}
{"timestamp":"2026-04-09T16:04:59.860Z","level":"info","msg":"request","request_id":"8a500417-4183-46bf-af78-d9512d37e1a7","method":"GET","path":"/echo?foo=bar&baz=1","status":200,"duration_ms":1}
{"timestamp":"2026-04-09T16:04:59.862Z","level":"info","msg":"request","request_id":"59471d71-06a0-4b33-ad36-7adfd1af8dbc","method":"GET","path":"/items/42?include=meta","status":200,"duration_ms":1}
 [32mΓ£ô[39m apps/api/src/router.test.ts [2m([22m[2m30 tests[22m[2m)[22m[33m 360[2mms[22m[39m
{"timestamp":"2026-04-09T16:05:00.291Z","level":"info","msg":"server_start","port":44411,"service":"axis-api"}
{"timestamp":"2026-04-09T16:05:00.299Z","level":"info","msg":"server_start","port":44493,"service":"axis-api"}
{"timestamp":"2026-04-09T16:05:00.435Z","level":"warn","msg":"request","request_id":"f9ca8394-eda1-4acf-8671-160d4237556e","method":"DELETE","path":"/v1/account/webhooks/wh_nonexistent","status":404,"duration_ms":6}
{"timestamp":"2026-04-09T16:05:00.436Z","level":"warn","msg":"request","request_id":"cbde6587-44d0-4e73-bba9-becbaad0cc2d","method":"POST","path":"/v1/snapshots","status":400,"duration_ms":8}
{"timestamp":"2026-04-09T16:05:00.447Z","level":"warn","msg":"request","request_id":"5d38cf55-86c4-4013-ad88-6b828a0704bb","method":"POST","path":"/v1/snapshots","status":400,"duration_ms":1}
{"timestamp":"2026-04-09T16:05:00.448Z","level":"warn","msg":"request","request_id":"40cf9efc-6bcd-4089-8b26-6563c7fd4a7a","method":"POST","path":"/v1/account/webhooks/wh_nonexistent/toggle","status":404,"duration_ms":2}
{"timestamp":"2026-04-09T16:05:00.453Z","level":"warn","msg":"request","request_id":"4f8775d4-350f-4046-9ce6-c26f1a029698","method":"POST","path":"/v1/snapshots","status":400,"duration_ms":2}
{"timestamp":"2026-04-09T16:05:00.454Z","level":"warn","msg":"request","request_id":"a2fc24e5-67de-436b-b7f8-b6ae89944749","method":"GET","path":"/v1/account/webhooks/wh_nonexistent/deliveries","status":404,"duration_ms":2}
{"timestamp":"2026-04-09T16:05:00.458Z","level":"warn","msg":"request","request_id":"229ac7db-aa67-4172-afb0-8816d93c477c","method":"POST","path":"/v1/debug/analyze","status":400,"duration_ms":1}
{"timestamp":"2026-04-09T16:05:00.460Z","level":"info","msg":"request","request_id":"38b06075-0be8-4f66-9698-62b13427f472","method":"GET","path":"/v1/account/webhooks/15ce1db7-39f6-44fd-bca8-868c4d8be7b6/deliveries?limit=999","status":200,"duration_ms":2}
{"timestamp":"2026-04-09T16:05:00.463Z","level":"warn","msg":"request","request_id":"454e5cc4-309c-44b6-81f7-25b3e923a85b","method":"POST","path":"/v1/skills/generate","status":400,"duration_ms":2}
{"timestamp":"2026-04-09T16:05:00.470Z","level":"warn","msg":"request","request_id":"f2b87876-5b49-4623-b888-6c7c277d9e3b","method":"POST","path":"/v1/search/export","status":400,"duration_ms":1}
{"timestamp":"2026-04-09T16:05:00.474Z","level":"warn","msg":"request","request_id":"e7fb4cd6-a692-4733-a8c7-9d6738e3c034","method":"POST","path":"/v1/debug/analyze","status":400,"duration_ms":1}
{"timestamp":"2026-04-09T16:05:00.475Z","level":"warn","msg":"request","request_id":"7c1efd97-d78e-44de-beaa-01449dc3b2e8","method":"POST","path":"/v1/account/webhooks/fe940723-9f3f-413d-8e2e-9c5d9b1f237b/toggle","status":400,"duration_ms":3}
{"timestamp":"2026-04-09T16:05:00.478Z","level":"warn","msg":"request","request_id":"ea488f49-3b51-4141-93c8-373f252c5b49","method":"POST","path":"/v1/accounts","status":400,"duration_ms":1}
{"timestamp":"2026-04-09T16:05:00.490Z","level":"warn","msg":"request","request_id":"9d353e48-9f39-47ea-ad8c-dd8c716062b6","method":"POST","path":"/v1/account/webhooks/6e98db61-4f83-422f-af75-9754bcbcc067/toggle","status":400,"duration_ms":3}
{"timestamp":"2026-04-09T16:05:00.491Z","level":"warn","msg":"request","request_id":"8184859d-4e1f-40b4-beb7-07fa5b33a334","method":"POST","path":"/v1/accounts","status":400,"duration_ms":2}
{"timestamp":"2026-04-09T16:05:00.495Z","level":"warn","msg":"request","request_id":"24e245ec-98d2-4235-aede-7db4f8522832","method":"DELETE","path":"/v1/account/webhooks/2a6fd73a-bccd-415c-98b7-bb5e1157519e","status":404,"duration_ms":1}
{"timestamp":"2026-04-09T16:05:00.502Z","level":"warn","msg":"request","request_id":"e3b1ae0a-3d5c-45aa-aec9-14448dcdf5c6","method":"POST","path":"/v1/accounts","status":400,"duration_ms":7}
{"timestamp":"2026-04-09T16:05:00.506Z","level":"warn","msg":"request","request_id":"ec011ca9-5b0f-49b6-8e02-128b2eb8379d","method":"POST","path":"/v1/account/tier","status":401,"duration_ms":1}
 [32mΓ£ô[39m packages/generator-core/src/pipeline.test.ts [2m([22m[2m12 tests[22m[2m)[22m[32m 273[2mms[22m[39m
{"timestamp":"2026-04-09T16:05:00.506Z","level":"warn","msg":"request","request_id":"2a9cd926-c5f1-40b8-8847-268cc7436194","method":"POST","path":"/v1/search/query","status":400,"duration_ms":2}
{"timestamp":"2026-04-09T16:05:00.510Z","level":"warn","msg":"request","request_id":"b9e1acca-7c4f-44f5-877f-4d32ce4d526c","method":"POST","path":"/v1/account/programs","status":401,"duration_ms":1}
{"timestamp":"2026-04-09T16:05:00.513Z","level":"warn","msg":"request","request_id":"54b22690-0257-407c-91f3-c153fd37fc94","method":"POST","path":"/v1/account/seats","status":401,"duration_ms":1}
{"timestamp":"2026-04-09T16:05:00.522Z","level":"info","msg":"request","request_id":"52147105-d1e7-4a9b-a0a6-876df94c15a0","method":"POST","path":"/v1/accounts","status":201,"duration_ms":6}
{"timestamp":"2026-04-09T16:05:00.514Z","level":"warn","msg":"request","request_id":"6a3074de-d0e7-48af-a8e0-69aad8b2153c","method":"POST","path":"/v1/search/query","status":400,"duration_ms":4}
{"timestamp":"2026-04-09T16:05:00.520Z","level":"warn","msg":"request","request_id":"ba4adcd9-79d2-4e8e-b285-c3bdca4cbbd8","method":"POST","path":"/v1/search/query","status":400,"duration_ms":1}
{"timestamp":"2026-04-09T16:05:00.525Z","level":"warn","msg":"request","request_id":"839a7847-8c7d-4801-b88a-9bd0412e2e6e","method":"POST","path":"/v1/account/programs","status":400,"duration_ms":2}
{"timestamp":"2026-04-09T16:05:00.528Z","level":"warn","msg":"request","request_id":"b3a59638-ac94-4140-b08d-89e126b059a6","method":"POST","path":"/v1/account/github-token","status":400,"duration_ms":1}
{"timestamp":"2026-04-09T16:05:00.531Z","level":"warn","msg":"request","request_id":"69512bf5-aeb3-4076-bdb0-071acc4ba090","method":"POST","path":"/v1/account/programs","status":400,"duration_ms":1}
{"timestamp":"2026-04-09T16:05:00.535Z","level":"warn","msg":"request","request_id":"589dfca5-a069-499c-b601-9ee3745daa58","method":"POST","path":"/v1/account/github-token","status":400,"duration_ms":1}
{"timestamp":"2026-04-09T16:05:00.538Z","level":"warn","msg":"request","request_id":"2bdc6bc6-98f8-4bba-b7e1-68ce26d4d2ad","method":"GET","path":"/v1/admin/stats","status":401,"duration_ms":1}
{"timestamp":"2026-04-09T16:05:00.542Z","level":"info","msg":"request","request_id":"9313ba87-0be6-49ad-81e8-d6a909aa9272","method":"GET","path":"/v1/admin/accounts?limit=5&offset=0","status":200,"duration_ms":3}
{"timestamp":"2026-04-09T16:05:00.546Z","level":"info","msg":"request","request_id":"6cf40cfc-fc89-4901-9e79-8c78dc922ed9","method":"GET","path":"/v1/admin/activity?limit=10","status":200,"duration_ms":2}
{"timestamp":"2026-04-09T16:05:00.547Z","level":"info","msg":"request","request_id":"5d639a08-2b7c-4c97-ad47-786eaf7eef7d","method":"POST","path":"/v1/snapshots","status":201,"duration_ms":23}
{"timestamp":"2026-04-09T16:05:00.550Z","level":"warn","msg":"request","request_id":"bbf55936-3119-4b64-a848-12e7c386c4bd","method":"POST","path":"/v1/account/seats","status":400,"duration_ms":2}
{"timestamp":"2026-04-09T16:05:00.553Z","level":"warn","msg":"request","request_id":"89021abb-1b50-475d-aad4-2483e86b0bdb","method":"POST","path":"/v1/account/seats","status":400,"duration_ms":1}
 [32mΓ£ô[39m apps/api/src/validation.test.ts [2m([22m[2m15 tests[22m[2m)[22m[33m 333[2mms[22m[39m
 [32mΓ£ô[39m apps/api/src/api-layer5.test.ts [2m([22m[2m19 tests[22m[2m)[22m[33m 315[2mms[22m[39m
{"timestamp":"2026-04-09T16:05:01.063Z","level":"info","msg":"server_start","port":44399,"service":"axis-api"}
{"timestamp":"2026-04-09T16:05:01.220Z","level":"info","msg":"request","request_id":"346ec807-d592-488b-ba05-fa0e313d4233","method":"GET","path":"/v1/health","status":200,"duration_ms":8}
{"timestamp":"2026-04-09T16:05:01.232Z","level":"info","msg":"request","request_id":"35fa4147-f662-4438-a609-c2ec8c4b3b1e","method":"GET","path":"/v1/health","status":200,"duration_ms":1}
{"timestamp":"2026-04-09T16:05:01.237Z","level":"info","msg":"request","request_id":"cc2cfbe4-5dc7-4c8c-b7f6-2033080ea67b","method":"GET","path":"/v1/health","status":200,"duration_ms":1}
{"timestamp":"2026-04-09T16:05:01.242Z","level":"warn","msg":"request","request_id":"71420cd0-7667-405e-8882-11d2f8302563","method":"GET","path":"/v1/nonexistent","status":404,"duration_ms":1}
{"timestamp":"2026-04-09T16:05:01.251Z","level":"warn","msg":"request","request_id":"21891c8b-8ab6-472e-bae0-53e9d028e46c","method":"GET","path":"/v1/nonexistent","status":404,"duration_ms":6}
{"timestamp":"2026-04-09T16:05:01.256Z","level":"warn","msg":"request","request_id":"d2f2e532-af89-4c57-9d58-a8a08375cf20","method":"GET","path":"/v1/nonexistent","status":404,"duration_ms":1}
{"timestamp":"2026-04-09T16:05:01.264Z","level":"warn","msg":"request","request_id":"e06dc448-a783-4e40-9128-47a2dc3576cd","method":"POST","path":"/v1/snapshots","status":400,"duration_ms":3}
{"timestamp":"2026-04-09T16:05:01.269Z","level":"warn","msg":"request","request_id":"9672ef8a-3590-451b-83eb-8fb0d168ca8b","method":"POST","path":"/v1/snapshots","status":400,"duration_ms":1}
{"timestamp":"2026-04-09T16:05:01.273Z","level":"info","msg":"request","request_id":"3c90351e-e668-43aa-b3de-35243ddad1f8","method":"GET","path":"/v1/health","status":200,"duration_ms":1}
{"timestamp":"2026-04-09T16:05:01.276Z","level":"info","msg":"request","request_id":"f9489190-d5a5-4d27-a5db-285b71d98b2e","method":"GET","path":"/v1/health","status":200,"duration_ms":0}
 [32mΓ£ô[39m apps/api/src/logging.test.ts [2m([22m[2m14 tests[22m[2m)[22m[32m 268[2mms[22m[39m
 [32mΓ£ô[39m apps/api/src/search-api.test.ts [2m([22m[2m13 tests[22m[2m)[22m[33m 329[2mms[22m[39m
 [32mΓ£ô[39m packages/generator-core/src/generate-programs.test.ts [2m([22m[2m97 tests[22m[2m)[22m[32m 279[2mms[22m[39m
{"timestamp":"2026-04-09T16:05:01.408Z","level":"info","msg":"server_start","port":44500,"service":"axis-api"}
{"timestamp":"2026-04-09T16:05:01.553Z","level":"warn","msg":"request","request_id":"b5caabee-09af-4a55-92b6-c9ba01ac90d4","method":"POST","path":"/v1/webhooks/lemonsqueezy","status":401,"duration_ms":8}
{"timestamp":"2026-04-09T16:05:01.567Z","level":"warn","msg":"request","request_id":"29bb6584-1805-455a-be17-443ca5931b94","method":"POST","path":"/v1/webhooks/lemonsqueezy","status":401,"duration_ms":4}
{"timestamp":"2026-04-09T16:05:01.577Z","level":"info","msg":"request","request_id":"375d5bfd-37c7-46cd-9250-2eba6bc773b3","method":"POST","path":"/v1/accounts","status":201,"duration_ms":5}
{"timestamp":"2026-04-09T16:05:01.587Z","level":"info","msg":"request","request_id":"1d391a53-3f93-459d-a745-82891adb1748","method":"POST","path":"/v1/webhooks/lemonsqueezy","status":200,"duration_ms":6}
{"timestamp":"2026-04-09T16:05:01.594Z","level":"info","msg":"request","request_id":"aa548f37-a77c-4f8a-a2f8-c2b83d70ffdb","method":"POST","path":"/v1/webhooks/lemonsqueezy","status":200,"duration_ms":2}
{"timestamp":"2026-04-09T16:05:01.606Z","level":"warn","msg":"request","request_id":"49dd585e-b62a-4c72-acf0-0e89c2753e9c","method":"POST","path":"/v1/webhooks/lemonsqueezy","status":400,"duration_ms":1}
{"timestamp":"2026-04-09T16:05:01.610Z","level":"warn","msg":"request","request_id":"12805968-f029-4cd9-a125-2ce8c2fc5bb1","method":"GET","path":"/v1/account/subscription","status":401,"duration_ms":1}
{"timestamp":"2026-04-09T16:05:01.618Z","level":"info","msg":"request","request_id":"55d6508b-5a7c-4d90-be40-0ce6e884e9d0","method":"POST","path":"/v1/accounts","status":201,"duration_ms":6}
{"timestamp":"2026-04-09T16:05:01.623Z","level":"info","msg":"request","request_id":"13863dcb-455f-45e2-81f9-f06494979a86","method":"POST","path":"/v1/webhooks/lemonsqueezy","status":200,"duration_ms":3}
{"timestamp":"2026-04-09T16:05:01.628Z","level":"info","msg":"request","request_id":"27e90ea7-b859-4aa9-b023-b1dceb3579c5","method":"GET","path":"/v1/account/subscription","status":200,"duration_ms":1}
{"timestamp":"2026-04-09T16:05:01.636Z","level":"info","msg":"request","request_id":"2ff132bd-e669-4973-b6d0-22b47cd9b83e","method":"POST","path":"/v1/accounts","status":201,"duration_ms":2}
{"timestamp":"2026-04-09T16:05:01.641Z","level":"info","msg":"request","request_id":"179bdfe5-6431-418d-9b56-fa96e9f3c573","method":"GET","path":"/v1/account/subscription","status":200,"duration_ms":1}
 [32mΓ£ô[39m apps/api/src/lemonsqueezy.test.ts [2m([22m[2m8 tests[22m[2m)[22m[32m 293[2mms[22m[39m
 [32mΓ£ô[39m packages/generator-core/src/generator-sourcefile-branches9.test.ts [2m([22m[2m53 tests[22m[2m)[22m[32m 233[2mms[22m[39m
 [32mΓ£ô[39m packages/generator-core/src/generator-sourcefile-branches8.test.ts [2m([22m[2m60 tests[22m[2m)[22m[33m 326[2mms[22m[39m
{"timestamp":"2026-04-09T16:05:02.263Z","level":"info","msg":"server_start","port":44428,"service":"axis-api"}
{"timestamp":"2026-04-09T16:05:02.408Z","level":"info","msg":"request","request_id":"9e644d66-11e4-49b0-bf4f-fb1dffd7451e","method":"GET","path":"/v1/account/quota","status":200,"duration_ms":6}
{"timestamp":"2026-04-09T16:05:02.438Z","level":"info","msg":"request","request_id":"5893bcb5-4b99-4748-83db-505e22eb68bd","method":"POST","path":"/v1/accounts","status":201,"duration_ms":7}
{"timestamp":"2026-04-09T16:05:02.445Z","level":"info","msg":"request","request_id":"cd3ceda7-a293-458a-a373-1b81cb47115b","method":"GET","path":"/v1/account/quota","status":200,"duration_ms":4}
{"timestamp":"2026-04-09T16:05:02.451Z","level":"info","msg":"request","request_id":"875229b4-03be-4a71-b480-6fe21818dcc8","method":"GET","path":"/v1/health","status":200,"duration_ms":1}
{"timestamp":"2026-04-09T16:05:02.457Z","level":"info","msg":"request","request_id":"0c59dbf5-444a-4c9c-b0bd-689f982e3d22","method":"GET","path":"/v1/health","status":200,"duration_ms":1}
{"timestamp":"2026-04-09T16:05:02.462Z","level":"info","msg":"request","request_id":"89252268-9bf6-4a8d-b6a6-a651d6c21ded","method":"GET","path":"/v1/account/quota","status":200,"duration_ms":1}
{"timestamp":"2026-04-09T16:05:02.466Z","level":"info","msg":"request","request_id":"d5e0bd20-6e01-4c2d-8454-02705b21a023","method":"GET","path":"/v1/account/quota","status":200,"duration_ms":1}
 [32mΓ£ô[39m apps/api/src/quota.test.ts [2m([22m[2m4 tests[22m[2m)[22m[32m 262[2mms[22m[39m
 [32mΓ£ô[39m packages/generator-core/src/generator-sourcefile-branches11.test.ts [2m([22m[2m33 tests[22m[2m)[22m[32m 245[2mms[22m[39m
 [32mΓ£ô[39m packages/generator-core/src/generator-sourcefile-branches7.test.ts [2m([22m[2m67 tests[22m[2m)[22m[32m 225[2mms[22m[39m
 [32mΓ£ô[39m packages/generator-core/src/generator-sourcefile-branches10.test.ts [2m([22m[2m57 tests[22m[2m)[22m[32m 214[2mms[22m[39m
 [32mΓ£ô[39m packages/generator-core/src/generator-sourcefile-branches5.test.ts [2m([22m[2m39 tests[22m[2m)[22m[32m 223[2mms[22m[39m
 [32mΓ£ô[39m packages/generator-core/src/generator-alt-profiles.test.ts [2m([22m[2m20 tests[22m[2m)[22m[32m 180[2mms[22m[39m
 [32mΓ£ô[39m packages/generator-core/src/generator-sourcefile-branches3.test.ts [2m([22m[2m36 tests[22m[2m)[22m[32m 206[2mms[22m[39m
 [32mΓ£ô[39m packages/generator-core/src/generator-sourcefile-branches12.test.ts [2m([22m[2m26 tests[22m[2m)[22m[32m 160[2mms[22m[39m
 [32mΓ£ô[39m packages/snapshots/src/github-token-branches.test.ts [2m([22m[2m7 tests[22m[2m)[22m[32m 161[2mms[22m[39m
 [32mΓ£ô[39m packages/snapshots/src/store-layer5.test.ts [2m([22m[2m8 tests[22m[2m)[22m[32m 190[2mms[22m[39m
 [32mΓ£ô[39m packages/generator-core/src/generator-sourcefile-branches4.test.ts [2m([22m[2m33 tests[22m[2m)[22m[32m 194[2mms[22m[39m
 [32mΓ£ô[39m packages/context-engine/src/engine-branches.test.ts [2m([22m[2m60 tests[22m[2m)[22m[32m 168[2mms[22m[39m
[90mstdout[2m | apps/cli/src/cli-pipeline.test.ts
[22m[39mScanning C:\Users\lastm\No Fate Platform\AXIS Toolbox ...

[90mstderr[2m | apps/cli/src/cli-pipeline.test.ts
[22m[39mNo source files found in target directory.

{"timestamp":"2026-04-09T16:05:04.795Z","level":"info","msg":"server_start","port":44410,"service":"axis-api"}
{"timestamp":"2026-04-09T16:05:04.819Z","level":"error","msg":"r
equest","request_id":"7482af2f-4494-4cec-b6ad-0f3d7926e9bf","met
hod":"GET","path":"/v1/auth/github","status":503,"duration_ms":7
}
{"timestamp":"2026-04-09T16:05:04.839Z","level":"info","msg":"request","request_id":"d447e2b5-de50-4ee2-a199-55a28da4cb1b","method":"GET","path":"/v1/auth/github","status":302,"duration_ms":2}
{"timestamp":"2026-04-09T16:05:04.845Z","level":"error","msg":"r
equest","request_id":"5ff661d4-8f05-4d01-9458-1fe5bdfcc3c9","met
hod":"GET","path":"/v1/auth/github/callback?code=abc&state=xyz",
"status":503,"duration_ms":2}
{"timestamp":"2026-04-09T16:05:04.850Z","level":"warn","msg":"request","request_id":"7d264fe4-b0d7-413b-b809-1c230004e22b","method":"GET","path":"/v1/auth/github/callback","status":400,"duration_ms":1}
[90mstdout[2m | apps/cli/src/cli-commands.test.ts
[22m[39mScanning C:\Users\lastm\No Fate Platform\AXIS Toolbox ...

[90mstderr[2m | apps/cli/src/cli-commands.test.ts
[22m[39mNo source files found in target directory.

{"timestamp":"2026-04-09T16:05:04.856Z","level":"warn","msg":"request","request_id":"3867328c-0a95-4118-a37c-0132acf4b39c","method":"GET","path":"/v1/auth/github/callback?code=abc&state=bad-state","status":400,"duration_ms":2}
{"timestamp":"2026-04-09T16:05:04.860Z","level":"info","msg":"request","request_id":"3ad42e7c-60ff-4a10-8e50-106cde28a667","method":"GET","path":"/v1/auth/github/callback?error=access_denied&error_description=User+denied","status":302,"duration_ms":1}
{"timestamp":"2026-04-09T16:05:04.864Z","level":"info","msg":"request","request_id":"f6751944-eda3-4eef-a6ae-4f6ae65ed150","method":"GET","path":"/v1/auth/github/callback?error=access_denied","status":302,"duration_ms":0}
{"timestamp":"2026-04-09T16:05:04.881Z","level":"info","msg":"request","request_id":"cb1d9a04-04c8-4cfc-a4d1-0519da9be159","method":"GET","path":"/v1/auth/github/callback?code=valid_code&state=608bdc723f1273a81c54af4fee6dcf1b9d5e73ac418c700da812965c562ccff4","status":302,"duration_ms":7}
{"timestamp":"2026-04-09T16:05:04.888Z","level":"info","msg":"request","request_id":"12028ffb-0dd1-49c1-8f41-c47e4ab3d932","method":"GET","path":"/v1/auth/github/callback?code=bad_code&state=ec51d618a8369f7d75fd2ea266bd3a59a48a1d8125cebd00cb32a9ef59ec7ccb","status":302,"duration_ms":2}
{"timestamp":"2026-04-09T16:05:04.895Z","level":"info","msg":"request","request_id":"437c2d22-5091-4859-a65a-390021c17a4a","method":"GET","path":"/v1/auth/github/callback?code=x&state=2854aaede5a3c0c9833cf002153c40fcff696fe980b2edc7f1508e771f6dac6c","status":302,"duration_ms":2}
 [32mΓ£ô[39m apps/api/src/oauth.test.ts [2m([22m[2m10 tests[22m[2m)[22m[32m 163[2mms[22m[39m
 [32mΓ£ô[39m apps/cli/src/cli-pipeline.test.ts [2m([22m[2m15 tests[22m[2m)[22m[32m 268[2mms[22m[39m
 [32mΓ£ô[39m apps/cli/src/cli-commands.test.ts [2m([22m[2m20 tests[22m[2m)[22m[32m 127[2mms[22m[39m
 [32mΓ£ô[39m packages/context-engine/src/engine-branches3.test.ts [2m([22m[2m8 tests[22m[2m)[22m[32m 94[2mms[22m[39m
{"timestamp":"2026-04-09T16:05:05.604Z","level":"info","msg":"server_start","port":44507,"service":"axis-api"}
{"timestamp":"2026-04-09T16:05:05.625Z","level":"info","msg":"request","request_id":"e9e59b36-19f7-4381-b331-134f10e4fded","method":"GET","path":"/v1/health","status":200,"duration_ms":7}
{"timestamp":"2026-04-09T16:05:05.639Z","level":"info","msg":"server_start","port":44507,"service":"axis-api"}
 [32mΓ£ô[39m apps/api/src/crash-resilience.test.ts [2m([22m[2m11 tests[22m[2m)[22m[32m 148[2mms[22m[39m
 [32mΓ£ô[39m apps/cli/src/determinism.test.ts [2m([22m[2m6 tests[22m[2m)[22m[32m 127[2mms[22m[39m
 [32mΓ£ô[39m packages/generator-core/src/generate.test.ts [2m([22m[2m105 tests[22m[2m)[22m[32m 166[2mms[22m[39m
 [32mΓ£ô[39m packages/context-engine/src/engine-edge.test.ts [2m([22m[2m16 tests[22m[2m)[22m[32m 114[2mms[22m[39m
 [32mΓ£ô[39m packages/snapshots/src/github-tarball.test.ts [2m([22m[2m41 tests[22m[2m)[22m[32m 121[2mms[22m[39m
 [32mΓ£ô[39m packages/repo-parser/src/parser.test.ts [2m([22m[2m21 tests[22m[2m)[22m[32m 105[2mms[22m[39m
 [32mΓ£ô[39m packages/context-engine/src/engine-branches2.test.ts [2m([22m[2m13 tests[22m[2m)[22m[32m 100[2mms[22m[39m
 [32mΓ£ô[39m packages/repo-parser/src/parser-branches3.test.ts [2m([22m[2m18 tests[22m[2m)[22m[32m 102[2mms[22m[39m
 [32mΓ£ô[39m packages/repo-parser/src/sql-extractor.test.ts [2m([22m[2m21 tests[22m[2m)[22m[32m 103[2mms[22m[39m
 [32mΓ£ô[39m packages/repo-parser/src/parser-branches2.test.ts [2m([22m[2m9 tests[22m[2m)[22m[32m 92[2mms[22m[39m
 [32mΓ£ô[39m packages/repo-parser/src/domain-extractor.test.ts [2m([22m[2m17 tests[22m[2m)[22m[32m 115[2mms[22m[39m
 [32mΓ£ô[39m packages/snapshots/src/funnel-store.test.ts [2m([22m[2m7 tests[22m[2m)[22m[32m 113[2mms[22m[39m
 [32mΓ£ô[39m apps/web/src/api.test.ts [2m([22m[2m40 tests[22m[2m)[22m[32m 95[2mms[22m[39m
 [32mΓ£ô[39m packages/snapshots/src/github-http.test.ts [2m([22m[2m16 tests[22m[2m)[22m[32m 87[2mms[22m[39m
 [32mΓ£ô[39m packages/repo-parser/src/parser-branches.test.ts [2m([22m[2m49 tests[22m[2m)[22m[32m 99[2mms[22m[39m
 [32mΓ£ô[39m apps/api/src/openapi.test.ts [2m([22m[2m31 tests[22m[2m)[22m[32m 77[2mms[22m[39m
 [32mΓ£ô[39m packages/generator-core/src/generator-sourcefile-branches6.test.ts [2m([22m[2m40 tests[22m[2m)[22m[32m 97[2mms[22m[39m
 [32mΓ£ô[39m apps/api/src/env.test.ts [2m([22m[2m23 tests[22m[2m)[22m[32m 48[2mms[22m[39m
 [32mΓ£ô[39m packages/context-engine/src/engine.test.ts [2m([22m[2m31 tests[22m[2m)[22m[32m 49[2mms[22m[39m
 [32mΓ£ô[39m apps/cli/src/credential-store.test.ts [2m([22m[2m18 tests[22m[2m)[22m[32m 52[2mms[22m[39m
 [32mΓ£ô[39m packages/repo-parser/src/framework-detector.test.ts [2m([22m[2m33 tests[22m[2m)[22m[32m 62[2mms[22m[39m
 [32mΓ£ô[39m apps/api/src/deployment.test.ts [2m([22m[2m35 tests[22m[2m)[22m[32m 34[2mms[22m[39m
 [32mΓ£ô[39m packages/generator-core/src/generator-sourcefile-branches.test.ts [2m([22m[2m54 tests[22m[2m)[22m[32m 45[2mms[22m[39m
 [32mΓ£ô[39m packages/repo-parser/src/import-resolver.test.ts [2m([22m[2m20 tests[22m[2m)[22m[32m 37[2mms[22m[39m
 [32mΓ£ô[39m packages/generator-core/src/generator-sourcefile-branches2.test.ts [2m([22m[2m53 tests[22m[2m)[22m[32m 47[2mms[22m[39m
[90mstderr[2m | apps/cli/src/cli-auth.test.ts
[22m[39mNo source files found in target directory.
[90mstdout[2m | apps/cli/src/cli-auth.test.ts
[22m[39mScanning C:\Users\lastm\No Fate Platform\AXIS Toolbox ...


 [32mΓ£ô[39m apps/cli/src/cli-auth.test.ts [2m([22m[2m15 tests[22m[2m)[22m[32m 43[2mms[22m[39m
 [32mΓ£ô[39m apps/web/src/upload-utils.test.ts [2m([22m[2m24 tests[22m[2m)[22m[32m 43[2mms[22m[39m
 [32mΓ£ô[39m apps/cli/src/runner.test.ts [2m([22m[2m22 tests[22m[2m)[22m[32m 32[2mms[22m[39m
 [32mΓ£ô[39m packages/generator-core/src/generators-search-funcs.test.ts [2m([22m[2m13 tests[22m[2m)[22m[32m 33[2mms[22m[39m
 [32mΓ£ô[39m apps/api/src/logger.test.ts [2m([22m[2m9 tests[22m[2m)[22m[32m 30[2mms[22m[39m
 [32mΓ£ô[39m packages/repo-parser/src/language-detector.test.ts [2m([22m[2m22 tests[22m[2m)[22m[32m 25[2mms[22m[39m
 [32mΓ£ô[39m apps/api/src/metrics-branches.test.ts [2m([22m[2m3 tests[22m[2m)[22m[32m 12[2mms[22m[39m
 [32mΓ£ô[39m apps/api/src/github.test.ts [2m([22m[2m10 tests[22m[2m)[22m[32m 18[2mms[22m[39m

[2m Test Files [22m [1m[32m110 passed[39m[22m[90m (110)[39m
[2m      Tests [22m [1m[32m3082 passed[39m[22m[90m (3082)[39m
[2m   Start at [22m 11:04:38
[2m   Duration [22m 32.60s[2m (transform 19.77s, setup 0ms, import 49.17s, tests 56.47s, environment 52ms)[22m

